Archive member included because of file (symbol)

/home/osek/nxtOSEK/ecrobot/../ecrobot/libecrobot.a(ecrobot_interface.o)
                              build/follower.o (ecrobot_init_sonar_sensor)
/home/osek/nxtOSEK/ecrobot/../ecrobot/libecrobot.a(colorsensor.o)
                              /home/osek/nxtOSEK/ecrobot/../ecrobot/libecrobot.a(ecrobot_interface.o) (colorsensor_init)
/home/osek/nxtOSEK/ecrobot/../ecrobot/libecrobot.a(osek_hook.o)
                              build/kernel/osctl.o (StartupHook)
/home/osek/nxtOSEK/ecrobot/../ecrobot/libecrobot.a(uart.oram)
                              build/config/at91sam7s-gnu/irq.oram (uart_isr_C_0)
/home/osek/nxtOSEK/ecrobot/../ecrobot/libecrobot.a(systick.oram)
                              build/syslib/at91sam7s-gnu/lego_nxt/hw_sys_timer.oram (systick_low_priority_C)
/home/osek/nxtOSEK/ecrobot/../ecrobot/libecrobot.a(byte_fifo.oram)
                              /home/osek/nxtOSEK/ecrobot/../ecrobot/libecrobot.a(uart.oram) (byte_fifo_put)
/home/osek/nxtOSEK/ecrobot/../ecrobot/libecrobot.a(aic.oram)
                              /home/osek/nxtOSEK/ecrobot/../ecrobot/libecrobot.a(uart.oram) (aic_set_vector)
/home/osek/nxtOSEK/ecrobot/../ecrobot/libecrobot.a(udp.oram)
                              build/config/at91sam7s-gnu/irq.oram (udp_isr_C)
/home/osek/nxtOSEK/ecrobot/../ecrobot/libecrobot.a(twi.oram)
                              build/config/at91sam7s-gnu/irq.oram (twi_isr_C)
/home/osek/nxtOSEK/ecrobot/../ecrobot/libecrobot.a(nxt_spi.oram)
                              build/config/at91sam7s-gnu/irq.oram (spi_isr_C)
/home/osek/nxtOSEK/ecrobot/../ecrobot/libecrobot.a(nxt_motors.oram)
                              build/follower.o (nxt_motor_get_count)
/home/osek/nxtOSEK/ecrobot/../ecrobot/libecrobot.a(data_abort.oram)
                              build/ecrobot_init.o (data_abort_C)
/home/osek/nxtOSEK/ecrobot/../ecrobot/libecrobot.a(display.oram)
                              build/ecrobot_base.o (display_update)
/home/osek/nxtOSEK/ecrobot/../ecrobot/libecrobot.a(i2c.oram)
                              build/config/at91sam7s-gnu/irq.oram (i2c_timer_isr_C)
/home/osek/nxtOSEK/ecrobot/../ecrobot/libecrobot.a(sound.oram)
                              /home/osek/nxtOSEK/ecrobot/../ecrobot/libecrobot.a(ecrobot_interface.o) (sound_get_time)
/home/osek/nxtOSEK/ecrobot/../ecrobot/libecrobot.a(bt.oram)
                              build/ecrobot_bluetooth.o (bt_send)
/home/osek/nxtOSEK/ecrobot/../ecrobot/libecrobot.a(nxt_avr.oram)
                              build/ecrobot_base.o (nxt_avr_power_down)
/home/osek/nxtOSEK/ecrobot/../ecrobot/libecrobot.a(sensors.oram)
                              /home/osek/nxtOSEK/ecrobot/../ecrobot/libecrobot.a(ecrobot_interface.o) (unset_digi0)
/home/osek/nxtOSEK/ecrobot/../ecrobot/libecrobot.a(sensors1.oram)
                              /home/osek/nxtOSEK/ecrobot/../ecrobot/libecrobot.a(colorsensor.o) (sensor_pins)
/home/osek/nxtOSEK/ecrobot/../ecrobot/libecrobot.a(nxt_lcd.oram)
                              /home/osek/nxtOSEK/ecrobot/../ecrobot/libecrobot.a(display.oram) (nxt_lcd_force_update)
/home/osek/nxtOSEK/ecrobot/../ecrobot/libecrobot.a(flash_loader.oram)
                              build/ecrobot.o (set_flash_request)
/home/osek/nxtOSEK/ecrobot/../ecrobot/libecrobot.a(interrupts.oram)
                              /home/osek/nxtOSEK/ecrobot/../ecrobot/libecrobot.a(uart.oram) (interrupts_get_and_disable)
/home/osek/nxtOSEK/ecrobot/../ecrobot/libecrobot.a(nxtosek_splash.obmp)
                              build/ecrobot_base.o (nxtosek_splash_bmp_start)
/home/osek/nxtOSEK/ecrobot/../ecrobot/libecrobot.a(ecrobot_usb.o)
                              /home/osek/nxtOSEK/ecrobot/../ecrobot/libecrobot.a(flash_loader.oram) (ecrobot_init_usb)
/home/osek/nxtOSEK/ecrobot/../ecrobot/libecrobot.a(flashprog.oram)
                              /home/osek/nxtOSEK/ecrobot/../ecrobot/libecrobot.a(flash_loader.oram) (flash_write_page)
/home/osek/gnuarm/lib/gcc/arm-elf/4.4.2/thumb/interwork/libgcc.a(_udivsi3.o)
                              build/ecrobot_base.o (__udivsi3)
/home/osek/gnuarm/lib/gcc/arm-elf/4.4.2/thumb/interwork/libgcc.a(_divsi3.o)
                              build/follower.o (__divsi3)
/home/osek/gnuarm/lib/gcc/arm-elf/4.4.2/thumb/interwork/libgcc.a(_umodsi3.o)
                              /home/osek/nxtOSEK/ecrobot/../ecrobot/libecrobot.a(display.oram) (__umodsi3)
/home/osek/gnuarm/lib/gcc/arm-elf/4.4.2/thumb/interwork/libgcc.a(_modsi3.o)
                              /home/osek/nxtOSEK/ecrobot/../ecrobot/libecrobot.a(sound.oram) (__modsi3)
/home/osek/gnuarm/lib/gcc/arm-elf/4.4.2/thumb/interwork/libgcc.a(_dvmd_tls.o)
                              /home/osek/gnuarm/lib/gcc/arm-elf/4.4.2/thumb/interwork/libgcc.a(_udivsi3.o) (__div0)
/home/osek/gnuarm/lib/gcc/arm-elf/4.4.2/thumb/interwork/libgcc.a(_arm_addsubdf3.o)
                              build/follower.o (__subdf3)
[...]
Memory Configuration

Name             Origin             Length             Attributes
vector_ram       0x00200000         0x00000040
ram              0x00200040         0x0000ffc0
*default*        0x00000000         0xffffffff

Linker script and memory map

LOAD build/kernel/alarm.o
LOAD build/kernel/event.o
LOAD build/kernel/interrupt.o
LOAD build/kernel/osctl.o
LOAD build/kernel/resource.o
LOAD build/kernel/task.o
LOAD build/kernel/task_manage.o
LOAD build/config/at91sam7s-gnu/cpu_config.o
LOAD build/config/at91sam7s-gnu/lego_nxt/sys_config.o
LOAD build/./kernel_cfg.o
LOAD build/syscalls.o
LOAD build/ecrobot_bluetooth.o
LOAD build/ecrobot_base.o
LOAD build/ecrobot.o
LOAD build/follower.o
LOAD build/syslib/at91sam7s-gnu/lego_nxt/hw_sys_timer.oram
LOAD build/nxtvm/platform/nxt/vectors.o
LOAD build/config/at91sam7s-gnu/debug.o
LOAD build/config/at91sam7s-gnu/lego_nxt/sys_support.o
LOAD build/nxt_binary_header.o
LOAD build/nxt_entry_point.o
LOAD build/ecrobot_init.o
LOAD build/config/at91sam7s-gnu/cpu_support.oram
LOAD build/config/at91sam7s-gnu/irq.oram
LOAD /home/osek/nxtOSEK/ecrobot/../c++/liblejososek.a
LOAD /home/osek/nxtOSEK/ecrobot/../ecrobot/libecrobot.a
LOAD /home/osek/gnuarm/lib/gcc/arm-elf/4.4.2/../../../../arm-elf/lib/thumb/interwork/libstdc++.a
LOAD /home/osek/gnuarm/lib/gcc/arm-elf/4.4.2/../../../../arm-elf/lib/thumb/interwork/libm.a
START GROUP
LOAD /home/osek/gnuarm/lib/gcc/arm-elf/4.4.2/thumb/interwork/libgcc.a
LOAD /home/osek/gnuarm/lib/gcc/arm-elf/4.4.2/../../../../arm-elf/lib/thumb/interwork/libc.a
END GROUP
                0x00200000                RAM_BASE = 0x200000
                0x00010000                RAM_SIZE = 0x10000

.samba_reserved
                0x00200040     0x1fc0
                0x00202000                . = 0x1fc0
 *fill*         0x00200040     0x1fc0 00
                0x00200040                __samba_ram_start__ = ADDR (.samba_reserved)
                0x00202000                __samba_ram_end__ = (__samba_ram_start__ + SIZEOF (.samba_reserved))

.vectors        0x00200000       0x40 load address 0x00202000
 vectors.o(*.text *.text.*)
 .text          0x00200000       0x38 build/nxtvm/platform/nxt/vectors.o
                0x00200040                . = ALIGN (0x10)
 *fill*         0x00200038        0x8 00
                0x00200000                __vectors_ram_start__ = ADDR (.vectors)
                0x00200040                __vectors_ram_end__ = (ADDR (.vectors) + SIZEOF (.vectors))
                0x00202000                __vectors_load_start__ = LOADADDR (.vectors)
                0x00202040                __vectors_load_end__ = (LOADADDR (.vectors) + SIZEOF (.vectors))

.init           0x00202040      0x280
 *ecrobot_init.o(*.text *.text.*)
 .text          0x00202040      0x280 build/ecrobot_init.o
                0x00202040                start
                0x002021ac                undef_handler
                0x002021b0                swi_handler
                0x002021b4                prefetch_abort_handler
                0x002021b8                data_abort_handler
                0x002021d4                reserved_handler
                0x002022c0                . = ALIGN (0x10)

.ram_text       0x002022c0     0x30f0
                0x002022c0                . = ALIGN (0x10)
 *.oram(*.text *.text.* *.glue*)
 .text.systick_isr_C1
                0x002022c0       0x28 build/syslib/at91sam7s-gnu/lego_nxt/hw_sys_timer.oram
                0x002022c0                systick_isr_C1
 *fill*         0x002022e8        0x8 00
 .text          0x002022f0      0x230 build/config/at91sam7s-gnu/cpu_support.oram
                0x002022f0                dispatch
                0x00202330                activate_r
                0x00202360                exit_and_dispatch
                0x00202370                start_dispatch
                0x0020242c                _interrupt
                0x0020249c                int_return
                0x002024c8                disable_int
                0x002024d0                enable_int
                0x002024d8                nop
 .text          0x00202520      0x2c0 build/config/at91sam7s-gnu/irq.oram
                0x00202520                default_isr
                0x00202520                default_fiq
                0x00202520                spurious_isr
                0x00202524                systick_isr_entry
                0x0020256c                systick_low_priority_entry
                0x002025ac                udp_isr_entry
                0x002025ec                spi_isr_entry
                0x0020262c                twi_isr_entry
                0x0020266c                sound_isr_entry
                0x002026ac                uart_isr_entry_0
                0x002026ec                uart_isr_entry_1
                0x0020272c                nxt_motor_isr_entry
                0x0020276c                i2c_timer_isr_entry
 .text.uart_process_isr
                0x002027e0       0x88 /home/osek/nxtOSEK/ecrobot/../ecrobot/libecrobot.a(uart.oram)
 .text.uart_isr_C_0
                0x00202868        0xc /home/osek/nxtOSEK/ecrobot/../ecrobot/libecrobot.a(uart.oram)
                0x00202868                uart_isr_C_0
 .text.uart_isr_C_1
                0x00202874        0xc /home/osek/nxtOSEK/ecrobot/../ecrobot/libecrobot.a(uart.oram)
                0x00202874                uart_isr_C_1
 .text.systick_low_priority_C
                0x00202880       0x1c /home/osek/nxtOSEK/ecrobot/../ecrobot/libecrobot.a(systick.oram)
                0x00202880                systick_low_priority_C
 .text.systick_isr_C
                0x0020289c       0x24 /home/osek/nxtOSEK/ecrobot/../ecrobot/libecrobot.a(systick.oram)
                0x0020289c                systick_isr_C
 .text.systick_get_ms
                0x002028c0        0xc /home/osek/nxtOSEK/ecrobot/../ecrobot/libecrobot.a(systick.oram)
                0x002028c0                systick_get_ms
 .text.systick_wait_ms
                0x002028cc       0x1c /home/osek/nxtOSEK/ecrobot/../ecrobot/libecrobot.a(systick.oram)
                0x002028cc                systick_wait_ms
 .text.systick_wait_ns
                0x002028e8       0x1c /home/osek/nxtOSEK/ecrobot/../ecrobot/libecrobot.a(systick.oram)
                0x002028e8                systick_wait_ns
 .text.systick_init
                0x00202904       0x58 /home/osek/nxtOSEK/ecrobot/../ecrobot/libecrobot.a(systick.oram)
                0x00202904                systick_init
 .text.systick_suspend
                0x0020295c        0xc /home/osek/nxtOSEK/ecrobot/../ecrobot/libecrobot.a(systick.oram)
                0x0020295c                systick_suspend
 .text.systick_resume
                0x00202968        0xc /home/osek/nxtOSEK/ecrobot/../ecrobot/libecrobot.a(systick.oram)
                0x00202968                systick_resume
 .text.byte_fifo_put
                0x00202974       0x58 /home/osek/nxtOSEK/ecrobot/../ecrobot/libecrobot.a(byte_fifo.oram)
                0x00202974                byte_fifo_put
 .text.byte_fifo_get
                0x002029cc       0x2c /home/osek/nxtOSEK/ecrobot/../ecrobot/libecrobot.a(byte_fifo.oram)
                0x002029cc                byte_fifo_get
 .text.aic_initialise
                0x002029f8       0x5c /home/osek/nxtOSEK/ecrobot/../ecrobot/libecrobot.a(aic.oram)
                0x002029f8                aic_initialise
 .text.aic_set_vector
                0x00202a54       0x30 /home/osek/nxtOSEK/ecrobot/../ecrobot/libecrobot.a(aic.oram)
                0x00202a54                aic_set_vector
 .text.aic_mask_on
                0x00202a84       0x24 /home/osek/nxtOSEK/ecrobot/../ecrobot/libecrobot.a(aic.oram)
                0x00202a84                aic_mask_on
 .text.aic_mask_off
                0x00202aa8       0x24 /home/osek/nxtOSEK/ecrobot/../ecrobot/libecrobot.a(aic.oram)
                0x00202aa8                aic_mask_off
 .text.aic_clear
                0x00202acc       0x24 /home/osek/nxtOSEK/ecrobot/../ecrobot/libecrobot.a(aic.oram)
                0x00202acc                aic_clear
 .text.reset    0x00202af0       0x4c /home/osek/nxtOSEK/ecrobot/../ecrobot/libecrobot.a(udp.oram)
 .text.udp_send_null
                0x00202b3c       0x2c /home/osek/nxtOSEK/ecrobot/../ecrobot/libecrobot.a(udp.oram)
 .text.udp_send_stall
                0x00202b68       0x2c /home/osek/nxtOSEK/ecrobot/../ecrobot/libecrobot.a(udp.oram)
 .text.udp_send_control
                0x00202b94       0x60 /home/osek/nxtOSEK/ecrobot/../ecrobot/libecrobot.a(udp.oram)
 .text.udp_isr_C
                0x00202bf4      0x7d0 /home/osek/nxtOSEK/ecrobot/../ecrobot/libecrobot.a(udp.oram)
                0x00202bf4                udp_isr_C
 .text.twi_status
                0x002033c4       0x20 /home/osek/nxtOSEK/ecrobot/../ecrobot/libecrobot.a(twi.oram)
                0x002033c4                twi_status
 .text.twi_isr_C
                0x002033e4       0xc4 /home/osek/nxtOSEK/ecrobot/../ecrobot/libecrobot.a(twi.oram)
                0x002033e4                twi_isr_C
 .text.twi_reset
                0x002034a8       0xb4 /home/osek/nxtOSEK/ecrobot/../ecrobot/libecrobot.a(twi.oram)
                0x002034a8                twi_reset
 .text.twi_init
                0x0020355c       0x4c /home/osek/nxtOSEK/ecrobot/../ecrobot/libecrobot.a(twi.oram)
                0x0020355c                twi_init
 .text.twi_start_read
                0x002035a8       0x60 /home/osek/nxtOSEK/ecrobot/../ecrobot/libecrobot.a(twi.oram)
                0x002035a8                twi_start_read
 .text.twi_start_write
                0x00203608       0x64 /home/osek/nxtOSEK/ecrobot/../ecrobot/libecrobot.a(twi.oram)
                0x00203608                twi_start_write
 .text.spi_set_mode
                0x0020366c       0x40 /home/osek/nxtOSEK/ecrobot/../ecrobot/libecrobot.a(nxt_spi.oram)
 .text.spi_isr_C
                0x002036ac       0x8c /home/osek/nxtOSEK/ecrobot/../ecrobot/libecrobot.a(nxt_spi.oram)
                0x002036ac                spi_isr_C
 .text.nxt_spi_init
                0x00203738      0x12c /home/osek/nxtOSEK/ecrobot/../ecrobot/libecrobot.a(nxt_spi.oram)
                0x00203738                nxt_spi_init
 .text.nxt_spi_write
                0x00203864       0x44 /home/osek/nxtOSEK/ecrobot/../ecrobot/libecrobot.a(nxt_spi.oram)
                0x00203864                nxt_spi_write
 .text.nxt_spi_set_display
                0x002038a8       0x10 /home/osek/nxtOSEK/ecrobot/../ecrobot/libecrobot.a(nxt_spi.oram)
                0x002038a8                nxt_spi_set_display
 .text.nxt_spi_refresh
                0x002038b8       0x24 /home/osek/nxtOSEK/ecrobot/../ecrobot/libecrobot.a(nxt_spi.oram)
                0x002038b8                nxt_spi_refresh
 .text.nxt_motor_get_count
                0x002038dc       0x14 /home/osek/nxtOSEK/ecrobot/../ecrobot/libecrobot.a(nxt_motors.oram)
                0x002038dc                nxt_motor_get_count
 .text.nxt_motor_set_count
                0x002038f0       0x10 /home/osek/nxtOSEK/ecrobot/../ecrobot/libecrobot.a(nxt_motors.oram)
                0x002038f0                nxt_motor_set_count
 .text.nxt_motor_set_speed
                0x00203900       0x34 /home/osek/nxtOSEK/ecrobot/../ecrobot/libecrobot.a(nxt_motors.oram)
                0x00203900                nxt_motor_set_speed
 .text.nxt_motor_1kHz_process
                0x00203934       0x28 /home/osek/nxtOSEK/ecrobot/../ecrobot/libecrobot.a(nxt_motors.oram)
                0x00203934                nxt_motor_1kHz_process
 .text.nxt_motor_quad_decode
                0x0020395c       0x30 /home/osek/nxtOSEK/ecrobot/../ecrobot/libecrobot.a(nxt_motors.oram)
                0x0020395c                nxt_motor_quad_decode
 .text.nxt_motor_isr_C
                0x0020398c       0x88 /home/osek/nxtOSEK/ecrobot/../ecrobot/libecrobot.a(nxt_motors.oram)
                0x0020398c                nxt_motor_isr_C
 .text.nxt_motor_init
                0x00203a14       0x68 /home/osek/nxtOSEK/ecrobot/../ecrobot/libecrobot.a(nxt_motors.oram)
                0x00203a14                nxt_motor_init
 .text.data_abort_C
                0x00203a7c       0x7c /home/osek/nxtOSEK/ecrobot/../ecrobot/libecrobot.a(data_abort.oram)
                0x00203a7c                data_abort_C
 .text.display_update
                0x00203af8       0x14 /home/osek/nxtOSEK/ecrobot/../ecrobot/libecrobot.a(display.oram)
                0x00203af8                display_update
 .text.display_force_update
                0x00203b0c        0xc /home/osek/nxtOSEK/ecrobot/../ecrobot/libecrobot.a(display.oram)
                0x00203b0c                display_force_update
 .text.display_clear
                0x00203b18       0x24 /home/osek/nxtOSEK/ecrobot/../ecrobot/libecrobot.a(display.oram)
                0x00203b18                display_clear
 .text.display_goto_xy
                0x00203b3c       0x14 /home/osek/nxtOSEK/ecrobot/../ecrobot/libecrobot.a(display.oram)
                0x00203b3c                display_goto_xy
 .text.display_char
                0x00203b50       0x60 /home/osek/nxtOSEK/ecrobot/../ecrobot/libecrobot.a(display.oram)
                0x00203b50                display_char
 .text.display_string
                0x00203bb0       0x3c /home/osek/nxtOSEK/ecrobot/../ecrobot/libecrobot.a(display.oram)
                0x00203bb0                display_string
 .text.display_hex
                0x00203bec       0x50 /home/osek/nxtOSEK/ecrobot/../ecrobot/libecrobot.a(display.oram)
                0x00203bec                display_hex
 .text.display_unsigned_worker
                0x00203c3c       0x70 /home/osek/nxtOSEK/ecrobot/../ecrobot/libecrobot.a(display.oram)
 .text.display_unsigned
                0x00203cac        0xc /home/osek/nxtOSEK/ecrobot/../ecrobot/libecrobot.a(display.oram)
                0x00203cac                display_unsigned
 .text.display_int
                0x00203cb8       0x14 /home/osek/nxtOSEK/ecrobot/../ecrobot/libecrobot.a(display.oram)
                0x00203cb8                display_int
 .text.display_bitmap_copy
                0x00203ccc       0x5c /home/osek/nxtOSEK/ecrobot/../ecrobot/libecrobot.a(display.oram)
                0x00203ccc                display_bitmap_copy
 .text.display_init
                0x00203d28       0x50 /home/osek/nxtOSEK/ecrobot/../ecrobot/libecrobot.a(display.oram)
                0x00203d28                display_init
 .text.i2c_timer_isr_C
                0x00203d78      0x314 /home/osek/nxtOSEK/ecrobot/../ecrobot/libecrobot.a(i2c.oram)
                0x00203d78                i2c_timer_isr_C
 .text.i2c_disable
                0x0020408c       0x20 /home/osek/nxtOSEK/ecrobot/../ecrobot/libecrobot.a(i2c.oram)
                0x0020408c                i2c_disable
 .text.i2c_enable
                0x002040ac       0x40 /home/osek/nxtOSEK/ecrobot/../ecrobot/libecrobot.a(i2c.oram)
                0x002040ac                i2c_enable
 .text.i2c_init
                0x002040ec       0xa4 /home/osek/nxtOSEK/ecrobot/../ecrobot/libecrobot.a(i2c.oram)
                0x002040ec                i2c_init
 .text.i2c_busy
                0x00204190       0x24 /home/osek/nxtOSEK/ecrobot/../ecrobot/libecrobot.a(i2c.oram)
                0x00204190                i2c_busy
 .text.i2c_start_transaction
                0x002041b4      0x108 /home/osek/nxtOSEK/ecrobot/../ecrobot/libecrobot.a(i2c.oram)
                0x002041b4                i2c_start_transaction
 .text.sound_fill_sample_buffer
                0x002042bc       0xe4 /home/osek/nxtOSEK/ecrobot/../ecrobot/libecrobot.a(sound.oram)
                0x002042bc                sound_fill_sample_buffer
 .text.sound_init
                0x002043a0       0xa0 /home/osek/nxtOSEK/ecrobot/../ecrobot/libecrobot.a(sound.oram)
                0x002043a0                sound_init
 .text.sound_isr_C
                0x00204440      0x144 /home/osek/nxtOSEK/ecrobot/../ecrobot/libecrobot.a(sound.oram)
                0x00204440                sound_isr_C
 .text.bt_init  0x00204584      0x1c0 /home/osek/nxtOSEK/ecrobot/../ecrobot/libecrobot.a(bt.oram)
                0x00204584                bt_init
 .text.nxt_avr_power_down
                0x00204744       0x10 /home/osek/nxtOSEK/ecrobot/../ecrobot/libecrobot.a(nxt_avr.oram)
                0x00204744                nxt_avr_power_down
 .text.nxt_avr_link_init
                0x00204754       0x20 /home/osek/nxtOSEK/ecrobot/../ecrobot/libecrobot.a(nxt_avr.oram)
                0x00204754                nxt_avr_link_init
 .text.nxt_avr_init
                0x00204774       0x6c /home/osek/nxtOSEK/ecrobot/../ecrobot/libecrobot.a(nxt_avr.oram)
                0x00204774                nxt_avr_init
 .text.nxt_avr_1kHz_update
                0x002047e0      0x1cc /home/osek/nxtOSEK/ecrobot/../ecrobot/libecrobot.a(nxt_avr.oram)
                0x002047e0                nxt_avr_1kHz_update
 .text.buttons_get
                0x002049ac        0xc /home/osek/nxtOSEK/ecrobot/../ecrobot/libecrobot.a(nxt_avr.oram)
                0x002049ac                buttons_get
 .text.battery_voltage
                0x002049b8       0x28 /home/osek/nxtOSEK/ecrobot/../ecrobot/libecrobot.a(nxt_avr.oram)
                0x002049b8                battery_voltage
 .text.nxt_avr_set_motor
                0x002049e0       0x34 /home/osek/nxtOSEK/ecrobot/../ecrobot/libecrobot.a(nxt_avr.oram)
                0x002049e0                nxt_avr_set_motor
 .text.nxt_avr_set_input_power
                0x00204a14       0x3c /home/osek/nxtOSEK/ecrobot/../ecrobot/libecrobot.a(nxt_avr.oram)
                0x00204a14                nxt_avr_set_input_power
 .text.unset_digi0
                0x00204a50       0x44 /home/osek/nxtOSEK/ecrobot/../ecrobot/libecrobot.a(sensors.oram)
                0x00204a50                unset_digi0
 .text.unset_digi1
                0x00204a94       0x44 /home/osek/nxtOSEK/ecrobot/../ecrobot/libecrobot.a(sensors.oram)
                0x00204a94                unset_digi1
 .text.init_sensors
                0x00204ad8       0x4c /home/osek/nxtOSEK/ecrobot/../ecrobot/libecrobot.a(sensors.oram)
                0x00204ad8                init_sensors
 .text.nxt_lcd_command
                0x00204b24       0x18 /home/osek/nxtOSEK/ecrobot/../ecrobot/libecrobot.a(nxt_lcd.oram)
                0x00204b24                nxt_lcd_command
 .text.nxt_lcd_set_col
                0x00204b3c       0x24 /home/osek/nxtOSEK/ecrobot/../ecrobot/libecrobot.a(nxt_lcd.oram)
                0x00204b3c                nxt_lcd_set_col
 .text.nxt_lcd_set_multiplex_rate
                0x00204b60       0x18 /home/osek/nxtOSEK/ecrobot/../ecrobot/libecrobot.a(nxt_lcd.oram)
                0x00204b60                nxt_lcd_set_multiplex_rate
 .text.nxt_lcd_set_page_address
                0x00204b78       0x18 /home/osek/nxtOSEK/ecrobot/../ecrobot/libecrobot.a(nxt_lcd.oram)
                0x00204b78                nxt_lcd_set_page_address
 .text.nxt_lcd_set_pot
                0x00204b90       0x1c /home/osek/nxtOSEK/ecrobot/../ecrobot/libecrobot.a(nxt_lcd.oram)
                0x00204b90                nxt_lcd_set_pot
 .text.nxt_lcd_set_ram_address_control
                0x00204bac       0x18 /home/osek/nxtOSEK/ecrobot/../ecrobot/libecrobot.a(nxt_lcd.oram)
                0x00204bac                nxt_lcd_set_ram_address_control
 .text.nxt_lcd_enable
                0x00204bc4       0x14 /home/osek/nxtOSEK/ecrobot/../ecrobot/libecrobot.a(nxt_lcd.oram)
                0x00204bc4                nxt_lcd_enable
 .text.nxt_lcd_set_map_control
                0x00204bd8       0x18 /home/osek/nxtOSEK/ecrobot/../ecrobot/libecrobot.a(nxt_lcd.oram)
                0x00204bd8                nxt_lcd_set_map_control
 .text.nxt_lcd_reset
                0x00204bf0        0xc /home/osek/nxtOSEK/ecrobot/../ecrobot/libecrobot.a(nxt_lcd.oram)
                0x00204bf0                nxt_lcd_reset
 .text.nxt_lcd_set_bias_ratio
                0x00204bfc       0x18 /home/osek/nxtOSEK/ecrobot/../ecrobot/libecrobot.a(nxt_lcd.oram)
                0x00204bfc                nxt_lcd_set_bias_ratio
 .text.nxt_lcd_force_update
                0x00204c14       0x30 /home/osek/nxtOSEK/ecrobot/../ecrobot/libecrobot.a(nxt_lcd.oram)
                0x00204c14                nxt_lcd_force_update
 .text.nxt_lcd_update
                0x00204c44        0xc /home/osek/nxtOSEK/ecrobot/../ecrobot/libecrobot.a(nxt_lcd.oram)
                0x00204c44                nxt_lcd_update
 .text.nxt_lcd_power_up
                0x00204c50       0x48 /home/osek/nxtOSEK/ecrobot/../ecrobot/libecrobot.a(nxt_lcd.oram)
                0x00204c50                nxt_lcd_power_up
 .text.nxt_lcd_power_down
                0x00204c98        0xc /home/osek/nxtOSEK/ecrobot/../ecrobot/libecrobot.a(nxt_lcd.oram)
                0x00204c98                nxt_lcd_power_down
 .text.nxt_lcd_init
                0x00204ca4       0x18 /home/osek/nxtOSEK/ecrobot/../ecrobot/libecrobot.a(nxt_lcd.oram)
                0x00204ca4                nxt_lcd_init
 .text.verify_flash_page
                0x00204cbc       0x34 /home/osek/nxtOSEK/ecrobot/../ecrobot/libecrobot.a(flash_loader.oram)
 .text.set_flash_request
                0x00204cf0       0x38 /home/osek/nxtOSEK/ecrobot/../ecrobot/libecrobot.a(flash_loader.oram)
                0x00204cf0                set_flash_request
 .text.nxt_device_init
                0x00204d28       0x38 /home/osek/nxtOSEK/ecrobot/../ecrobot/libecrobot.a(flash_loader.oram)
                0x00204d28                nxt_device_init
 .text          0x00204d60       0x68 /home/osek/nxtOSEK/ecrobot/../ecrobot/libecrobot.a(interrupts.oram)
                0x00204d60                interrupts_get_and_disable
                0x00204d84                interrupts_enable
                0x00204d94                fiq_get_and_disable
                0x00204db8                fiq_enable
 .text.flash_write_page
                0x00204dc8       0xc0 /home/osek/nxtOSEK/ecrobot/../ecrobot/libecrobot.a(flashprog.oram)
                0x00204dc8                flash_write_page
                0x00204e90                . = ALIGN (0x10)
 *fill*         0x00204e88        0x8 00
 *.oram(*.rodata *.rodata.*)
 .rodata.ld     0x00204e90        0x4 /home/osek/nxtOSEK/ecrobot/../ecrobot/libecrobot.a(udp.oram)
 .rodata.cfd    0x00204e94       0x20 /home/osek/nxtOSEK/ecrobot/../ecrobot/libecrobot.a(udp.oram)
 .rodata.dd     0x00204eb4       0x12 /home/osek/nxtOSEK/ecrobot/../ecrobot/libecrobot.a(udp.oram)
 *fill*         0x00204ec6        0x2 00
 .rodata.str1.4
                0x00204ec8       0x22 /home/osek/nxtOSEK/ecrobot/../ecrobot/libecrobot.a(data_abort.oram)
                                 0x24 (size before relaxing)
 .rodata.font   0x00204eea      0x280 /home/osek/nxtOSEK/ecrobot/../ecrobot/libecrobot.a(display.oram)
 *fill*         0x0020516a        0x2 00
 .rodata.str1.4
                0x0020516c       0x76 /home/osek/nxtOSEK/ecrobot/../ecrobot/libecrobot.a(display.oram)
                                 0x78 (size before relaxing)
 *fill*         0x002051e2        0x2 00
 .rodata.i2c_pin
                0x002051e4       0x20 /home/osek/nxtOSEK/ecrobot/../ecrobot/libecrobot.a(i2c.oram)
 .rodata.i2c_timer_isr_C
                0x00205204       0x38 /home/osek/nxtOSEK/ecrobot/../ecrobot/libecrobot.a(i2c.oram)
 .rodata.silence
                0x0020523c       0x40 /home/osek/nxtOSEK/ecrobot/../ecrobot/libecrobot.a(sound.oram)
                0x0020523c                silence
 .rodata.sample_pattern
                0x0020527c       0x84 /home/osek/nxtOSEK/ecrobot/../ecrobot/libecrobot.a(sound.oram)
                0x0020527c                sample_pattern
 .rodata        0x00205300        0xc /home/osek/nxtOSEK/ecrobot/../ecrobot/libecrobot.a(sound.oram)
 .rodata.avr_brainwash_string
                0x0020530c       0x30 /home/osek/nxtOSEK/ecrobot/../ecrobot/libecrobot.a(nxt_avr.oram)
                0x0020530c                avr_brainwash_string
 .rodata.nxt_avr_1kHz_update
                0x0020533c       0x14 /home/osek/nxtOSEK/ecrobot/../ecrobot/libecrobot.a(nxt_avr.oram)
 .rodata.C.33.1823
                0x00205350       0x10 /home/osek/nxtOSEK/ecrobot/../ecrobot/libecrobot.a(sensors.oram)
 .rodata.C.37.1857
                0x00205360       0x10 /home/osek/nxtOSEK/ecrobot/../ecrobot/libecrobot.a(sensors.oram)
 .rodata.str1.4
                0x00205370       0x24 /home/osek/nxtOSEK/ecrobot/../ecrobot/libecrobot.a(flash_loader.oram)
 *fill*         0x00205394        0x4 00
 .rodata.str1.4.stub
                0x00205398       0x10 linker stubs
                0x002053b0                . = ALIGN (0x10)
 *fill*         0x002053a8        0x8 00
                0x002022c0                __ramtext_ram_start__ = ADDR (.ram_text)
                0x002053b0                __ramtext_ram_end__ = (ADDR (.ram_text) + SIZEOF (.ram_text))
                0x002022c0                __ramtext_load_start__ = LOADADDR (.ram_text)
                0x002053b0                __ramtext_load_end__ = (__ramtext_load_start__ + SIZEOF (.ram_text))

.wav_data       0x002053b0        0x0
 *.owav(*.data *.data.*)
                0x002053b0                . = ALIGN (0x10)

.bmp_data       0x002053b0      0x440
 *.obmp(*.data *.data.*)
 .data          0x002053b0      0x43e /home/osek/nxtOSEK/ecrobot/../ecrobot/libecrobot.a(nxtosek_splash.obmp)
                0x002053b0                nxtosek_splash_bmp_start
                0x002057ee                nxtosek_splash_bmp_end
                0x002057f0                . = ALIGN (0x10)
 *fill*         0x002057ee        0x2 00

.spr_data       0x002057f0        0x0
 *.ospr(*.data *.data.*)
                0x002057f0                . = ALIGN (0x10)

.data           0x002057f0       0x90
 *(*.data *.data.*)
 .data.Time     0x002057f0        0x8 build/follower.o
                0x002057f0                Time
 .data.sKd      0x002057f8        0x4 build/follower.o
                0x002057f8                sKd
 .data.safeDistance
                0x002057fc        0x4 build/follower.o
                0x002057fc                safeDistance
 .data.lrKp     0x00205800        0x4 build/follower.o
                0x00205800                lrKp
 .data.sKp      0x00205804        0x4 build/follower.o
                0x00205804                sKp
 .data.lrKd     0x00205808        0x4 build/follower.o
                0x00205808                lrKd
 .data.distance_state
                0x0020580c       0x10 /home/osek/nxtOSEK/ecrobot/../ecrobot/libecrobot.a(ecrobot_interface.o)
 .data.deviceStatus
                0x0020581c        0x1 /home/osek/nxtOSEK/ecrobot/../ecrobot/libecrobot.a(ecrobot_interface.o)
 .bss.data.2701
                0x0020581d        0x4 /home/osek/nxtOSEK/ecrobot/../ecrobot/libecrobot.a(ecrobot_interface.o)
 .data.named    0x00205821       0x22 /home/osek/nxtOSEK/ecrobot/../ecrobot/libecrobot.a(udp.oram)
 .data.snd      0x00205843       0x1a /home/osek/nxtOSEK/ecrobot/../ecrobot/libecrobot.a(udp.oram)
 *fill*         0x0020585d        0x3 00
 .data.configured
                0x00205860        0x4 /home/osek/nxtOSEK/ecrobot/../ecrobot/libecrobot.a(udp.oram)
 .data.mode     0x00205864        0x1 /home/osek/nxtOSEK/ecrobot/../ecrobot/libecrobot.a(nxt_spi.oram)
                0x00205864                mode
 *fill*         0x00205865        0x3 00
 .bss.data      0x00205868        0x4 /home/osek/nxtOSEK/ecrobot/../ecrobot/libecrobot.a(nxt_spi.oram)
                0x00205868                data
 .data.display_auto_update
                0x0020586c        0x4 /home/osek/nxtOSEK/ecrobot/../ecrobot/libecrobot.a(display.oram)
                0x0020586c                display_auto_update
 .data.display_buffer
                0x00205870        0x4 /home/osek/nxtOSEK/ecrobot/../ecrobot/libecrobot.a(display.oram)
                0x00205880                . = ALIGN (0x10)
 *fill*         0x00205874        0xc 00
                0x002057f0                __data_ram_start__ = ADDR (.data)
                0x00205880                __data_ram_end__ = (ADDR (.data) + SIZEOF (.data))
                0x002057f0                __data_load_start__ = LOADADDR (.data)
                0x00205880                __data_load_end__ = (__data_load_start__ + SIZEOF (.data))

.text           0x00205880     0x2d70
                0x00205880                . = ALIGN (0x10)
 *(*.text *.text.* *.glue*)
 .glue_7        0x00205880       0x18 linker stubs
                0x00205880                __call_posttaskhook_from_arm
                0x0020588c                __call_pretaskhook_from_arm
 .glue_7t       0x00000000        0x0 linker stubs
 .text.enqueue_alarm
                0x00205898       0x94 build/kernel/alarm.o
 .text.alarm_initialize
                0x0020592c       0x98 build/kernel/alarm.o
                0x0020592c                alarm_initialize
 .text.unlock_cpu
                0x002059c4        0xc build/kernel/alarm.o
 .text.lock_cpu
                0x002059d0        0xc build/kernel/alarm.o
 .text.SignalCounter
                0x002059dc      0x128 build/kernel/alarm.o
                0x002059dc                SignalCounter
 .text.lock_cpu
                0x00205b04        0xc build/kernel/event.o
 .text.WaitEvent
                0x00205b10       0xa8 build/kernel/event.o
                0x00205b10                WaitEvent
 .text.ClearEvent
                0x00205bb8       0x64 build/kernel/event.o
                0x00205bb8                ClearEvent
 .text.SetEvent
                0x00205c1c       0xa8 build/kernel/event.o
                0x00205c1c                SetEvent
 .text.ShutdownOS
                0x00205cc4       0x4c build/kernel/osctl.o
                0x00205cc4                ShutdownOS
 .text.StartOS  0x00205d10       0x58 build/kernel/osctl.o
                0x00205d10                StartOS
 .text.call_pretaskhook
                0x00205d68       0x24 build/kernel/osctl.o
                0x00205d68                call_pretaskhook
 .text.call_posttaskhook
                0x00205d8c       0x24 build/kernel/osctl.o
                0x00205d8c                call_posttaskhook
 .text.call_errorhook
                0x00205db0       0x78 build/kernel/osctl.o
                0x00205db0                call_errorhook
 .text.make_runnable
                0x00205e28       0xa4 build/kernel/task.o
                0x00205e28                make_runnable
 .text.make_active
                0x00205ecc       0x78 build/kernel/task.o
                0x00205ecc                make_active
 .text.task_initialize
                0x00205f44       0x88 build/kernel/task.o
                0x00205f44                task_initialize
 .text.search_schedtsk
                0x00205fcc       0x90 build/kernel/task.o
                0x00205fcc                search_schedtsk
 .text.unlock_cpu
                0x0020605c        0xc build/kernel/task_manage.o
 .text.lock_cpu
                0x00206068        0xc build/kernel/task_manage.o
 .text.ActivateTask
                0x00206074       0x8c build/kernel/task_manage.o
                0x00206074                ActivateTask
 .text.TerminateTask
                0x00206100       0x74 build/kernel/task_manage.o
                0x00206100                TerminateTask
 .text.cpu_initialize
                0x00206174        0x4 build/config/at91sam7s-gnu/cpu_config.o
                0x00206174                cpu_initialize
 .text.cpu_terminate
                0x00206178        0x4 build/config/at91sam7s-gnu/cpu_config.o
                0x00206178                cpu_terminate
 .text.sys_initialize
                0x0020617c        0x4 build/config/at91sam7s-gnu/lego_nxt/sys_config.o
                0x0020617c                sys_initialize
 .text.sys_exit
                0x00206180        0x4 build/config/at91sam7s-gnu/lego_nxt/sys_config.o
                0x00206180                sys_exit
 .text._activate_alarm_cyclic_alarm1
                0x00206184        0xc build/./kernel_cfg.o
 .text.object_initialize
                0x00206190       0x10 build/./kernel_cfg.o
                0x00206190                object_initialize
 .text.init_OS_flag
                0x002061a0        0xc build/ecrobot_base.o
                0x002061a0                init_OS_flag
 .text.set_OS_flag
                0x002061ac        0xc build/ecrobot_base.o
                0x002061ac                set_OS_flag
 .text.get_OS_flag
                0x002061b8        0xc build/ecrobot_base.o
                0x002061b8                get_OS_flag
 .text.cpp_constructor
                0x002061c4       0x28 build/ecrobot_base.o
                0x002061c4                cpp_constructor
 .text.cpp_destructor
                0x002061ec       0x28 build/ecrobot_base.o
                0x002061ec                cpp_destructor
 .text.execution_mode
                0x00206214       0x14 build/ecrobot_base.o
                0x00206214                execution_mode
 .text.check_NXT_buttons
                0x00206228       0x7c build/ecrobot_base.o
                0x00206228                check_NXT_buttons
 .text.add_status_info
                0x002062a4       0x68 build/ecrobot_base.o
                0x002062a4                add_status_info
 .text.show_main_screen
                0x0020630c       0x48 build/ecrobot_base.o
                0x0020630c                show_main_screen
 .text.display_status_bar
                0x00206354       0x5c build/ecrobot_base.o
                0x00206354                display_status_bar
 .text.show_splash_screen
                0x002063b0       0x98 build/ecrobot_base.o
                0x002063b0                show_splash_screen
 .text.main     0x00206448      0x108 build/ecrobot.o
                0x00206448                main
 .text.TaskMainStopTask
                0x00206550       0x38 build/follower.o
                0x00206550                TaskMainStopTask
 .text.TaskMainMoveTask
                0x00206588      0x1cc build/follower.o
                0x00206588                TaskMainMoveTask
 .text.TaskMainnxtcar
                0x00206754      0x5b4 build/follower.o
                0x00206754                TaskMainnxtcar
 .text.user_1ms_isr_type2
                0x00206d08       0x1c build/follower.o
                0x00206d08                user_1ms_isr_type2
 .text.ecrobot_device_terminate
                0x00206d24       0x30 build/follower.o
                0x00206d24                ecrobot_device_terminate
 .text.ecrobot_device_initialize
                0x00206d54       0x38 build/follower.o
                0x00206d54                ecrobot_device_initialize
 .text.ecrobot_init_i2c
                0x00206d8c       0x2c /home/osek/nxtOSEK/ecrobot/../ecrobot/libecrobot.a(ecrobot_interface.o)
                0x00206d8c                ecrobot_init_i2c
 .text.ecrobot_init_sonar_sensor
                0x00206db8       0x10 /home/osek/nxtOSEK/ecrobot/../ecrobot/libecrobot.a(ecrobot_interface.o)
                0x00206db8                ecrobot_init_sonar_sensor
 .text.ecrobot_get_sonar_sensor
                0x00206dc8       0x48 /home/osek/nxtOSEK/ecrobot/../ecrobot/libecrobot.a(ecrobot_interface.o)
                0x00206dc8                ecrobot_get_sonar_sensor
 .text.ecrobot_term_sonar_sensor
                0x00206e10       0x20 /home/osek/nxtOSEK/ecrobot/../ecrobot/libecrobot.a(ecrobot_interface.o)
                0x00206e10                ecrobot_term_sonar_sensor
 .text.ecrobot_get_battery_voltage
                0x00206e30        0xc /home/osek/nxtOSEK/ecrobot/../ecrobot/libecrobot.a(ecrobot_interface.o)
                0x00206e30                ecrobot_get_battery_voltage
 .text.ecrobot_get_button_state
                0x00206e3c        0xc /home/osek/nxtOSEK/ecrobot/../ecrobot/libecrobot.a(ecrobot_interface.o)
                0x00206e3c                ecrobot_get_button_state
 .text.ecrobot_init_nxtstate
                0x00206e48       0x28 /home/osek/nxtOSEK/ecrobot/../ecrobot/libecrobot.a(ecrobot_interface.o)
                0x00206e48                ecrobot_init_nxtstate
 .text.ecrobot_poll_nxtstate
                0x00206e70       0x64 /home/osek/nxtOSEK/ecrobot/../ecrobot/libecrobot.a(ecrobot_interface.o)
                0x00206e70                ecrobot_poll_nxtstate
 .text.ecrobot_setDeviceInitialized
                0x00206ed4       0x18 /home/osek/nxtOSEK/ecrobot/../ecrobot/libecrobot.a(ecrobot_interface.o)
                0x00206ed4                ecrobot_setDeviceInitialized
 .text.ecrobot_initDeviceStatus
                0x00206eec        0xc /home/osek/nxtOSEK/ecrobot/../ecrobot/libecrobot.a(ecrobot_interface.o)
                0x00206eec                ecrobot_initDeviceStatus
 .text.ecrobot_bmp2lcd
                0x00206ef8      0x1c8 /home/osek/nxtOSEK/ecrobot/../ecrobot/libecrobot.a(ecrobot_interface.o)
                0x00206ef8                ecrobot_bmp2lcd
 .text.StartupHook
                0x002070c0        0x4 /home/osek/nxtOSEK/ecrobot/../ecrobot/libecrobot.a(osek_hook.o)
                0x002070c0                StartupHook
 .text.PreTaskHook
                0x002070c4        0x4 /home/osek/nxtOSEK/ecrobot/../ecrobot/libecrobot.a(osek_hook.o)
                0x002070c4                PreTaskHook
 .text.PostTaskHook
                0x002070c8        0x4 /home/osek/nxtOSEK/ecrobot/../ecrobot/libecrobot.a(osek_hook.o)
                0x002070c8                PostTaskHook
 .text.ErrorHook
                0x002070cc        0x4 /home/osek/nxtOSEK/ecrobot/../ecrobot/libecrobot.a(osek_hook.o)
                0x002070cc                ErrorHook
 .text.ShutdownHook
                0x002070d0        0x4 /home/osek/nxtOSEK/ecrobot/../ecrobot/libecrobot.a(osek_hook.o)
                0x002070d0                ShutdownHook
 .text          0x002070d4       0x8c /home/osek/gnuarm/lib/gcc/arm-elf/4.4.2/thumb/interwork/libgcc.a(_udivsi3.o)
                0x002070d4                __udivsi3
                0x002070d4                __aeabi_uidiv
                0x00207150                __aeabi_uidivmod
 .text          0x00207160       0xa4 /home/osek/gnuarm/lib/gcc/arm-elf/4.4.2/thumb/interwork/libgcc.a(_divsi3.o)
                0x00207160                __aeabi_idiv
                0x00207160                __divsi3
                0x002071f4                __aeabi_idivmod
 .text          0x00207204       0xc8 /home/osek/gnuarm/lib/gcc/arm-elf/4.4.2/thumb/interwork/libgcc.a(_umodsi3.o)
                0x00207204                __umodsi3
 .text          0x002072cc        0x4 /home/osek/gnuarm/lib/gcc/arm-elf/4.4.2/thumb/interwork/libgcc.a(_dvmd_tls.o)
                0x002072cc                __aeabi_ldiv0
                0x002072cc                __div0
                0x002072cc                __aeabi_idiv0
 .text          0x002072d0      0x430 /home/osek/gnuarm/lib/gcc/arm-elf/4.4.2/thumb/interwork/libgcc.a(_arm_addsubdf3.o)
                0x002072d0                __aeabi_drsub
                0x002072d8                __aeabi_dsub
                0x002072d8                __subdf3
                0x002072dc                __adddf3
                0x002072dc                __aeabi_dadd
                0x002075ec                __aeabi_ui2d
                0x002075ec                __floatunsidf
                0x00207614                __floatsidf
                0x00207614                __aeabi_i2d
                0x00207640                __extendsfdf2
                0x00207640                __aeabi_f2d
                0x00207680                __aeabi_ul2d
                0x00207680                __floatundidf
                0x00207694                __floatdidf
                0x00207694                __aeabi_l2d
 .text          0x00207700      0x49c /home/osek/gnuarm/lib/gcc/arm-elf/4.4.2/thumb/interwork/libgcc.a(_arm_muldivdf3.o)
                0x00207700                __aeabi_dmul
                0x00207700                __muldf3
                0x00207990                __aeabi_ddiv
                0x00207990                __divdf3
 .text          0x00207b9c      0x140 /home/osek/gnuarm/lib/gcc/arm-elf/4.4.2/thumb/interwork/libgcc.a(_arm_cmpdf2.o)
                0x00207b9c                __gtdf2
                0x00207b9c                __gedf2
                0x00207ba4                __ltdf2
                0x00207ba4                __ledf2
                0x00207bac                __cmpdf2
                0x00207bac                __eqdf2
                0x00207bac                __nedf2
                0x00207c30                __aeabi_cdrcmple
                0x00207c4c                __aeabi_cdcmple
                0x00207c4c                __aeabi_cdcmpeq
                0x00207c64                __aeabi_dcmpeq
                0x00207c7c                __aeabi_dcmplt
                0x00207c94                __aeabi_dcmple
                0x00207cac                __aeabi_dcmpge
                0x00207cc4                __aeabi_dcmpgt
 .text          0x00207cdc       0x5c /home/osek/gnuarm/lib/gcc/arm-elf/4.4.2/thumb/interwork/libgcc.a(_arm_fixdfsi.o)
                0x00207cdc                __fixdfsi
                0x00207cdc                __aeabi_d2iz
 .text          0x00207d38       0xa0 /home/osek/gnuarm/lib/gcc/arm-elf/4.4.2/thumb/interwork/libgcc.a(_arm_truncdfsf2.o)
                0x00207d38                __aeabi_d2f
                0x00207d38                __truncdfsf2
 .text          0x00207dd8      0x2ac /home/osek/gnuarm/lib/gcc/arm-elf/4.4.2/thumb/interwork/libgcc.a(_arm_addsubsf3.o)
                0x00207dd8                __aeabi_frsub
                0x00207de0                __subsf3
                0x00207de0                __aeabi_fsub
                0x00207de4                __aeabi_fadd
                0x00207de4                __addsf3
                0x00207fa0                __aeabi_ui2f
                0x00207fa0                __floatunsisf
                0x00207fa8                __aeabi_i2f
                0x00207fa8                __floatsisf
                0x00207fc8                __floatundisf
                0x00207fc8                __aeabi_ul2f
                0x00207fd8                __floatdisf
                0x00207fd8                __aeabi_l2f
 .text          0x00208084      0x2f8 /home/osek/gnuarm/lib/gcc/arm-elf/4.4.2/thumb/interwork/libgcc.a(_arm_muldivsf3.o)
                0x00208084                __mulsf3
                0x00208084                __aeabi_fmul
                0x0020821c                __divsf3
                0x0020821c                __aeabi_fdiv
 .text          0x0020837c       0x94 /home/osek/gnuarm/lib/gcc/arm-elf/4.4.2/../../../../arm-elf/lib/thumb/interwork/libc.a(lib_a-memset.o)
                0x0020837c                memset
 .text          0x00208410       0x10 /home/osek/gnuarm/lib/gcc/arm-elf/4.4.2/../../../../arm-elf/lib/thumb/interwork/libc.a(lib_a-strcpy.o)
                0x00208410                strcpy
 .text          0x00208420       0x10 /home/osek/gnuarm/lib/gcc/arm-elf/4.4.2/../../../../arm-elf/lib/thumb/interwork/libc.a(lib_a-strlen.o)
                0x00208420                strlen
                0x00208430                . = ALIGN (0x10)
 *(*.rodata *.rodata.*)
 .rodata.search_table.1018
                0x00208430       0x10 build/kernel/task.o
 .rodata.alminib_cback
                0x00208440        0x4 build/./kernel_cfg.o
                0x00208440                alminib_cback
 .rodata.alminib_cntid
                0x00208444        0x4 build/./kernel_cfg.o
                0x00208444                alminib_cntid
 .rodata.tinib_maxact
                0x00208448        0x4 build/./kernel_cfg.o
                0x00208448                tinib_maxact
 .rodata.cntinib_tickbase
                0x0020844c        0x4 build/./kernel_cfg.o
                0x0020844c                cntinib_tickbase
 .rodata.tnum_task
                0x00208450        0x1 build/./kernel_cfg.o
                0x00208450                tnum_task
 *fill*         0x00208451        0x3 00
 .rodata.cntinib_maxval
                0x00208454        0x4 build/./kernel_cfg.o
                0x00208454                cntinib_maxval
 .rodata.alminib_almval
                0x00208458        0x4 build/./kernel_cfg.o
                0x00208458                alminib_almval
 .rodata.tinib_stksz
                0x0020845c        0x8 build/./kernel_cfg.o
                0x0020845c                tinib_stksz
 .rodata.alminib_cycle
                0x00208464        0x4 build/./kernel_cfg.o
                0x00208464                alminib_cycle
 .rodata.StopEvent
                0x00208468        0x4 build/./kernel_cfg.o
                0x00208468                StopEvent
 .rodata.tinib_inipri
                0x0020846c        0x4 build/./kernel_cfg.o
                0x0020846c                tinib_inipri
 .rodata.tnum_counter
                0x00208470        0x1 build/./kernel_cfg.o
                0x00208470                tnum_counter
 *fill*         0x00208471        0x3 00
 .rodata.cntinib_maxval2
                0x00208474        0x4 build/./kernel_cfg.o
                0x00208474                cntinib_maxval2
 .rodata.tinib_stk
                0x00208478        0xc build/./kernel_cfg.o
                0x00208478                tinib_stk
 .rodata.tnum_exttask
                0x00208484        0x1 build/./kernel_cfg.o
                0x00208484                tnum_exttask
 *fill*         0x00208485        0x3 00
 .rodata.tinib_exepri
                0x00208488        0x4 build/./kernel_cfg.o
                0x00208488                tinib_exepri
 .rodata.MoveTask
                0x0020848c        0x1 build/./kernel_cfg.o
                0x0020848c                MoveTask
 *fill*         0x0020848d        0x3 00
 .rodata.MoveEvent
                0x00208490        0x4 build/./kernel_cfg.o
                0x00208490                MoveEvent
 .rodata.SysTimerCnt
                0x00208494        0x1 build/./kernel_cfg.o
                0x00208494                SysTimerCnt
 *fill*         0x00208495        0x3 00
 .rodata.tinib_autoact
                0x00208498        0x4 build/./kernel_cfg.o
                0x00208498                tinib_autoact
 .rodata.tnum_alarm
                0x0020849c        0x1 build/./kernel_cfg.o
                0x0020849c                tnum_alarm
 .rodata.StopTask
                0x0020849d        0x1 build/./kernel_cfg.o
                0x0020849d                StopTask
 *fill*         0x0020849e        0x2 00
 .rodata.tinib_task
                0x002084a0        0xc build/./kernel_cfg.o
                0x002084a0                tinib_task
 .rodata.alminib_autosta
                0x002084ac        0x4 build/./kernel_cfg.o
                0x002084ac                alminib_autosta
 .rodata.str1.1
                0x002084b0       0x6c build/ecrobot_base.o
 .rodata.exec_addr
                0x0020851c        0x4 build/ecrobot_base.o
                0x0020851c                exec_addr
 .rodata.str1.1
                0x00208520       0x27 build/follower.o
 *fill*         0x00208547        0x1 00
 .rodata.str1.1.stub
                0x00208548       0xa0 linker stubs
                0x002085f0                . = ALIGN (0x10)
 *fill*         0x002085e8        0x8 00
 *(*.gnu.linkonce.* .gcc_except_table)
                0x002085f0                . = ALIGN (0x10)

.vfp11_veneer   0x00205880        0x0
 .vfp11_veneer  0x00000000        0x0 linker stubs

.v4_bx          0x00205880        0x0
 .v4_bx         0x00000000        0x0 linker stubs

.tors           0x002085f0        0x0
                0x002085f0                . = ALIGN (0x10)
                0x002085f0                __ctor_begin = .
 *(*.ctors*)
                0x002085f0                __ctor_end = .
                0x002085f0                . = ALIGN (0x10)
                0x002085f0                __dtor_begin = .
 *(*.dtors*)
                0x002085f0                __dtor_end = .
                0x002085f0                . = ALIGN (0x10)

.bss            0x002085f0     0x1504
 *(*.bss *.bss.*)
 .bss.ready_queue_first
                0x002085f0       0x10 build/kernel/task.o
 .bss.ready_primap
                0x00208600        0x2 build/kernel/task.o
 *fill*         0x00208602        0x2 00
 .bss.ready_queue_last
                0x00208604       0x10 build/kernel/task.o
 .bss._stack_MoveTask
                0x00208614      0x200 build/./kernel_cfg.o
 .bss._stack_nxtcar
                0x00208814      0x200 build/./kernel_cfg.o
 .bss._stack_StopTask
                0x00208a14      0x200 build/./kernel_cfg.o
 .bss.lcd.2717  0x00208c14      0x320 build/ecrobot_base.o
 .bss.status_bar_position
                0x00208f34        0x4 build/ecrobot_base.o
 .bss.last_act_time.2795
                0x00208f38        0x4 build/ecrobot_base.o
 .bss.status_bar
                0x00208f3c       0x10 build/ecrobot_base.o
 .bss.OS_flag   0x00208f4c        0x4 build/ecrobot_base.o
 .bss.sDControl
                0x00208f50        0x8 build/follower.o
                0x00208f50                sDControl
 .bss.sPControl
                0x00208f58        0x8 build/follower.o
                0x00208f58                sPControl
 .bss.lrDControl
                0x00208f60        0x8 build/follower.o
                0x00208f60                lrDControl
 .bss.lrKi      0x00208f68        0x4 build/follower.o
                0x00208f68                lrKi
 .bss.count     0x00208f6c        0x4 build/follower.o
                0x00208f6c                count
 .bss.distance1
                0x00208f70       0x28 build/follower.o
                0x00208f70                distance1
 .bss.distance2
                0x00208f98       0x28 build/follower.o
                0x00208f98                distance2
 .bss.mdistance1
                0x00208fc0        0x4 build/follower.o
                0x00208fc0                mdistance1
 .bss.mdistance2
                0x00208fc4        0x4 build/follower.o
                0x00208fc4                mdistance2
 .bss.sIControl
                0x00208fc8        0x8 build/follower.o
                0x00208fc8                sIControl
 .bss.current   0x00208fd0        0x4 build/follower.o
                0x00208fd0                current
 .bss.lrPControl
                0x00208fd4        0x8 build/follower.o
                0x00208fd4                lrPControl
 .bss.sKi       0x00208fdc        0x4 build/follower.o
                0x00208fdc                sKi
 .bss.lrIControl
                0x00208fe0        0x8 build/follower.o
                0x00208fe0                lrIControl
 .bss.buttons_i
                0x00208fe8        0x4 /home/osek/nxtOSEK/ecrobot/../ecrobot/libecrobot.a(ecrobot_interface.o)
 .bss.buttons_states
                0x00208fec       0x14 /home/osek/nxtOSEK/ecrobot/../ecrobot/libecrobot.a(ecrobot_interface.o)
 .bss.ecrobot_inputs
                0x00209000        0x8 /home/osek/nxtOSEK/ecrobot/../ecrobot/libecrobot.a(ecrobot_interface.o)
 .bss.systick_ms
                0x00209008        0x4 /home/osek/nxtOSEK/ecrobot/../ecrobot/libecrobot.a(systick.oram)
 .bss.delayedEnable
                0x0020900c        0x1 /home/osek/nxtOSEK/ecrobot/../ecrobot/libecrobot.a(udp.oram)
 *fill*         0x0020900d        0x3 00
 .bss.outCnt    0x00209010        0x4 /home/osek/nxtOSEK/ecrobot/../ecrobot/libecrobot.a(udp.oram)
 .bss.outPtr    0x00209014        0x4 /home/osek/nxtOSEK/ecrobot/../ecrobot/libecrobot.a(udp.oram)
 .bss.newAddress
                0x00209018        0x4 /home/osek/nxtOSEK/ecrobot/../ecrobot/libecrobot.a(udp.oram)
 .bss.currentRxBank
                0x0020901c        0x4 /home/osek/nxtOSEK/ecrobot/../ecrobot/libecrobot.a(udp.oram)
 .bss.currentFeatures
                0x00209020        0x4 /home/osek/nxtOSEK/ecrobot/../ecrobot/libecrobot.a(udp.oram)
 .bss.currentConfig
                0x00209024        0x1 /home/osek/nxtOSEK/ecrobot/../ecrobot/libecrobot.a(udp.oram)
 *fill*         0x00209025        0x3 00
 .bss.twi_mask  0x00209028        0x4 /home/osek/nxtOSEK/ecrobot/../ecrobot/libecrobot.a(twi.oram)
 .bss.twi_ptr   0x0020902c        0x4 /home/osek/nxtOSEK/ecrobot/../ecrobot/libecrobot.a(twi.oram)
 .bss.twi_pending
                0x00209030        0x4 /home/osek/nxtOSEK/ecrobot/../ecrobot/libecrobot.a(twi.oram)
 .bss.twi_state
                0x00209034        0x4 /home/osek/nxtOSEK/ecrobot/../ecrobot/libecrobot.a(twi.oram)
 .bss.page      0x00209038        0x1 /home/osek/nxtOSEK/ecrobot/../ecrobot/libecrobot.a(nxt_spi.oram)
                0x00209038                page
 .bss.dirty     0x00209039        0x1 /home/osek/nxtOSEK/ecrobot/../ecrobot/libecrobot.a(nxt_spi.oram)
                0x00209039                dirty
 *fill*         0x0020903a        0x2 00
 .bss.display   0x0020903c        0x4 /home/osek/nxtOSEK/ecrobot/../ecrobot/libecrobot.a(nxt_spi.oram)
                0x0020903c                display
 .bss.interrupts_this_period
                0x00209040        0x4 /home/osek/nxtOSEK/ecrobot/../ecrobot/libecrobot.a(nxt_motors.oram)
 .bss.nxt_motor_initialised
                0x00209044        0x4 /home/osek/nxtOSEK/ecrobot/../ecrobot/libecrobot.a(nxt_motors.oram)
 .bss.motor     0x00209048       0x30 /home/osek/nxtOSEK/ecrobot/../ecrobot/libecrobot.a(nxt_motors.oram)
 .bss.display_tick
                0x00209078        0x4 /home/osek/nxtOSEK/ecrobot/../ecrobot/libecrobot.a(display.oram)
                0x00209078                display_tick
 .bss.display_array
                0x0020907c      0x388 /home/osek/nxtOSEK/ecrobot/../ecrobot/libecrobot.a(display.oram)
 .bss.i2c_int_count
                0x00209404        0x4 /home/osek/nxtOSEK/ecrobot/../ecrobot/libecrobot.a(i2c.oram)
 .bss.i2c_port  0x00209408      0x170 /home/osek/nxtOSEK/ecrobot/../ecrobot/libecrobot.a(i2c.oram)
 .bss.sound_mode
                0x00209578        0x1 /home/osek/nxtOSEK/ecrobot/../ecrobot/libecrobot.a(sound.oram)
                0x00209578                sound_mode
 *fill*         0x00209579        0x3 00
 .bss.in_buf_idx
                0x0020957c        0x4 /home/osek/nxtOSEK/ecrobot/../ecrobot/libecrobot.a(bt.oram)
 .bss.buf_ptr   0x00209580        0x4 /home/osek/nxtOSEK/ecrobot/../ecrobot/libecrobot.a(bt.oram)
 .bss.out_buf_ptr
                0x00209584        0x1 /home/osek/nxtOSEK/ecrobot/../ecrobot/libecrobot.a(bt.oram)
 .bss.in_buf_in_ptr
                0x00209585        0x1 /home/osek/nxtOSEK/ecrobot/../ecrobot/libecrobot.a(bt.oram)
 .bss.in_buf    0x00209586      0x100 /home/osek/nxtOSEK/ecrobot/../ecrobot/libecrobot.a(bt.oram)
 *fill*         0x00209686        0x2 00
 .bss.link_state
                0x00209688        0x4 /home/osek/nxtOSEK/ecrobot/../ecrobot/libecrobot.a(nxt_avr.oram)
 .bss.update_count
                0x0020968c        0x4 /home/osek/nxtOSEK/ecrobot/../ecrobot/libecrobot.a(nxt_avr.oram)
 .bss.nxt_avr_stats
                0x00209690       0x14 /home/osek/nxtOSEK/ecrobot/../ecrobot/libecrobot.a(nxt_avr.oram)
 .bss.debounce_cnt
                0x002096a4        0x2 /home/osek/nxtOSEK/ecrobot/../ecrobot/libecrobot.a(nxt_avr.oram)
 .bss.debounce_state
                0x002096a6        0x2 /home/osek/nxtOSEK/ecrobot/../ecrobot/libecrobot.a(nxt_avr.oram)
 .bss.button_state
                0x002096a8        0x2 /home/osek/nxtOSEK/ecrobot/../ecrobot/libecrobot.a(nxt_avr.oram)
 .bss.prev_buttons
                0x002096aa        0x2 /home/osek/nxtOSEK/ecrobot/../ecrobot/libecrobot.a(nxt_avr.oram)
 .bss.from_buf  0x002096ac        0x4 /home/osek/nxtOSEK/ecrobot/../ecrobot/libecrobot.a(nxt_avr.oram)
 .bss.io_from_avr
                0x002096b0        0x4 /home/osek/nxtOSEK/ecrobot/../ecrobot/libecrobot.a(nxt_avr.oram)
 .bss.data_from_avr
                0x002096b4       0x1a /home/osek/nxtOSEK/ecrobot/../ecrobot/libecrobot.a(nxt_avr.oram)
 .bss.data_to_avr
                0x002096ce        0x9 /home/osek/nxtOSEK/ecrobot/../ecrobot/libecrobot.a(nxt_avr.oram)
 .bss.io_to_avr
                0x002096d7        0x8 /home/osek/nxtOSEK/ecrobot/../ecrobot/libecrobot.a(nxt_avr.oram)
 *fill*         0x002096df        0x1 00
 .bss.display   0x002096e0        0x4 /home/osek/nxtOSEK/ecrobot/../ecrobot/libecrobot.a(nxt_lcd.oram)
                0x002096f0                . = ALIGN (0x10)
 *fill*         0x002096e4        0xc 00
                0x002096f0                __bss_end__ = .
 COMMON         0x002096f0        0x2 build/kernel/interrupt.o
                0x002096f0                runisr
                0x002096f1                sus_all_cnt
 *fill*         0x002096f2        0x2 00
 COMMON         0x002096f4       0x10 build/kernel/osctl.o
                0x002096f4                callevel
                0x002096f5                _errorhook_svcid
                0x002096f6                appmode
                0x002096f8                _errorhook_par1
                0x002096fc                _errorhook_par3
                0x00209700                _errorhook_par2
 COMMON         0x00209704        0x3 build/kernel/task.o
                0x00209704                runtsk
                0x00209705                schedtsk
                0x00209706                nextpri
 *fill*         0x00209707        0x1 00
 COMMON         0x00209708       0x60 build/./kernel_cfg.o
                0x00209708                tcb_waievt
                0x00209710                rescb_prevpri
                0x00209714                almcb_prev
                0x00209718                tcb_lastres
                0x0020971c                almcb_almval
                0x00209720                tcxb_pc
                0x0020972c                tcb_next
                0x00209730                tcb_curpri
                0x00209734                tcb_tstat
                0x00209738                isrcb_lastres
                0x0020973c                cntcb_almque
                0x00209740                rescb_prevres
                0x00209744                tcb_actcnt
                0x00209748                tcb_curevt
                0x00209750                almcb_cycle
                0x00209754                tcxb_sp
                0x00209760                almcb_next
                0x00209764                cntcb_curval
 COMMON         0x00209768       0x20 build/follower.o
                0x00209768                sError
                0x0020976c                lrPIDControl
                0x00209774                lrErrorPrevious
                0x00209778                sPIDControl
                0x00209780                sErrorPrevious
                0x00209784                lrError
 COMMON         0x00209788       0x44 /home/osek/nxtOSEK/ecrobot/../ecrobot/libecrobot.a(uart.oram)
                0x00209788                uart
 COMMON         0x002097cc        0x4 /home/osek/nxtOSEK/ecrobot/../ecrobot/libecrobot.a(data_abort.oram)
                0x002097cc                data_abort_pc
 COMMON         0x002097d0        0x8 /home/osek/nxtOSEK/ecrobot/../ecrobot/libecrobot.a(display.oram)
                0x002097d0                display_x
                0x002097d4                display_y
 COMMON         0x002097d8      0x31c /home/osek/nxtOSEK/ecrobot/../ecrobot/libecrobot.a(sound.oram)
                0x002097d8                sample
                0x002085f0                __bss_start__ = ADDR (.bss)
                0x00209af4                __bss_end__ = (ADDR (.bss) + SIZEOF (.bss))
                0x00209af4                PROVIDE (end, .)

.heap_area      0x00209af4     0x6084
                0x0020fb78                . = (. + (0x20fb78 - end))
 *fill*         0x00209af4     0x6084 00

.stack          0x0020fb78      0x488
                0x0020fbf8                . = (. + 0x80)
 *fill*         0x0020fb78       0x80 00
                0x0020fc00                . = ALIGN (0x10)
 *fill*         0x0020fbf8        0x8 00
                0x0020fc00                __irq_stack__ = .
                0x0020fc00                __system_stack_bottom__ = .
                0x00210000                . = (. + 0x400)
 *fill*         0x0020fc00      0x400 00
                0x00210000                . = ALIGN (0x10)
                0x00210000                __system_stack__ = .
                0x00210000                __system_stack_top__ = .
                0x0020fb78                __stack_start__ = ADDR (.stack)
                0x00210000                __stack_end__ = (ADDR (.stack) + SIZEOF (.stack))
OUTPUT(follower_test_ram.elf elf32-littlearm)

.comment        0x00000000      0x1af
 .comment       0x00000000       0x11 build/kernel/alarm.o
                                 0x12 (size before relaxing)
 .comment       0x00000000       0x12 build/kernel/event.o
 .comment       0x00000000       0x12 build/kernel/interrupt.o
 .comment       0x00000000       0x12 build/kernel/osctl.o
 .comment       0x00000000       0x12 build/kernel/resource.o
 .comment       0x00000000       0x12 build/kernel/task.o
 .comment       0x00000000       0x12 build/kernel/task_manage.o
 .comment       0x00000000       0x12 build/config/at91sam7s-gnu/cpu_config.o
 .comment       0x00000000       0x12 build/config/at91sam7s-gnu/lego_nxt/sys_config.o
 .comment       0x00000000       0x12 build/./kernel_cfg.o
 .comment       0x00000000       0x12 build/syscalls.o
 .comment       0x00000000       0x12 build/ecrobot_bluetooth.o
 .comment       0x00000000       0x12 build/ecrobot_base.o
 .comment       0x00000000       0x12 build/ecrobot.o
 .comment       0x00000000       0x12 build/follower.o
 .comment       0x00000000       0x12 build/syslib/at91sam7s-gnu/lego_nxt/hw_sys_timer.oram
 .comment       0x00000011       0x12 /home/osek/nxtOSEK/ecrobot/../ecrobot/libecrobot.a(ecrobot_interface.o)
 .comment       0x00000023       0x12 /home/osek/nxtOSEK/ecrobot/../ecrobot/libecrobot.a(colorsensor.o)
 .comment       0x00000035       0x12 /home/osek/nxtOSEK/ecrobot/../ecrobot/libecrobot.a(osek_hook.o)
 .comment       0x00000047       0x12 /home/osek/nxtOSEK/ecrobot/../ecrobot/libecrobot.a(uart.oram)
 .comment       0x00000059       0x12 /home/osek/nxtOSEK/ecrobot/../ecrobot/libecrobot.a(systick.oram)
 .comment       0x0000006b       0x12 /home/osek/nxtOSEK/ecrobot/../ecrobot/libecrobot.a(byte_fifo.oram)
 .comment       0x0000007d       0x12 /home/osek/nxtOSEK/ecrobot/../ecrobot/libecrobot.a(aic.oram)
 .comment       0x0000008f       0x12 /home/osek/nxtOSEK/ecrobot/../ecrobot/libecrobot.a(udp.oram)
 .comment       0x000000a1       0x12 /home/osek/nxtOSEK/ecrobot/../ecrobot/libecrobot.a(twi.oram)
 .comment       0x000000b3       0x12 /home/osek/nxtOSEK/ecrobot/../ecrobot/libecrobot.a(nxt_spi.oram)
 .comment       0x000000c5       0x12 /home/osek/nxtOSEK/ecrobot/../ecrobot/libecrobot.a(nxt_motors.oram)
 .comment       0x000000d7       0x12 /home/osek/nxtOSEK/ecrobot/../ecrobot/libecrobot.a(data_abort.oram)
 .comment       0x000000e9       0x12 /home/osek/nxtOSEK/ecrobot/../ecrobot/libecrobot.a(display.oram)
 .comment       0x000000fb       0x12 /home/osek/nxtOSEK/ecrobot/../ecrobot/libecrobot.a(i2c.oram)
 .comment       0x0000010d       0x12 /home/osek/nxtOSEK/ecrobot/../ecrobot/libecrobot.a(sound.oram)
 .comment       0x0000011f       0x12 /home/osek/nxtOSEK/ecrobot/../ecrobot/libecrobot.a(bt.oram)
 .comment       0x00000131       0x12 /home/osek/nxtOSEK/ecrobot/../ecrobot/libecrobot.a(nxt_avr.oram)
 .comment       0x00000143       0x12 /home/osek/nxtOSEK/ecrobot/../ecrobot/libecrobot.a(sensors.oram)
 .comment       0x00000155       0x12 /home/osek/nxtOSEK/ecrobot/../ecrobot/libecrobot.a(sensors1.oram)
 .comment       0x00000167       0x12 /home/osek/nxtOSEK/ecrobot/../ecrobot/libecrobot.a(nxt_lcd.oram)
 .comment       0x00000179       0x12 /home/osek/nxtOSEK/ecrobot/../ecrobot/libecrobot.a(flash_loader.oram)
 .comment       0x0000018b       0x12 /home/osek/nxtOSEK/ecrobot/../ecrobot/libecrobot.a(ecrobot_usb.o)
 .comment       0x0000019d       0x12 /home/osek/nxtOSEK/ecrobot/../ecrobot/libecrobot.a(flashprog.oram)
 .comment       0x00000000       0x12 /home/osek/gnuarm/lib/gcc/arm-elf/4.4.2/thumb/interwork/libgcc.a(_muldi3.o)
 .comment       0x00000000       0x12 /home/osek/gnuarm/lib/gcc/arm-elf/4.4.2/thumb/interwork/libgcc.a(_divdi3.o)
 .comment       0x00000000       0x12 /home/osek/gnuarm/lib/gcc/arm-elf/4.4.2/../../../../arm-elf/lib/thumb/interwork/libc.a(lib_a-memcpy.o)
 .comment       0x00000000       0x12 /home/osek/gnuarm/lib/gcc/arm-elf/4.4.2/../../../../arm-elf/lib/thumb/interwork/libc.a(lib_a-memset.o)
 .comment       0x00000000       0x12 /home/osek/gnuarm/lib/gcc/arm-elf/4.4.2/../../../../arm-elf/lib/thumb/interwork/libc.a(lib_a-strcmp.o)
 .comment       0x00000000       0x12 /home/osek/gnuarm/lib/gcc/arm-elf/4.4.2/../../../../arm-elf/lib/thumb/interwork/libc.a(lib_a-strcpy.o)
 .comment       0x00000000       0x12 /home/osek/gnuarm/lib/gcc/arm-elf/4.4.2/../../../../arm-elf/lib/thumb/interwork/libc.a(lib_a-strlen.o)
 .comment       0x00000000       0x12 /home/osek/gnuarm/lib/gcc/arm-elf/4.4.2/../../../../arm-elf/lib/thumb/interwork/libc.a(lib_a-strncpy.o)

.ARM.attributes
                0x00000000       0x10
 .ARM.attributes
                0x00000000       0x10 build/kernel/alarm.o
 .ARM.attributes
                0x00000010       0x10 build/kernel/event.o
 .ARM.attributes
                0x00000020       0x10 build/kernel/interrupt.o
 .ARM.attributes
                0x00000030       0x10 build/kernel/osctl.o
 .ARM.attributes
                0x00000040       0x10 build/kernel/resource.o
 .ARM.attributes
                0x00000050       0x10 build/kernel/task.o
 .ARM.attributes
                0x00000060       0x10 build/kernel/task_manage.o
 .ARM.attributes
                0x00000070       0x10 build/config/at91sam7s-gnu/cpu_config.o
 .ARM.attributes
                0x00000080       0x10 build/config/at91sam7s-gnu/lego_nxt/sys_config.o
 .ARM.attributes
                0x00000090       0x10 build/./kernel_cfg.o
 .ARM.attributes
                0x000000a0       0x10 build/syscalls.o
 .ARM.attributes
                0x000000b0       0x10 build/ecrobot_bluetooth.o
 .ARM.attributes
                0x000000c0       0x10 build/ecrobot_base.o
 .ARM.attributes
                0x000000d0       0x10 build/ecrobot.o
 .ARM.attributes
                0x000000e0       0x10 build/follower.o
 .ARM.attributes
                0x000000f0       0x10 build/syslib/at91sam7s-gnu/lego_nxt/hw_sys_timer.oram
 .ARM.attributes
                0x00000100       0x10 build/nxtvm/platform/nxt/vectors.o
 .ARM.attributes
                0x00000110       0x10 build/config/at91sam7s-gnu/debug.o
 .ARM.attributes
                0x00000120       0x10 build/config/at91sam7s-gnu/lego_nxt/sys_support.o
 .ARM.attributes
                0x00000130       0x10 build/nxt_binary_header.o
 .ARM.attributes
                0x00000140       0x10 build/nxt_entry_point.o
 .ARM.attributes
                0x00000150       0x10 build/ecrobot_init.o
 .ARM.attributes
                0x00000160       0x10 build/config/at91sam7s-gnu/cpu_support.oram
 .ARM.attributes
                0x00000170       0x10 build/config/at91sam7s-gnu/irq.oram
 .ARM.attributes
                0x00000180       0x10 /home/osek/gnuarm/lib/gcc/arm-elf/4.4.2/thumb/interwork/libgcc.a(_udivsi3.o)
 .ARM.attributes
                0x00000190       0x10 /home/osek/gnuarm/lib/gcc/arm-elf/4.4.2/thumb/interwork/libgcc.a(_divsi3.o)
 .ARM.attributes
                0x000001a0       0x10 /home/osek/gnuarm/lib/gcc/arm-elf/4.4.2/thumb/interwork/libgcc.a(_umodsi3.o)
 .ARM.attributes
                0x000001b0       0x10 /home/osek/gnuarm/lib/gcc/arm-elf/4.4.2/thumb/interwork/libgcc.a(_modsi3.o)
 .ARM.attributes
                0x000001c0       0x10 /home/osek/gnuarm/lib/gcc/arm-elf/4.4.2/thumb/interwork/libgcc.a(_dvmd_tls.o)
 .ARM.attributes
                0x000001d0       0x10 /home/osek/gnuarm/lib/gcc/arm-elf/4.4.2/thumb/interwork/libgcc.a(_arm_addsubdf3.o)
 .ARM.attributes
                0x000001e0       0x10 /home/osek/gnuarm/lib/gcc/arm-elf/4.4.2/thumb/interwork/libgcc.a(_arm_muldivdf3.o)
 .ARM.attributes
                0x000001f0       0x10 /home/osek/gnuarm/lib/gcc/arm-elf/4.4.2/thumb/interwork/libgcc.a(_arm_cmpdf2.o)
 .ARM.attributes
                0x00000200       0x10 /home/osek/gnuarm/lib/gcc/arm-elf/4.4.2/thumb/interwork/libgcc.a(_arm_fixdfsi.o)
 .ARM.attributes
                0x00000210       0x10 /home/osek/gnuarm/lib/gcc/arm-elf/4.4.2/thumb/interwork/libgcc.a(_arm_truncdfsf2.o)
 .ARM.attributes
                0x00000220       0x10 /home/osek/gnuarm/lib/gcc/arm-elf/4.4.2/thumb/interwork/libgcc.a(_arm_addsubsf3.o)
 .ARM.attributes
                0x00000230       0x10 /home/osek/gnuarm/lib/gcc/arm-elf/4.4.2/thumb/interwork/libgcc.a(_arm_muldivsf3.o)
 .ARM.attributes
                0x00000240       0x10 /home/osek/gnuarm/lib/gcc/arm-elf/4.4.2/thumb/interwork/libgcc.a(_muldi3.o)
 .ARM.attributes
                0x00000250       0x10 /home/osek/gnuarm/lib/gcc/arm-elf/4.4.2/thumb/interwork/libgcc.a(_divdi3.o)
 .ARM.attributes
                0x00000260       0x10 /home/osek/gnuarm/lib/gcc/arm-elf/4.4.2/thumb/interwork/libgcc.a(_clzsi2.o)
 .ARM.attributes
                0x00000270       0x10 /home/osek/gnuarm/lib/gcc/arm-elf/4.4.2/../../../../arm-elf/lib/thumb/interwork/libc.a(lib_a-memcpy.o)
 .ARM.attributes
                0x00000280       0x10 /home/osek/gnuarm/lib/gcc/arm-elf/4.4.2/../../../../arm-elf/lib/thumb/interwork/libc.a(lib_a-memset.o)
 .ARM.attributes
                0x00000290       0x10 /home/osek/gnuarm/lib/gcc/arm-elf/4.4.2/../../../../arm-elf/lib/thumb/interwork/libc.a(lib_a-strcmp.o)
 .ARM.attributes
                0x000002a0       0x10 /home/osek/gnuarm/lib/gcc/arm-elf/4.4.2/../../../../arm-elf/lib/thumb/interwork/libc.a(lib_a-strcpy.o)
 .ARM.attributes
                0x000002b0       0x10 /home/osek/gnuarm/lib/gcc/arm-elf/4.4.2/../../../../arm-elf/lib/thumb/interwork/libc.a(lib_a-strlen.o)
 .ARM.attributes
                0x000002c0       0x10 /home/osek/gnuarm/lib/gcc/arm-elf/4.4.2/../../../../arm-elf/lib/thumb/interwork/libc.a(lib_a-strncpy.o)
 .ARM.attributes
                0x000002d0       0x10 build/nxtvm/platform/nxt/vectors.o

.debug_frame    0x00000000       0xa0
 .debug_frame   0x00000000       0x28 /home/osek/gnuarm/lib/gcc/arm-elf/4.4.2/thumb/interwork/libgcc.a(_udivsi3.o)
 .debug_frame   0x00000028       0x28 /home/osek/gnuarm/lib/gcc/arm-elf/4.4.2/thumb/interwork/libgcc.a(_divsi3.o)
 .debug_frame   0x00000050       0x28 /home/osek/gnuarm/lib/gcc/arm-elf/4.4.2/thumb/interwork/libgcc.a(_umodsi3.o)
 .debug_frame   0x00000078       0x28 /home/osek/gnuarm/lib/gcc/arm-elf/4.4.2/thumb/interwork/libgcc.a(_modsi3.o)

.debug_line     0x00000000     0x111c
 .debug_line    0x00000000       0x86 /home/osek/gnuarm/lib/gcc/arm-elf/4.4.2/thumb/interwork/libgcc.a(_udivsi3.o)
 .debug_line    0x00000086       0x92 /home/osek/gnuarm/lib/gcc/arm-elf/4.4.2/thumb/interwork/libgcc.a(_divsi3.o)
 .debug_line    0x00000118       0x7e /home/osek/gnuarm/lib/gcc/arm-elf/4.4.2/thumb/interwork/libgcc.a(_umodsi3.o)
 .debug_line    0x00000196       0x87 /home/osek/gnuarm/lib/gcc/arm-elf/4.4.2/thumb/interwork/libgcc.a(_modsi3.o)
 .debug_line    0x0000021d       0x70 /home/osek/gnuarm/lib/gcc/arm-elf/4.4.2/thumb/interwork/libgcc.a(_dvmd_tls.o)
 .debug_line    0x0000028d      0x178 /home/osek/gnuarm/lib/gcc/arm-elf/4.4.2/thumb/interwork/libgcc.a(_arm_addsubdf3.o)
 .debug_line    0x00000405      0x18d /home/osek/gnuarm/lib/gcc/arm-elf/4.4.2/thumb/interwork/libgcc.a(_arm_muldivdf3.o)
 .debug_line    0x00000592       0xba /home/osek/gnuarm/lib/gcc/arm-elf/4.4.2/thumb/interwork/libgcc.a(_arm_cmpdf2.o)
 .debug_line    0x0000064c       0x85 /home/osek/gnuarm/lib/gcc/arm-elf/4.4.2/thumb/interwork/libgcc.a(_arm_fixdfsi.o)
 .debug_line    0x000006d1       0x96 /home/osek/gnuarm/lib/gcc/arm-elf/4.4.2/thumb/interwork/libgcc.a(_arm_truncdfsf2.o)
 .debug_line    0x00000767      0x126 /home/osek/gnuarm/lib/gcc/arm-elf/4.4.2/thumb/interwork/libgcc.a(_arm_addsubsf3.o)
 .debug_line    0x0000088d      0x130 /home/osek/gnuarm/lib/gcc/arm-elf/4.4.2/thumb/interwork/libgcc.a(_arm_muldivsf3.o)
 .debug_line    0x000009bd       0x7b /home/osek/gnuarm/lib/gcc/arm-elf/4.4.2/thumb/interwork/libgcc.a(_muldi3.o)
 .debug_line    0x00000a38       0xdc /home/osek/gnuarm/lib/gcc/arm-elf/4.4.2/thumb/interwork/libgcc.a(_divdi3.o)
 .debug_line    0x00000b14       0x7d /home/osek/gnuarm/lib/gcc/arm-elf/4.4.2/thumb/interwork/libgcc.a(_clzsi2.o)
 .debug_line    0x00000b91      0x129 /home/osek/gnuarm/lib/gcc/arm-elf/4.4.2/../../../../arm-elf/lib/thumb/interwork/libc.a(lib_a-memcpy.o)
 .debug_line    0x00000cba      0x124 /home/osek/gnuarm/lib/gcc/arm-elf/4.4.2/../../../../arm-elf/lib/thumb/interwork/libc.a(lib_a-memset.o)
 .debug_line    0x00000dde       0xab /home/osek/gnuarm/lib/gcc/arm-elf/4.4.2/../../../../arm-elf/lib/thumb/interwork/libc.a(lib_a-strcmp.o)
 .debug_line    0x00000e89       0xab /home/osek/gnuarm/lib/gcc/arm-elf/4.4.2/../../../../arm-elf/lib/thumb/interwork/libc.a(lib_a-strcpy.o)
 .debug_line    0x00000f34       0xea /home/osek/gnuarm/lib/gcc/arm-elf/4.4.2/../../../../arm-elf/lib/thumb/interwork/libc.a(lib_a-strlen.o)
 .debug_line    0x0000101e       0xfe /home/osek/gnuarm/lib/gcc/arm-elf/4.4.2/../../../../arm-elf/lib/thumb/interwork/libc.a(lib_a-strncpy.o)

.debug_info     0x00000000     0x164e
 .debug_info    0x00000000       0xa2 /home/osek/gnuarm/lib/gcc/arm-elf/4.4.2/thumb/interwork/libgcc.a(_udivsi3.o)
 .debug_info    0x000000a2       0xa2 /home/osek/gnuarm/lib/gcc/arm-elf/4.4.2/thumb/interwork/libgcc.a(_divsi3.o)
 .debug_info    0x00000144       0xa2 /home/osek/gnuarm/lib/gcc/arm-elf/4.4.2/thumb/interwork/libgcc.a(_umodsi3.o)
 .debug_info    0x000001e6       0xa2 /home/osek/gnuarm/lib/gcc/arm-elf/4.4.2/thumb/interwork/libgcc.a(_modsi3.o)
 .debug_info    0x00000288       0xa2 /home/osek/gnuarm/lib/gcc/arm-elf/4.4.2/thumb/interwork/libgcc.a(_dvmd_tls.o)
 .debug_info    0x0000032a       0xa1 /home/osek/gnuarm/lib/gcc/arm-elf/4.4.2/thumb/interwork/libgcc.a(_arm_addsubdf3.o)
 .debug_info    0x000003cb       0xa1 /home/osek/gnuarm/lib/gcc/arm-elf/4.4.2/thumb/interwork/libgcc.a(_arm_muldivdf3.o)
 .debug_info    0x0000046c       0xa1 /home/osek/gnuarm/lib/gcc/arm-elf/4.4.2/thumb/interwork/libgcc.a(_arm_cmpdf2.o)
 .debug_info    0x0000050d       0xa1 /home/osek/gnuarm/lib/gcc/arm-elf/4.4.2/thumb/interwork/libgcc.a(_arm_fixdfsi.o)
 .debug_info    0x000005ae       0xa1 /home/osek/gnuarm/lib/gcc/arm-elf/4.4.2/thumb/interwork/libgcc.a(_arm_truncdfsf2.o)
 .debug_info    0x0000064f       0xa1 /home/osek/gnuarm/lib/gcc/arm-elf/4.4.2/thumb/interwork/libgcc.a(_arm_addsubsf3.o)
 .debug_info    0x000006f0       0xa1 /home/osek/gnuarm/lib/gcc/arm-elf/4.4.2/thumb/interwork/libgcc.a(_arm_muldivsf3.o)
 .debug_info    0x00000791      0x20e /home/osek/gnuarm/lib/gcc/arm-elf/4.4.2/thumb/interwork/libgcc.a(_muldi3.o)
 .debug_info    0x0000099f      0x669 /home/osek/gnuarm/lib/gcc/arm-elf/4.4.2/thumb/interwork/libgcc.a(_divdi3.o)
 .debug_info    0x00001008       0xa2 /home/osek/gnuarm/lib/gcc/arm-elf/4.4.2/thumb/interwork/libgcc.a(_clzsi2.o)
 .debug_info    0x000010aa      0x13e /home/osek/gnuarm/lib/gcc/arm-elf/4.4.2/../../../../arm-elf/lib/thumb/interwork/libc.a(lib_a-memcpy.o)
 .debug_info    0x000011e8      0x111 /home/osek/gnuarm/lib/gcc/arm-elf/4.4.2/../../../../arm-elf/lib/thumb/interwork/libc.a(lib_a-memset.o)
 .debug_info    0x000012f9       0xaf /home/osek/gnuarm/lib/gcc/arm-elf/4.4.2/../../../../arm-elf/lib/thumb/interwork/libc.a(lib_a-strcmp.o)
 .debug_info    0x000013a8       0xb7 /home/osek/gnuarm/lib/gcc/arm-elf/4.4.2/../../../../arm-elf/lib/thumb/interwork/libc.a(lib_a-strcpy.o)
 .debug_info    0x0000145f       0xcb /home/osek/gnuarm/lib/gcc/arm-elf/4.4.2/../../../../arm-elf/lib/thumb/interwork/libc.a(lib_a-strlen.o)
 .debug_info    0x0000152a      0x124 /home/osek/gnuarm/lib/gcc/arm-elf/4.4.2/../../../../arm-elf/lib/thumb/interwork/libc.a(lib_a-strncpy.o)

.debug_abbrev   0x00000000      0x6c4
 .debug_abbrev  0x00000000       0x14 /home/osek/gnuarm/lib/gcc/arm-elf/4.4.2/thumb/interwork/libgcc.a(_udivsi3.o)
 .debug_abbrev  0x00000014       0x14 /home/osek/gnuarm/lib/gcc/arm-elf/4.4.2/thumb/interwork/libgcc.a(_divsi3.o)
 .debug_abbrev  0x00000028       0x14 /home/osek/gnuarm/lib/gcc/arm-elf/4.4.2/thumb/interwork/libgcc.a(_umodsi3.o)
 .debug_abbrev  0x0000003c       0x14 /home/osek/gnuarm/lib/gcc/arm-elf/4.4.2/thumb/interwork/libgcc.a(_modsi3.o)
 .debug_abbrev  0x00000050       0x14 /home/osek/gnuarm/lib/gcc/arm-elf/4.4.2/thumb/interwork/libgcc.a(_dvmd_tls.o)
 .debug_abbrev  0x00000064       0x14 /home/osek/gnuarm/lib/gcc/arm-elf/4.4.2/thumb/interwork/libgcc.a(_arm_addsubdf3.o)
 .debug_abbrev  0x00000078       0x14 /home/osek/gnuarm/lib/gcc/arm-elf/4.4.2/thumb/interwork/libgcc.a(_arm_muldivdf3.o)
 .debug_abbrev  0x0000008c       0x14 /home/osek/gnuarm/lib/gcc/arm-elf/4.4.2/thumb/interwork/libgcc.a(_arm_cmpdf2.o)
 .debug_abbrev  0x000000a0       0x14 /home/osek/gnuarm/lib/gcc/arm-elf/4.4.2/thumb/interwork/libgcc.a(_arm_fixdfsi.o)
 .debug_abbrev  0x000000b4       0x14 /home/osek/gnuarm/lib/gcc/arm-elf/4.4.2/thumb/interwork/libgcc.a(_arm_truncdfsf2.o)
 .debug_abbrev  0x000000c8       0x14 /home/osek/gnuarm/lib/gcc/arm-elf/4.4.2/thumb/interwork/libgcc.a(_arm_addsubsf3.o)
 .debug_abbrev  0x000000dc       0x14 /home/osek/gnuarm/lib/gcc/arm-elf/4.4.2/thumb/interwork/libgcc.a(_arm_muldivsf3.o)
 .debug_abbrev  0x000000f0       0xf5 /home/osek/gnuarm/lib/gcc/arm-elf/4.4.2/thumb/interwork/libgcc.a(_muldi3.o)
 .debug_abbrev  0x000001e5      0x169 /home/osek/gnuarm/lib/gcc/arm-elf/4.4.2/thumb/interwork/libgcc.a(_divdi3.o)
 .debug_abbrev  0x0000034e       0x14 /home/osek/gnuarm/lib/gcc/arm-elf/4.4.2/thumb/interwork/libgcc.a(_clzsi2.o)
 .debug_abbrev  0x00000362       0xa0 /home/osek/gnuarm/lib/gcc/arm-elf/4.4.2/../../../../arm-elf/lib/thumb/interwork/libc.a(lib_a-memcpy.o)
 .debug_abbrev  0x00000402       0xa1 /home/osek/gnuarm/lib/gcc/arm-elf/4.4.2/../../../../arm-elf/lib/thumb/interwork/libc.a(lib_a-memset.o)
 .debug_abbrev  0x000004a3       0x76 /home/osek/gnuarm/lib/gcc/arm-elf/4.4.2/../../../../arm-elf/lib/thumb/interwork/libc.a(lib_a-strcmp.o)
 .debug_abbrev  0x00000519       0x76 /home/osek/gnuarm/lib/gcc/arm-elf/4.4.2/../../../../arm-elf/lib/thumb/interwork/libc.a(lib_a-strcpy.o)
 .debug_abbrev  0x0000058f       0x92 /home/osek/gnuarm/lib/gcc/arm-elf/4.4.2/../../../../arm-elf/lib/thumb/interwork/libc.a(lib_a-strlen.o)
 .debug_abbrev  0x00000621       0xa3 /home/osek/gnuarm/lib/gcc/arm-elf/4.4.2/../../../../arm-elf/lib/thumb/interwork/libc.a(lib_a-strncpy.o)

.debug_aranges  0x00000000      0x2a0
 .debug_aranges
                0x00000000       0x20 /home/osek/gnuarm/lib/gcc/arm-elf/4.4.2/thumb/interwork/libgcc.a(_udivsi3.o)
 .debug_aranges
                0x00000020       0x20 /home/osek/gnuarm/lib/gcc/arm-elf/4.4.2/thumb/interwork/libgcc.a(_divsi3.o)
 .debug_aranges
                0x00000040       0x20 /home/osek/gnuarm/lib/gcc/arm-elf/4.4.2/thumb/interwork/libgcc.a(_umodsi3.o)
 .debug_aranges
                0x00000060       0x20 /home/osek/gnuarm/lib/gcc/arm-elf/4.4.2/thumb/interwork/libgcc.a(_modsi3.o)
 .debug_aranges
                0x00000080       0x20 /home/osek/gnuarm/lib/gcc/arm-elf/4.4.2/thumb/interwork/libgcc.a(_dvmd_tls.o)
 .debug_aranges
                0x000000a0       0x20 /home/osek/gnuarm/lib/gcc/arm-elf/4.4.2/thumb/interwork/libgcc.a(_arm_addsubdf3.o)
 .debug_aranges
                0x000000c0       0x20 /home/osek/gnuarm/lib/gcc/arm-elf/4.4.2/thumb/interwork/libgcc.a(_arm_muldivdf3.o)
 .debug_aranges
                0x000000e0       0x20 /home/osek/gnuarm/lib/gcc/arm-elf/4.4.2/thumb/interwork/libgcc.a(_arm_cmpdf2.o)
 .debug_aranges
                0x00000100       0x20 /home/osek/gnuarm/lib/gcc/arm-elf/4.4.2/thumb/interwork/libgcc.a(_arm_fixdfsi.o)
 .debug_aranges
                0x00000120       0x20 /home/osek/gnuarm/lib/gcc/arm-elf/4.4.2/thumb/interwork/libgcc.a(_arm_truncdfsf2.o)
 .debug_aranges
                0x00000140       0x20 /home/osek/gnuarm/lib/gcc/arm-elf/4.4.2/thumb/interwork/libgcc.a(_arm_addsubsf3.o)
 .debug_aranges
                0x00000160       0x20 /home/osek/gnuarm/lib/gcc/arm-elf/4.4.2/thumb/interwork/libgcc.a(_arm_muldivsf3.o)
 .debug_aranges
                0x00000180       0x20 /home/osek/gnuarm/lib/gcc/arm-elf/4.4.2/thumb/interwork/libgcc.a(_muldi3.o)
 .debug_aranges
                0x000001a0       0x20 /home/osek/gnuarm/lib/gcc/arm-elf/4.4.2/thumb/interwork/libgcc.a(_divdi3.o)
 .debug_aranges
                0x000001c0       0x20 /home/osek/gnuarm/lib/gcc/arm-elf/4.4.2/thumb/interwork/libgcc.a(_clzsi2.o)
 .debug_aranges
                0x000001e0       0x20 /home/osek/gnuarm/lib/gcc/arm-elf/4.4.2/../../../../arm-elf/lib/thumb/interwork/libc.a(lib_a-memcpy.o)
 .debug_aranges
                0x00000200       0x20 /home/osek/gnuarm/lib/gcc/arm-elf/4.4.2/../../../../arm-elf/lib/thumb/interwork/libc.a(lib_a-memset.o)
 .debug_aranges
                0x00000220       0x20 /home/osek/gnuarm/lib/gcc/arm-elf/4.4.2/../../../../arm-elf/lib/thumb/interwork/libc.a(lib_a-strcmp.o)
 .debug_aranges
                0x00000240       0x20 /home/osek/gnuarm/lib/gcc/arm-elf/4.4.2/../../../../arm-elf/lib/thumb/interwork/libc.a(lib_a-strcpy.o)
 .debug_aranges
                0x00000260       0x20 /home/osek/gnuarm/lib/gcc/arm-elf/4.4.2/../../../../arm-elf/lib/thumb/interwork/libc.a(lib_a-strlen.o)
 .debug_aranges
                0x00000280       0x20 /home/osek/gnuarm/lib/gcc/arm-elf/4.4.2/../../../../arm-elf/lib/thumb/interwork/libc.a(lib_a-strncpy.o)

.debug_loc      0x00000000      0xcd8
 .debug_loc     0x00000000      0x156 /home/osek/gnuarm/lib/gcc/arm-elf/4.4.2/thumb/interwork/libgcc.a(_muldi3.o)
 .debug_loc     0x00000156      0x800 /home/osek/gnuarm/lib/gcc/arm-elf/4.4.2/thumb/interwork/libgcc.a(_divdi3.o)
 .debug_loc     0x00000956      0x13b /home/osek/gnuarm/lib/gcc/arm-elf/4.4.2/../../../../arm-elf/lib/thumb/interwork/libc.a(lib_a-memcpy.o)
 .debug_loc     0x00000a91       0xfc /home/osek/gnuarm/lib/gcc/arm-elf/4.4.2/../../../../arm-elf/lib/thumb/interwork/libc.a(lib_a-memset.o)
 .debug_loc     0x00000b8d       0x13 /home/osek/gnuarm/lib/gcc/arm-elf/4.4.2/../../../../arm-elf/lib/thumb/interwork/libc.a(lib_a-strcmp.o)
 .debug_loc     0x00000ba0       0x13 /home/osek/gnuarm/lib/gcc/arm-elf/4.4.2/../../../../arm-elf/lib/thumb/interwork/libc.a(lib_a-strcpy.o)
 .debug_loc     0x00000bb3       0x26 /home/osek/gnuarm/lib/gcc/arm-elf/4.4.2/../../../../arm-elf/lib/thumb/interwork/libc.a(lib_a-strlen.o)
 .debug_loc     0x00000bd9       0xff /home/osek/gnuarm/lib/gcc/arm-elf/4.4.2/../../../../arm-elf/lib/thumb/interwork/libc.a(lib_a-strncpy.o)

.debug_pubnames
                0x00000000       0xed
 .debug_pubnames
                0x00000000       0x1f /home/osek/gnuarm/lib/gcc/arm-elf/4.4.2/thumb/interwork/libgcc.a(_muldi3.o)
 .debug_pubnames
                0x0000001f       0x1f /home/osek/gnuarm/lib/gcc/arm-elf/4.4.2/thumb/interwork/libgcc.a(_divdi3.o)
 .debug_pubnames
                0x0000003e       0x1d /home/osek/gnuarm/lib/gcc/arm-elf/4.4.2/../../../../arm-elf/lib/thumb/interwork/libc.a(lib_a-memcpy.o)
 .debug_pubnames
                0x0000005b       0x1d /home/osek/gnuarm/lib/gcc/arm-elf/4.4.2/../../../../arm-elf/lib/thumb/interwork/libc.a(lib_a-memset.o)
 .debug_pubnames
                0x00000078       0x1d /home/osek/gnuarm/lib/gcc/arm-elf/4.4.2/../../../../arm-elf/lib/thumb/interwork/libc.a(lib_a-strcmp.o)
 .debug_pubnames
                0x00000095       0x1d /home/osek/gnuarm/lib/gcc/arm-elf/4.4.2/../../../../arm-elf/lib/thumb/interwork/libc.a(lib_a-strcpy.o)
 .debug_pubnames
                0x000000b2       0x1d /home/osek/gnuarm/lib/gcc/arm-elf/4.4.2/../../../../arm-elf/lib/thumb/interwork/libc.a(lib_a-strlen.o)
 .debug_pubnames
                0x000000cf       0x1e /home/osek/gnuarm/lib/gcc/arm-elf/4.4.2/../../../../arm-elf/lib/thumb/interwork/libc.a(lib_a-strncpy.o)

.debug_ranges   0x00000000      0x120
 .debug_ranges  0x00000000       0x40 /home/osek/gnuarm/lib/gcc/arm-elf/4.4.2/thumb/interwork/libgcc.a(_muldi3.o)
 .debug_ranges  0x00000040       0xe0 /home/osek/gnuarm/lib/gcc/arm-elf/4.4.2/thumb/interwork/libgcc.a(_divdi3.o)

.debug_str      0x00000000      0x350
 .debug_str     0x00000000      0x133 /home/osek/gnuarm/lib/gcc/arm-elf/4.4.2/thumb/interwork/libgcc.a(_muldi3.o)
                                0x187 (size before relaxing)
 .debug_str     0x00000133       0x3c /home/osek/gnuarm/lib/gcc/arm-elf/4.4.2/thumb/interwork/libgcc.a(_divdi3.o)
                                0x1ba (size before relaxing)
 .debug_str     0x0000016f       0x6e /home/osek/gnuarm/lib/gcc/arm-elf/4.4.2/../../../../arm-elf/lib/thumb/interwork/libc.a(lib_a-memcpy.o)
                                0x103 (size before relaxing)
 .debug_str     0x000001dd       0x54 /home/osek/gnuarm/lib/gcc/arm-elf/4.4.2/../../../../arm-elf/lib/thumb/interwork/libc.a(lib_a-memset.o)
                                 0xf0 (size before relaxing)
 .debug_str     0x00000231       0x45 /home/osek/gnuarm/lib/gcc/arm-elf/4.4.2/../../../../arm-elf/lib/thumb/interwork/libc.a(lib_a-strcmp.o)
                                 0xda (size before relaxing)
 .debug_str     0x00000276       0x45 /home/osek/gnuarm/lib/gcc/arm-elf/4.4.2/../../../../arm-elf/lib/thumb/interwork/libc.a(lib_a-strcpy.o)
                                 0xda (size before relaxing)
 .debug_str     0x000002bb       0x4d /home/osek/gnuarm/lib/gcc/arm-elf/4.4.2/../../../../arm-elf/lib/thumb/interwork/libc.a(lib_a-strlen.o)
                                 0xe9 (size before relaxing)
 .debug_str     0x00000308       0x48 /home/osek/gnuarm/lib/gcc/arm-elf/4.4.2/../../../../arm-elf/lib/thumb/interwork/libc.a(lib_a-strncpy.o)
                                0x106 (size before relaxing)

Cross Reference Table

Symbol                                            File
ActivateTask                                      build/kernel/task_manage.o
                                                  build/./kernel_cfg.o
CancelAlarm                                       build/kernel/alarm.o
ChainTask                                         build/kernel/task_manage.o
ClearEvent                                        build/kernel/event.o
                                                  build/follower.o
DisableAllInterrupts                              build/kernel/interrupt.o
EnableAllInterrupts                               build/kernel/interrupt.o
ErrorHook                                         /home/osek/nxtOSEK/ecrobot/../ecrobot/libecrobot.a(osek_hook.o)
                                                  build/kernel/osctl.o
GetActiveApplicationMode                          build/kernel/osctl.o
GetAlarm                                          build/kernel/alarm.o
GetAlarmBase                                      build/kernel/alarm.o
GetEvent                                          build/kernel/event.o
GetResource                                       build/kernel/resource.o
GetTaskID                                         build/kernel/task_manage.o
GetTaskState                                      build/kernel/task_manage.o
MoveEvent                                         build/./kernel_cfg.o
                                                  build/follower.o
MoveTask                                          build/./kernel_cfg.o
                                                  build/follower.o
NXT_COLORSENSOR_PROTOCOLS                         /home/osek/nxtOSEK/ecrobot/../ecrobot/libecrobot.a(ecrobot_interface.o)
NXT_Entry_Point                                   build/nxt_entry_point.o
                                                  build/nxt_binary_header.o
PostTaskHook                                      /home/osek/nxtOSEK/ecrobot/../ecrobot/libecrobot.a(osek_hook.o)
                                                  build/config/at91sam7s-gnu/cpu_support.oram
                                                  build/kernel/osctl.o
PreTaskHook                                       /home/osek/nxtOSEK/ecrobot/../ecrobot/libecrobot.a(osek_hook.o)
                                                  build/config/at91sam7s-gnu/cpu_support.oram
                                                  build/kernel/osctl.o
ReleaseResource                                   build/kernel/resource.o
ResumeAllInterrupts                               build/kernel/interrupt.o
ResumeOSInterrupts                                build/kernel/interrupt.o
Schedule                                          build/kernel/task_manage.o
SetAbsAlarm                                       build/kernel/alarm.o
SetEvent                                          build/kernel/event.o
                                                  build/follower.o
SetRelAlarm                                       build/kernel/alarm.o
ShutdownHook                                      /home/osek/nxtOSEK/ecrobot/../ecrobot/libecrobot.a(osek_hook.o)
                                                  build/kernel/osctl.o
ShutdownOS                                        build/kernel/osctl.o
                                                  build/follower.o
SignalCounter                                     build/kernel/alarm.o
                                                  build/follower.o
StartOS                                           build/kernel/osctl.o
                                                  build/ecrobot.o
StartupHook                                       /home/osek/nxtOSEK/ecrobot/../ecrobot/libecrobot.a(osek_hook.o)
                                                  build/kernel/osctl.o
StopEvent                                         build/./kernel_cfg.o
                                                  build/follower.o
StopTask                                          build/./kernel_cfg.o
                                                  build/follower.o
SuspendAllInterrupts                              build/kernel/interrupt.o
SuspendOSInterrupts                               build/kernel/interrupt.o
SysTimerCnt                                       build/./kernel_cfg.o
                                                  build/follower.o
TaskMainMoveTask                                  build/follower.o
                                                  build/./kernel_cfg.o
TaskMainStopTask                                  build/follower.o
                                                  build/./kernel_cfg.o
TaskMainnxtcar                                    build/follower.o
                                                  build/./kernel_cfg.o
TerminateTask                                     build/kernel/task_manage.o
                                                  build/follower.o
Time                                              build/follower.o
WaitEvent                                         build/kernel/event.o
                                                  build/follower.o
__adddf3                                          /home/osek/gnuarm/lib/gcc/arm-elf/4.4.2/thumb/interwork/libgcc.a(_arm_addsubdf3.o)
                                                  build/follower.o
__addsf3                                          /home/osek/gnuarm/lib/gcc/arm-elf/4.4.2/thumb/interwork/libgcc.a(_arm_addsubsf3.o)
__aeabi_cdcmpeq                                   /home/osek/gnuarm/lib/gcc/arm-elf/4.4.2/thumb/interwork/libgcc.a(_arm_cmpdf2.o)
__aeabi_cdcmple                                   /home/osek/gnuarm/lib/gcc/arm-elf/4.4.2/thumb/interwork/libgcc.a(_arm_cmpdf2.o)
__aeabi_cdrcmple                                  /home/osek/gnuarm/lib/gcc/arm-elf/4.4.2/thumb/interwork/libgcc.a(_arm_cmpdf2.o)
__aeabi_d2f                                       /home/osek/gnuarm/lib/gcc/arm-elf/4.4.2/thumb/interwork/libgcc.a(_arm_truncdfsf2.o)
__aeabi_d2iz                                      /home/osek/gnuarm/lib/gcc/arm-elf/4.4.2/thumb/interwork/libgcc.a(_arm_fixdfsi.o)
__aeabi_dadd                                      /home/osek/gnuarm/lib/gcc/arm-elf/4.4.2/thumb/interwork/libgcc.a(_arm_addsubdf3.o)
__aeabi_dcmpeq                                    /home/osek/gnuarm/lib/gcc/arm-elf/4.4.2/thumb/interwork/libgcc.a(_arm_cmpdf2.o)
__aeabi_dcmpge                                    /home/osek/gnuarm/lib/gcc/arm-elf/4.4.2/thumb/interwork/libgcc.a(_arm_cmpdf2.o)
__aeabi_dcmpgt                                    /home/osek/gnuarm/lib/gcc/arm-elf/4.4.2/thumb/interwork/libgcc.a(_arm_cmpdf2.o)
__aeabi_dcmple                                    /home/osek/gnuarm/lib/gcc/arm-elf/4.4.2/thumb/interwork/libgcc.a(_arm_cmpdf2.o)
__aeabi_dcmplt                                    /home/osek/gnuarm/lib/gcc/arm-elf/4.4.2/thumb/interwork/libgcc.a(_arm_cmpdf2.o)
__aeabi_ddiv                                      /home/osek/gnuarm/lib/gcc/arm-elf/4.4.2/thumb/interwork/libgcc.a(_arm_muldivdf3.o)
__aeabi_dmul                                      /home/osek/gnuarm/lib/gcc/arm-elf/4.4.2/thumb/interwork/libgcc.a(_arm_muldivdf3.o)
__aeabi_drsub                                     /home/osek/gnuarm/lib/gcc/arm-elf/4.4.2/thumb/interwork/libgcc.a(_arm_addsubdf3.o)
__aeabi_dsub                                      /home/osek/gnuarm/lib/gcc/arm-elf/4.4.2/thumb/interwork/libgcc.a(_arm_addsubdf3.o)
__aeabi_f2d                                       /home/osek/gnuarm/lib/gcc/arm-elf/4.4.2/thumb/interwork/libgcc.a(_arm_addsubdf3.o)
__aeabi_fadd                                      /home/osek/gnuarm/lib/gcc/arm-elf/4.4.2/thumb/interwork/libgcc.a(_arm_addsubsf3.o)
__aeabi_fdiv                                      /home/osek/gnuarm/lib/gcc/arm-elf/4.4.2/thumb/interwork/libgcc.a(_arm_muldivsf3.o)
__aeabi_fmul                                      /home/osek/gnuarm/lib/gcc/arm-elf/4.4.2/thumb/interwork/libgcc.a(_arm_muldivsf3.o)
__aeabi_frsub                                     /home/osek/gnuarm/lib/gcc/arm-elf/4.4.2/thumb/interwork/libgcc.a(_arm_addsubsf3.o)
__aeabi_fsub                                      /home/osek/gnuarm/lib/gcc/arm-elf/4.4.2/thumb/interwork/libgcc.a(_arm_addsubsf3.o)
__aeabi_i2d                                       /home/osek/gnuarm/lib/gcc/arm-elf/4.4.2/thumb/interwork/libgcc.a(_arm_addsubdf3.o)
__aeabi_i2f                                       /home/osek/gnuarm/lib/gcc/arm-elf/4.4.2/thumb/interwork/libgcc.a(_arm_addsubsf3.o)
__aeabi_idiv                                      /home/osek/gnuarm/lib/gcc/arm-elf/4.4.2/thumb/interwork/libgcc.a(_divsi3.o)
__aeabi_idiv0                                     /home/osek/gnuarm/lib/gcc/arm-elf/4.4.2/thumb/interwork/libgcc.a(_dvmd_tls.o)
__aeabi_idivmod                                   /home/osek/gnuarm/lib/gcc/arm-elf/4.4.2/thumb/interwork/libgcc.a(_divsi3.o)