Archive member included because of file (symbol)

/home/osek/nxtOSEK/ecrobot/../ecrobot/libecrobot.a(ecrobot_interface.o)
                              build/follower.o (ecrobot_init_sonar_sensor)
/home/osek/nxtOSEK/ecrobot/../ecrobot/libecrobot.a(colorsensor.o)
                              /home/osek/nxtOSEK/ecrobot/../ecrobot/libecrobot.a(ecrobot_interface.o) (colorsensor_init)
/home/osek/nxtOSEK/ecrobot/../ecrobot/libecrobot.a(osek_hook.o)
                              build/kernel/osctl.o (StartupHook)
/home/osek/nxtOSEK/ecrobot/../ecrobot/libecrobot.a(uart.oram)
                              build/config/at91sam7s-gnu/irq.oram (uart_isr_C_0)
/home/osek/nxtOSEK/ecrobot/../ecrobot/libecrobot.a(systick.oram)
                              build/syslib/at91sam7s-gnu/lego_nxt/hw_sys_timer.oram (systick_low_priority_C)
/home/osek/nxtOSEK/ecrobot/../ecrobot/libecrobot.a(byte_fifo.oram)
                              /home/osek/nxtOSEK/ecrobot/../ecrobot/libecrobot.a(uart.oram) (byte_fifo_put)
/home/osek/nxtOSEK/ecrobot/../ecrobot/libecrobot.a(aic.oram)
                              /home/osek/nxtOSEK/ecrobot/../ecrobot/libecrobot.a(uart.oram) (aic_set_vector)
/home/osek/nxtOSEK/ecrobot/../ecrobot/libecrobot.a(udp.oram)
                              build/config/at91sam7s-gnu/irq.oram (udp_isr_C)
/home/osek/nxtOSEK/ecrobot/../ecrobot/libecrobot.a(twi.oram)
                              build/config/at91sam7s-gnu/irq.oram (twi_isr_C)
/home/osek/nxtOSEK/ecrobot/../ecrobot/libecrobot.a(nxt_spi.oram)
                              build/config/at91sam7s-gnu/irq.oram (spi_isr_C)
/home/osek/nxtOSEK/ecrobot/../ecrobot/libecrobot.a(nxt_motors.oram)
                              build/follower.o (nxt_motor_get_count)
/home/osek/nxtOSEK/ecrobot/../ecrobot/libecrobot.a(data_abort.oram)
                              build/ecrobot_init.o (data_abort_C)
/home/osek/nxtOSEK/ecrobot/../ecrobot/libecrobot.a(display.oram)
                              build/ecrobot_base.o (display_update)
/home/osek/nxtOSEK/ecrobot/../ecrobot/libecrobot.a(i2c.oram)
                              build/config/at91sam7s-gnu/irq.oram (i2c_timer_isr_C)
/home/osek/nxtOSEK/ecrobot/../ecrobot/libecrobot.a(sound.oram)
                              /home/osek/nxtOSEK/ecrobot/../ecrobot/libecrobot.a(ecrobot_interface.o) (sound_get_time)
/home/osek/nxtOSEK/ecrobot/../ecrobot/libecrobot.a(bt.oram)
                              build/ecrobot_bluetooth.o (bt_send)
/home/osek/nxtOSEK/ecrobot/../ecrobot/libecrobot.a(nxt_avr.oram)
                              build/ecrobot_base.o (nxt_avr_power_down)
/home/osek/nxtOSEK/ecrobot/../ecrobot/libecrobot.a(sensors.oram)
                              /home/osek/nxtOSEK/ecrobot/../ecrobot/libecrobot.a(ecrobot_interface.o) (unset_digi0)
/home/osek/nxtOSEK/ecrobot/../ecrobot/libecrobot.a(sensors1.oram)
                              /home/osek/nxtOSEK/ecrobot/../ecrobot/libecrobot.a(colorsensor.o) (sensor_pins)
/home/osek/nxtOSEK/ecrobot/../ecrobot/libecrobot.a(nxt_lcd.oram)
                              /home/osek/nxtOSEK/ecrobot/../ecrobot/libecrobot.a(display.oram) (nxt_lcd_force_update)
/home/osek/nxtOSEK/ecrobot/../ecrobot/libecrobot.a(flash_loader.oram)
                              build/ecrobot.o (set_flash_request)
/home/osek/nxtOSEK/ecrobot/../ecrobot/libecrobot.a(interrupts.oram)
                              /home/osek/nxtOSEK/ecrobot/../ecrobot/libecrobot.a(uart.oram) (interrupts_get_and_disable)
/home/osek/nxtOSEK/ecrobot/../ecrobot/libecrobot.a(nxtosek_splash.obmp)
                              build/ecrobot_base.o (nxtosek_splash_bmp_start)
/home/osek/nxtOSEK/ecrobot/../ecrobot/libecrobot.a(ecrobot_usb.o)
                              /home/osek/nxtOSEK/ecrobot/../ecrobot/libecrobot.a(flash_loader.oram) (ecrobot_init_usb)
/home/osek/nxtOSEK/ecrobot/../ecrobot/libecrobot.a(flashprog.oram)
                              /home/osek/nxtOSEK/ecrobot/../ecrobot/libecrobot.a(flash_loader.oram) (flash_write_page)
/home/osek/gnuarm/lib/gcc/arm-elf/4.4.2/thumb/interwork/libgcc.a(_udivsi3.o)
                              build/ecrobot_base.o (__udivsi3)
/home/osek/gnuarm/lib/gcc/arm-elf/4.4.2/thumb/interwork/libgcc.a(_divsi3.o)
                              build/follower.o (__divsi3)
/home/osek/gnuarm/lib/gcc/arm-elf/4.4.2/thumb/interwork/libgcc.a(_umodsi3.o)
                              /home/osek/nxtOSEK/ecrobot/../ecrobot/libecrobot.a(display.oram) (__umodsi3)
/home/osek/gnuarm/lib/gcc/arm-elf/4.4.2/thumb/interwork/libgcc.a(_modsi3.o)
                              /home/osek/nxtOSEK/ecrobot/../ecrobot/libecrobot.a(sound.oram) (__modsi3)
/home/osek/gnuarm/lib/gcc/arm-elf/4.4.2/thumb/interwork/libgcc.a(_dvmd_tls.o)
                              /home/osek/gnuarm/lib/gcc/arm-elf/4.4.2/thumb/interwork/libgcc.a(_udivsi3.o) (__div0)
/home/osek/gnuarm/lib/gcc/arm-elf/4.4.2/thumb/interwork/libgcc.a(_arm_addsubdf3.o)
                              build/follower.o (__subdf3)
[...]
Memory Configuration

Name             Origin             Length             Attributes
rom              0x00108000         0x00038000
vector_ram       0x00200000         0x00000040
ram              0x00200040         0x0000ffc0
*default*        0x00000000         0xffffffff

Linker script and memory map

LOAD build/kernel/alarm.o
LOAD build/kernel/event.o
LOAD build/kernel/interrupt.o
LOAD build/kernel/osctl.o
LOAD build/kernel/resource.o
LOAD build/kernel/task.o
LOAD build/kernel/task_manage.o
LOAD build/config/at91sam7s-gnu/cpu_config.o
LOAD build/config/at91sam7s-gnu/lego_nxt/sys_config.o
LOAD build/./kernel_cfg.o
LOAD build/syscalls.o
LOAD build/ecrobot_bluetooth.o
LOAD build/ecrobot_base.o
LOAD build/ecrobot.o
LOAD build/follower.o
LOAD build/syslib/at91sam7s-gnu/lego_nxt/hw_sys_timer.oram
LOAD build/nxtvm/platform/nxt/vectors.o
LOAD build/config/at91sam7s-gnu/debug.o
LOAD build/config/at91sam7s-gnu/lego_nxt/sys_support.o
LOAD build/nxt_binary_header.o
LOAD build/nxt_entry_point.o
LOAD build/ecrobot_init.o
LOAD build/config/at91sam7s-gnu/cpu_support.oram
LOAD build/config/at91sam7s-gnu/irq.oram
LOAD /home/osek/nxtOSEK/ecrobot/../c++/liblejososek.a
LOAD /home/osek/nxtOSEK/ecrobot/../ecrobot/libecrobot.a
LOAD /home/osek/gnuarm/lib/gcc/arm-elf/4.4.2/../../../../arm-elf/lib/thumb/interwork/libstdc++.a
LOAD /home/osek/gnuarm/lib/gcc/arm-elf/4.4.2/../../../../arm-elf/lib/thumb/interwork/libm.a
START GROUP
LOAD /home/osek/gnuarm/lib/gcc/arm-elf/4.4.2/thumb/interwork/libgcc.a
LOAD /home/osek/gnuarm/lib/gcc/arm-elf/4.4.2/../../../../arm-elf/lib/thumb/interwork/libc.a
END GROUP
                0x00108000                ROM_BASE = 0x108000
                0x00038000                ROM_SIZE = 0x38000
                0x00200000                RAM_BASE = 0x200000
                0x00010000                RAM_SIZE = 0x10000

.vectors        0x00200000       0x40 load address 0x00108000
 vectors.o(*.text *.text.*)
 .text          0x00200000       0x38 build/nxtvm/platform/nxt/vectors.o
                0x00200040                . = ALIGN (0x10)
 *fill*         0x00200038        0x8 00
                0x00200000                __vectors_ram_start__ = ADDR (.vectors)
                0x00200040                __vectors_ram_end__ = (ADDR (.vectors) + SIZEOF (.vectors))
                0x00108000                __vectors_load_start__ = LOADADDR (.vectors)
                0x00108040                __vectors_load_end__ = (LOADADDR (.vectors) + SIZEOF (.vectors))

.init           0x00108040      0x280
 *ecrobot_init.o(*.text *.text.*)
 .text          0x00108040      0x280 build/ecrobot_init.o
                0x00108040                start
                0x001081ac                undef_handler
                0x001081b0                swi_handler
                0x001081b4                prefetch_abort_handler
                0x001081b8                data_abort_handler
                0x001081d4                reserved_handler
                0x001082c0                . = ALIGN (0x10)

.ram_text       0x00200040     0x30f0 load address 0x001082c0
                0x00200040                . = ALIGN (0x10)
 *.oram(*.text *.text.* *.glue*)
 .text.systick_isr_C1
                0x00200040       0x28 build/syslib/at91sam7s-gnu/lego_nxt/hw_sys_timer.oram
                0x00200040                systick_isr_C1
 *fill*         0x00200068        0x8 00
 .text          0x00200070      0x230 build/config/at91sam7s-gnu/cpu_support.oram
                0x00200070                dispatch
                0x002000b0                activate_r
                0x002000e0                exit_and_dispatch
                0x002000f0                start_dispatch
                0x002001ac                _interrupt
                0x0020021c                int_return
                0x00200248                disable_int
                0x00200250                enable_int
                0x00200258                nop
 .text          0x002002a0      0x2c0 build/config/at91sam7s-gnu/irq.oram
                0x002002a0                default_isr
                0x002002a0                default_fiq
                0x002002a0                spurious_isr
                0x002002a4                systick_isr_entry
                0x002002ec                systick_low_priority_entry
                0x0020032c                udp_isr_entry
                0x0020036c                spi_isr_entry
                0x002003ac                twi_isr_entry
                0x002003ec                sound_isr_entry
                0x0020042c                uart_isr_entry_0
                0x0020046c                uart_isr_entry_1
                0x002004ac                nxt_motor_isr_entry
                0x002004ec                i2c_timer_isr_entry
 .text.uart_process_isr
                0x00200560       0x88 /home/osek/nxtOSEK/ecrobot/../ecrobot/libecrobot.a(uart.oram)
 .text.uart_isr_C_0
                0x002005e8        0xc /home/osek/nxtOSEK/ecrobot/../ecrobot/libecrobot.a(uart.oram)
                0x002005e8                uart_isr_C_0
 .text.uart_isr_C_1
                0x002005f4        0xc /home/osek/nxtOSEK/ecrobot/../ecrobot/libecrobot.a(uart.oram)
                0x002005f4                uart_isr_C_1
 .text.systick_low_priority_C
                0x00200600       0x1c /home/osek/nxtOSEK/ecrobot/../ecrobot/libecrobot.a(systick.oram)
                0x00200600                systick_low_priority_C
 .text.systick_isr_C
                0x0020061c       0x24 /home/osek/nxtOSEK/ecrobot/../ecrobot/libecrobot.a(systick.oram)
                0x0020061c                systick_isr_C
 .text.systick_get_ms
                0x00200640        0xc /home/osek/nxtOSEK/ecrobot/../ecrobot/libecrobot.a(systick.oram)
                0x00200640                systick_get_ms
 .text.systick_wait_ms
                0x0020064c       0x1c /home/osek/nxtOSEK/ecrobot/../ecrobot/libecrobot.a(systick.oram)
                0x0020064c                systick_wait_ms
 .text.systick_wait_ns
                0x00200668       0x1c /home/osek/nxtOSEK/ecrobot/../ecrobot/libecrobot.a(systick.oram)
                0x00200668                systick_wait_ns
 .text.systick_init
                0x00200684       0x58 /home/osek/nxtOSEK/ecrobot/../ecrobot/libecrobot.a(systick.oram)
                0x00200684                systick_init
 .text.systick_suspend
                0x002006dc        0xc /home/osek/nxtOSEK/ecrobot/../ecrobot/libecrobot.a(systick.oram)
                0x002006dc                systick_suspend
 .text.systick_resume
                0x002006e8        0xc /home/osek/nxtOSEK/ecrobot/../ecrobot/libecrobot.a(systick.oram)
                0x002006e8                systick_resume
 .text.byte_fifo_put
                0x002006f4       0x58 /home/osek/nxtOSEK/ecrobot/../ecrobot/libecrobot.a(byte_fifo.oram)
                0x002006f4                byte_fifo_put
 .text.byte_fifo_get
                0x0020074c       0x2c /home/osek/nxtOSEK/ecrobot/../ecrobot/libecrobot.a(byte_fifo.oram)
                0x0020074c                byte_fifo_get
 .text.aic_initialise
                0x00200778       0x5c /home/osek/nxtOSEK/ecrobot/../ecrobot/libecrobot.a(aic.oram)
                0x00200778                aic_initialise
 .text.aic_set_vector
                0x002007d4       0x30 /home/osek/nxtOSEK/ecrobot/../ecrobot/libecrobot.a(aic.oram)
                0x002007d4                aic_set_vector
 .text.aic_mask_on
                0x00200804       0x24 /home/osek/nxtOSEK/ecrobot/../ecrobot/libecrobot.a(aic.oram)
                0x00200804                aic_mask_on
 .text.aic_mask_off
                0x00200828       0x24 /home/osek/nxtOSEK/ecrobot/../ecrobot/libecrobot.a(aic.oram)
                0x00200828                aic_mask_off
 .text.aic_clear
                0x0020084c       0x24 /home/osek/nxtOSEK/ecrobot/../ecrobot/libecrobot.a(aic.oram)
                0x0020084c                aic_clear
 .text.reset    0x00200870       0x4c /home/osek/nxtOSEK/ecrobot/../ecrobot/libecrobot.a(udp.oram)
 .text.udp_send_null
                0x002008bc       0x2c /home/osek/nxtOSEK/ecrobot/../ecrobot/libecrobot.a(udp.oram)
 .text.udp_send_stall
                0x002008e8       0x2c /home/osek/nxtOSEK/ecrobot/../ecrobot/libecrobot.a(udp.oram)
 .text.udp_send_control
                0x00200914       0x60 /home/osek/nxtOSEK/ecrobot/../ecrobot/libecrobot.a(udp.oram)
 .text.udp_isr_C
                0x00200974      0x7d0 /home/osek/nxtOSEK/ecrobot/../ecrobot/libecrobot.a(udp.oram)
                0x00200974                udp_isr_C
 .text.twi_status
                0x00201144       0x20 /home/osek/nxtOSEK/ecrobot/../ecrobot/libecrobot.a(twi.oram)
                0x00201144                twi_status
 .text.twi_isr_C
                0x00201164       0xc4 /home/osek/nxtOSEK/ecrobot/../ecrobot/libecrobot.a(twi.oram)
                0x00201164                twi_isr_C
 .text.twi_reset
                0x00201228       0xb4 /home/osek/nxtOSEK/ecrobot/../ecrobot/libecrobot.a(twi.oram)
                0x00201228                twi_reset
 .text.twi_init
                0x002012dc       0x4c /home/osek/nxtOSEK/ecrobot/../ecrobot/libecrobot.a(twi.oram)
                0x002012dc                twi_init
 .text.twi_start_read
                0x00201328       0x60 /home/osek/nxtOSEK/ecrobot/../ecrobot/libecrobot.a(twi.oram)
                0x00201328                twi_start_read
 .text.twi_start_write
                0x00201388       0x64 /home/osek/nxtOSEK/ecrobot/../ecrobot/libecrobot.a(twi.oram)
                0x00201388                twi_start_write
 .text.spi_set_mode
                0x002013ec       0x40 /home/osek/nxtOSEK/ecrobot/../ecrobot/libecrobot.a(nxt_spi.oram)
 .text.spi_isr_C
                0x0020142c       0x8c /home/osek/nxtOSEK/ecrobot/../ecrobot/libecrobot.a(nxt_spi.oram)
                0x0020142c                spi_isr_C
 .text.nxt_spi_init
                0x002014b8      0x12c /home/osek/nxtOSEK/ecrobot/../ecrobot/libecrobot.a(nxt_spi.oram)
                0x002014b8                nxt_spi_init
 .text.nxt_spi_write
                0x002015e4       0x44 /home/osek/nxtOSEK/ecrobot/../ecrobot/libecrobot.a(nxt_spi.oram)
                0x002015e4                nxt_spi_write
 .text.nxt_spi_set_display
                0x00201628       0x10 /home/osek/nxtOSEK/ecrobot/../ecrobot/libecrobot.a(nxt_spi.oram)
                0x00201628                nxt_spi_set_display
 .text.nxt_spi_refresh
                0x00201638       0x24 /home/osek/nxtOSEK/ecrobot/../ecrobot/libecrobot.a(nxt_spi.oram)
                0x00201638                nxt_spi_refresh
 .text.nxt_motor_get_count
                0x0020165c       0x14 /home/osek/nxtOSEK/ecrobot/../ecrobot/libecrobot.a(nxt_motors.oram)
                0x0020165c                nxt_motor_get_count
 .text.nxt_motor_set_count
                0x00201670       0x10 /home/osek/nxtOSEK/ecrobot/../ecrobot/libecrobot.a(nxt_motors.oram)
                0x00201670                nxt_motor_set_count
 .text.nxt_motor_set_speed
                0x00201680       0x34 /home/osek/nxtOSEK/ecrobot/../ecrobot/libecrobot.a(nxt_motors.oram)
                0x00201680                nxt_motor_set_speed
 .text.nxt_motor_1kHz_process
                0x002016b4       0x28 /home/osek/nxtOSEK/ecrobot/../ecrobot/libecrobot.a(nxt_motors.oram)
                0x002016b4                nxt_motor_1kHz_process
 .text.nxt_motor_quad_decode
                0x002016dc       0x30 /home/osek/nxtOSEK/ecrobot/../ecrobot/libecrobot.a(nxt_motors.oram)
                0x002016dc                nxt_motor_quad_decode
 .text.nxt_motor_isr_C
                0x0020170c       0x88 /home/osek/nxtOSEK/ecrobot/../ecrobot/libecrobot.a(nxt_motors.oram)
                0x0020170c                nxt_motor_isr_C
 .text.nxt_motor_init
                0x00201794       0x68 /home/osek/nxtOSEK/ecrobot/../ecrobot/libecrobot.a(nxt_motors.oram)
                0x00201794                nxt_motor_init
 .text.data_abort_C
                0x002017fc       0x7c /home/osek/nxtOSEK/ecrobot/../ecrobot/libecrobot.a(data_abort.oram)
                0x002017fc                data_abort_C
 .text.display_update
                0x00201878       0x14 /home/osek/nxtOSEK/ecrobot/../ecrobot/libecrobot.a(display.oram)
                0x00201878                display_update
 .text.display_force_update
                0x0020188c        0xc /home/osek/nxtOSEK/ecrobot/../ecrobot/libecrobot.a(display.oram)
                0x0020188c                display_force_update
 .text.display_clear
                0x00201898       0x24 /home/osek/nxtOSEK/ecrobot/../ecrobot/libecrobot.a(display.oram)
                0x00201898                display_clear
 .text.display_goto_xy
                0x002018bc       0x14 /home/osek/nxtOSEK/ecrobot/../ecrobot/libecrobot.a(display.oram)
                0x002018bc                display_goto_xy
 .text.display_char
                0x002018d0       0x60 /home/osek/nxtOSEK/ecrobot/../ecrobot/libecrobot.a(display.oram)
                0x002018d0                display_char
 .text.display_string
                0x00201930       0x3c /home/osek/nxtOSEK/ecrobot/../ecrobot/libecrobot.a(display.oram)
                0x00201930                display_string
 .text.display_hex
                0x0020196c       0x50 /home/osek/nxtOSEK/ecrobot/../ecrobot/libecrobot.a(display.oram)
                0x0020196c                display_hex
 .text.display_unsigned_worker
                0x002019bc       0x70 /home/osek/nxtOSEK/ecrobot/../ecrobot/libecrobot.a(display.oram)
 .text.display_unsigned
                0x00201a2c        0xc /home/osek/nxtOSEK/ecrobot/../ecrobot/libecrobot.a(display.oram)
                0x00201a2c                display_unsigned
 .text.display_int
                0x00201a38       0x14 /home/osek/nxtOSEK/ecrobot/../ecrobot/libecrobot.a(display.oram)
                0x00201a38                display_int
 .text.display_bitmap_copy
                0x00201a4c       0x5c /home/osek/nxtOSEK/ecrobot/../ecrobot/libecrobot.a(display.oram)
                0x00201a4c                display_bitmap_copy
 .text.display_init
                0x00201aa8       0x50 /home/osek/nxtOSEK/ecrobot/../ecrobot/libecrobot.a(display.oram)
                0x00201aa8                display_init
 .text.i2c_timer_isr_C
                0x00201af8      0x314 /home/osek/nxtOSEK/ecrobot/../ecrobot/libecrobot.a(i2c.oram)
                0x00201af8                i2c_timer_isr_C
 .text.i2c_disable
                0x00201e0c       0x20 /home/osek/nxtOSEK/ecrobot/../ecrobot/libecrobot.a(i2c.oram)
                0x00201e0c                i2c_disable
 .text.i2c_enable
                0x00201e2c       0x40 /home/osek/nxtOSEK/ecrobot/../ecrobot/libecrobot.a(i2c.oram)
                0x00201e2c                i2c_enable
 .text.i2c_init
                0x00201e6c       0xa4 /home/osek/nxtOSEK/ecrobot/../ecrobot/libecrobot.a(i2c.oram)
                0x00201e6c                i2c_init
 .text.i2c_busy
                0x00201f10       0x24 /home/osek/nxtOSEK/ecrobot/../ecrobot/libecrobot.a(i2c.oram)
                0x00201f10                i2c_busy
 .text.i2c_start_transaction
                0x00201f34      0x108 /home/osek/nxtOSEK/ecrobot/../ecrobot/libecrobot.a(i2c.oram)
                0x00201f34                i2c_start_transaction
 .text.sound_fill_sample_buffer
                0x0020203c       0xe4 /home/osek/nxtOSEK/ecrobot/../ecrobot/libecrobot.a(sound.oram)
                0x0020203c                sound_fill_sample_buffer
 .text.sound_init
                0x00202120       0xa0 /home/osek/nxtOSEK/ecrobot/../ecrobot/libecrobot.a(sound.oram)
                0x00202120                sound_init
 .text.sound_isr_C
                0x002021c0      0x144 /home/osek/nxtOSEK/ecrobot/../ecrobot/libecrobot.a(sound.oram)
                0x002021c0                sound_isr_C
 .text.bt_init  0x00202304      0x1c0 /home/osek/nxtOSEK/ecrobot/../ecrobot/libecrobot.a(bt.oram)
                0x00202304                bt_init
 .text.nxt_avr_power_down
                0x002024c4       0x10 /home/osek/nxtOSEK/ecrobot/../ecrobot/libecrobot.a(nxt_avr.oram)
                0x002024c4                nxt_avr_power_down
 .text.nxt_avr_link_init
                0x002024d4       0x20 /home/osek/nxtOSEK/ecrobot/../ecrobot/libecrobot.a(nxt_avr.oram)
                0x002024d4                nxt_avr_link_init
 .text.nxt_avr_init
                0x002024f4       0x6c /home/osek/nxtOSEK/ecrobot/../ecrobot/libecrobot.a(nxt_avr.oram)
                0x002024f4                nxt_avr_init
 .text.nxt_avr_1kHz_update
                0x00202560      0x1cc /home/osek/nxtOSEK/ecrobot/../ecrobot/libecrobot.a(nxt_avr.oram)
                0x00202560                nxt_avr_1kHz_update
 .text.buttons_get
                0x0020272c        0xc /home/osek/nxtOSEK/ecrobot/../ecrobot/libecrobot.a(nxt_avr.oram)
                0x0020272c                buttons_get
 .text.battery_voltage
                0x00202738       0x28 /home/osek/nxtOSEK/ecrobot/../ecrobot/libecrobot.a(nxt_avr.oram)
                0x00202738                battery_voltage
 .text.nxt_avr_set_motor
                0x00202760       0x34 /home/osek/nxtOSEK/ecrobot/../ecrobot/libecrobot.a(nxt_avr.oram)
                0x00202760                nxt_avr_set_motor
 .text.nxt_avr_set_input_power
                0x00202794       0x3c /home/osek/nxtOSEK/ecrobot/../ecrobot/libecrobot.a(nxt_avr.oram)
                0x00202794                nxt_avr_set_input_power
 .text.unset_digi0
                0x002027d0       0x44 /home/osek/nxtOSEK/ecrobot/../ecrobot/libecrobot.a(sensors.oram)
                0x002027d0                unset_digi0
 .text.unset_digi1
                0x00202814       0x44 /home/osek/nxtOSEK/ecrobot/../ecrobot/libecrobot.a(sensors.oram)
                0x00202814                unset_digi1
 .text.init_sensors
                0x00202858       0x4c /home/osek/nxtOSEK/ecrobot/../ecrobot/libecrobot.a(sensors.oram)
                0x00202858                init_sensors
 .text.nxt_lcd_command
                0x002028a4       0x18 /home/osek/nxtOSEK/ecrobot/../ecrobot/libecrobot.a(nxt_lcd.oram)
                0x002028a4                nxt_lcd_command
 .text.nxt_lcd_set_col
                0x002028bc       0x24 /home/osek/nxtOSEK/ecrobot/../ecrobot/libecrobot.a(nxt_lcd.oram)
                0x002028bc                nxt_lcd_set_col
 .text.nxt_lcd_set_multiplex_rate
                0x002028e0       0x18 /home/osek/nxtOSEK/ecrobot/../ecrobot/libecrobot.a(nxt_lcd.oram)
                0x002028e0                nxt_lcd_set_multiplex_rate
 .text.nxt_lcd_set_page_address
                0x002028f8       0x18 /home/osek/nxtOSEK/ecrobot/../ecrobot/libecrobot.a(nxt_lcd.oram)
                0x002028f8                nxt_lcd_set_page_address
 .text.nxt_lcd_set_pot
                0x00202910       0x1c /home/osek/nxtOSEK/ecrobot/../ecrobot/libecrobot.a(nxt_lcd.oram)
                0x00202910                nxt_lcd_set_pot
 .text.nxt_lcd_set_ram_address_control
                0x0020292c       0x18 /home/osek/nxtOSEK/ecrobot/../ecrobot/libecrobot.a(nxt_lcd.oram)
                0x0020292c                nxt_lcd_set_ram_address_control
 .text.nxt_lcd_enable
                0x00202944       0x14 /home/osek/nxtOSEK/ecrobot/../ecrobot/libecrobot.a(nxt_lcd.oram)
                0x00202944                nxt_lcd_enable
 .text.nxt_lcd_set_map_control
                0x00202958       0x18 /home/osek/nxtOSEK/ecrobot/../ecrobot/libecrobot.a(nxt_lcd.oram)
                0x00202958                nxt_lcd_set_map_control
 .text.nxt_lcd_reset
                0x00202970        0xc /home/osek/nxtOSEK/ecrobot/../ecrobot/libecrobot.a(nxt_lcd.oram)
                0x00202970                nxt_lcd_reset
 .text.nxt_lcd_set_bias_ratio
                0x0020297c       0x18 /home/osek/nxtOSEK/ecrobot/../ecrobot/libecrobot.a(nxt_lcd.oram)
                0x0020297c                nxt_lcd_set_bias_ratio
 .text.nxt_lcd_force_update
                0x00202994       0x30 /home/osek/nxtOSEK/ecrobot/../ecrobot/libecrobot.a(nxt_lcd.oram)
                0x00202994                nxt_lcd_force_update
 .text.nxt_lcd_update
                0x002029c4        0xc /home/osek/nxtOSEK/ecrobot/../ecrobot/libecrobot.a(nxt_lcd.oram)
                0x002029c4                nxt_lcd_update
 .text.nxt_lcd_power_up
                0x002029d0       0x48 /home/osek/nxtOSEK/ecrobot/../ecrobot/libecrobot.a(nxt_lcd.oram)
                0x002029d0                nxt_lcd_power_up
 .text.nxt_lcd_power_down
                0x00202a18        0xc /home/osek/nxtOSEK/ecrobot/../ecrobot/libecrobot.a(nxt_lcd.oram)
                0x00202a18                nxt_lcd_power_down
 .text.nxt_lcd_init
                0x00202a24       0x18 /home/osek/nxtOSEK/ecrobot/../ecrobot/libecrobot.a(nxt_lcd.oram)
                0x00202a24                nxt_lcd_init
 .text.verify_flash_page
                0x00202a3c       0x34 /home/osek/nxtOSEK/ecrobot/../ecrobot/libecrobot.a(flash_loader.oram)
 .text.set_flash_request
                0x00202a70       0x38 /home/osek/nxtOSEK/ecrobot/../ecrobot/libecrobot.a(flash_loader.oram)
                0x00202a70                set_flash_request
 .text.nxt_device_init
                0x00202aa8       0x38 /home/osek/nxtOSEK/ecrobot/../ecrobot/libecrobot.a(flash_loader.oram)
                0x00202aa8                nxt_device_init
 .text          0x00202ae0       0x68 /home/osek/nxtOSEK/ecrobot/../ecrobot/libecrobot.a(interrupts.oram)
                0x00202ae0                interrupts_get_and_disable
                0x00202b04                interrupts_enable
                0x00202b14                fiq_get_and_disable
                0x00202b38                fiq_enable
 .text.flash_write_page
                0x00202b48       0xc0 /home/osek/nxtOSEK/ecrobot/../ecrobot/libecrobot.a(flashprog.oram)
                0x00202b48                flash_write_page
                0x00202c10                . = ALIGN (0x10)
 *fill*         0x00202c08        0x8 00
 *.oram(*.rodata *.rodata.*)
 .rodata.ld     0x00202c10        0x4 /home/osek/nxtOSEK/ecrobot/../ecrobot/libecrobot.a(udp.oram)
 .rodata.cfd    0x00202c14       0x20 /home/osek/nxtOSEK/ecrobot/../ecrobot/libecrobot.a(udp.oram)
 .rodata.dd     0x00202c34       0x12 /home/osek/nxtOSEK/ecrobot/../ecrobot/libecrobot.a(udp.oram)
 *fill*         0x00202c46        0x2 00
 .rodata.str1.4
                0x00202c48       0x22 /home/osek/nxtOSEK/ecrobot/../ecrobot/libecrobot.a(data_abort.oram)
                                 0x24 (size before relaxing)
 .rodata.font   0x00202c6a      0x280 /home/osek/nxtOSEK/ecrobot/../ecrobot/libecrobot.a(display.oram)
 *fill*         0x00202eea        0x2 00
 .rodata.str1.4
                0x00202eec       0x76 /home/osek/nxtOSEK/ecrobot/../ecrobot/libecrobot.a(display.oram)
                                 0x78 (size before relaxing)
 *fill*         0x00202f62        0x2 00
 .rodata.i2c_pin
                0x00202f64       0x20 /home/osek/nxtOSEK/ecrobot/../ecrobot/libecrobot.a(i2c.oram)
 .rodata.i2c_timer_isr_C
                0x00202f84       0x38 /home/osek/nxtOSEK/ecrobot/../ecrobot/libecrobot.a(i2c.oram)
 .rodata.silence
                0x00202fbc       0x40 /home/osek/nxtOSEK/ecrobot/../ecrobot/libecrobot.a(sound.oram)
                0x00202fbc                silence
 .rodata.sample_pattern
                0x00202ffc       0x84 /home/osek/nxtOSEK/ecrobot/../ecrobot/libecrobot.a(sound.oram)
                0x00202ffc                sample_pattern
 .rodata        0x00203080        0xc /home/osek/nxtOSEK/ecrobot/../ecrobot/libecrobot.a(sound.oram)
 .rodata.avr_brainwash_string
                0x0020308c       0x30 /home/osek/nxtOSEK/ecrobot/../ecrobot/libecrobot.a(nxt_avr.oram)
                0x0020308c                avr_brainwash_string
 .rodata.nxt_avr_1kHz_update
                0x002030bc       0x14 /home/osek/nxtOSEK/ecrobot/../ecrobot/libecrobot.a(nxt_avr.oram)
 .rodata.C.33.1823
                0x002030d0       0x10 /home/osek/nxtOSEK/ecrobot/../ecrobot/libecrobot.a(sensors.oram)
 .rodata.C.37.1857
                0x002030e0       0x10 /home/osek/nxtOSEK/ecrobot/../ecrobot/libecrobot.a(sensors.oram)
 .rodata.str1.4
                0x002030f0       0x24 /home/osek/nxtOSEK/ecrobot/../ecrobot/libecrobot.a(flash_loader.oram)
 *fill*         0x00203114        0x4 00
 .rodata.str1.4.stub
                0x00203118       0x10 linker stubs
                0x00203130                . = ALIGN (0x10)
 *fill*         0x00203128        0x8 00
                0x00200040                __ramtext_ram_start__ = ADDR (.ram_text)
                0x00203130                __ramtext_ram_end__ = (ADDR (.ram_text) + SIZEOF (.ram_text))
                0x001082c0                __ramtext_load_start__ = LOADADDR (.ram_text)
                0x0010b3b0                __ramtext_load_end__ = (__ramtext_load_start__ + SIZEOF (.ram_text))

.wav_data       0x0010b3b0        0x0
 *.owav(*.data *.data.*)
                0x0010b3b0                . = ALIGN (0x10)

.bmp_data       0x0010b3b0      0x440
 *.obmp(*.data *.data.*)
 .data          0x0010b3b0      0x43e /home/osek/nxtOSEK/ecrobot/../ecrobot/libecrobot.a(nxtosek_splash.obmp)
                0x0010b3b0                nxtosek_splash_bmp_start
                0x0010b7ee                nxtosek_splash_bmp_end
                0x0010b7f0                . = ALIGN (0x10)
 *fill*         0x0010b7ee        0x2 00

.spr_data       0x0010b7f0        0x0
 *.ospr(*.data *.data.*)
                0x0010b7f0                . = ALIGN (0x10)

.data           0x00203130       0x90 load address 0x0010b7f0
 *(*.data *.data.*)
 .data.Time     0x00203130        0x8 build/follower.o
                0x00203130                Time
 .data.sKd      0x00203138        0x4 build/follower.o
                0x00203138                sKd
 .data.safeDistance
                0x0020313c        0x4 build/follower.o
                0x0020313c                safeDistance
 .data.lrKp     0x00203140        0x4 build/follower.o
                0x00203140                lrKp
 .data.sKp      0x00203144        0x4 build/follower.o
                0x00203144                sKp
 .data.lrKd     0x00203148        0x4 build/follower.o
                0x00203148                lrKd
 .data.distance_state
                0x0020314c       0x10 /home/osek/nxtOSEK/ecrobot/../ecrobot/libecrobot.a(ecrobot_interface.o)
 .data.deviceStatus
                0x0020315c        0x1 /home/osek/nxtOSEK/ecrobot/../ecrobot/libecrobot.a(ecrobot_interface.o)
 .bss.data.2701
                0x0020315d        0x4 /home/osek/nxtOSEK/ecrobot/../ecrobot/libecrobot.a(ecrobot_interface.o)
 .data.named    0x00203161       0x22 /home/osek/nxtOSEK/ecrobot/../ecrobot/libecrobot.a(udp.oram)
 .data.snd      0x00203183       0x1a /home/osek/nxtOSEK/ecrobot/../ecrobot/libecrobot.a(udp.oram)
 *fill*         0x0020319d        0x3 00
 .data.configured
                0x002031a0        0x4 /home/osek/nxtOSEK/ecrobot/../ecrobot/libecrobot.a(udp.oram)
 .data.mode     0x002031a4        0x1 /home/osek/nxtOSEK/ecrobot/../ecrobot/libecrobot.a(nxt_spi.oram)
                0x002031a4                mode
 *fill*         0x002031a5        0x3 00
 .bss.data      0x002031a8        0x4 /home/osek/nxtOSEK/ecrobot/../ecrobot/libecrobot.a(nxt_spi.oram)
                0x002031a8                data
 .data.display_auto_update
                0x002031ac        0x4 /home/osek/nxtOSEK/ecrobot/../ecrobot/libecrobot.a(display.oram)
                0x002031ac                display_auto_update
 .data.display_buffer
                0x002031b0        0x4 /home/osek/nxtOSEK/ecrobot/../ecrobot/libecrobot.a(display.oram)
                0x002031c0                . = ALIGN (0x10)
 *fill*         0x002031b4        0xc 00
                0x00203130                __data_ram_start__ = ADDR (.data)
                0x002031c0                __data_ram_end__ = (ADDR (.data) + SIZEOF (.data))
                0x0010b7f0                __data_load_start__ = LOADADDR (.data)
                0x0010b880                __data_load_end__ = (__data_load_start__ + SIZEOF (.data))

.text           0x0010b880     0x2d70
                0x0010b880                . = ALIGN (0x10)
 *(*.text *.text.* *.glue*)
 .glue_7        0x0010b880       0x18 linker stubs
                0x0010b880                __call_posttaskhook_from_arm
                0x0010b88c                __call_pretaskhook_from_arm
 .glue_7t       0x00000000        0x0 linker stubs
 .text.enqueue_alarm
                0x0010b898       0x94 build/kernel/alarm.o
 .text.alarm_initialize
                0x0010b92c       0x98 build/kernel/alarm.o
                0x0010b92c                alarm_initialize
 .text.unlock_cpu
                0x0010b9c4        0xc build/kernel/alarm.o
 .text.lock_cpu
                0x0010b9d0        0xc build/kernel/alarm.o
 .text.SignalCounter
                0x0010b9dc      0x128 build/kernel/alarm.o
                0x0010b9dc                SignalCounter
 .text.lock_cpu
                0x0010bb04        0xc build/kernel/event.o
 .text.WaitEvent
                0x0010bb10       0xa8 build/kernel/event.o
                0x0010bb10                WaitEvent
 .text.ClearEvent
                0x0010bbb8       0x64 build/kernel/event.o
                0x0010bbb8                ClearEvent
 .text.SetEvent
                0x0010bc1c       0xa8 build/kernel/event.o
                0x0010bc1c                SetEvent
 .text.ShutdownOS
                0x0010bcc4       0x4c build/kernel/osctl.o
                0x0010bcc4                ShutdownOS
 .text.StartOS  0x0010bd10       0x58 build/kernel/osctl.o
                0x0010bd10                StartOS
 .text.call_pretaskhook
                0x0010bd68       0x24 build/kernel/osctl.o
                0x0010bd68                call_pretaskhook
 .text.call_posttaskhook
                0x0010bd8c       0x24 build/kernel/osctl.o
                0x0010bd8c                call_posttaskhook
 .text.call_errorhook
                0x0010bdb0       0x78 build/kernel/osctl.o
                0x0010bdb0                call_errorhook
 .text.make_runnable
                0x0010be28       0xa4 build/kernel/task.o
                0x0010be28                make_runnable
 .text.make_active
                0x0010becc       0x78 build/kernel/task.o
                0x0010becc                make_active
 .text.task_initialize
                0x0010bf44       0x88 build/kernel/task.o
                0x0010bf44                task_initialize
 .text.search_schedtsk
                0x0010bfcc       0x90 build/kernel/task.o
                0x0010bfcc                search_schedtsk
 .text.unlock_cpu
                0x0010c05c        0xc build/kernel/task_manage.o
 .text.lock_cpu
                0x0010c068        0xc build/kernel/task_manage.o
 .text.ActivateTask
                0x0010c074       0x8c build/kernel/task_manage.o
                0x0010c074                ActivateTask
 .text.TerminateTask
                0x0010c100       0x74 build/kernel/task_manage.o
                0x0010c100                TerminateTask
 .text.cpu_initialize
                0x0010c174        0x4 build/config/at91sam7s-gnu/cpu_config.o
                0x0010c174                cpu_initialize
 .text.cpu_terminate
                0x0010c178        0x4 build/config/at91sam7s-gnu/cpu_config.o
                0x0010c178                cpu_terminate
 .text.sys_initialize
                0x0010c17c        0x4 build/config/at91sam7s-gnu/lego_nxt/sys_config.o
                0x0010c17c                sys_initialize
 .text.sys_exit
                0x0010c180        0x4 build/config/at91sam7s-gnu/lego_nxt/sys_config.o
                0x0010c180                sys_exit
 .text._activate_alarm_cyclic_alarm1
                0x0010c184        0xc build/./kernel_cfg.o
 .text.object_initialize
                0x0010c190       0x10 build/./kernel_cfg.o
                0x0010c190                object_initialize
 .text.init_OS_flag
                0x0010c1a0        0xc build/ecrobot_base.o
                0x0010c1a0                init_OS_flag
 .text.set_OS_flag
                0x0010c1ac        0xc build/ecrobot_base.o
                0x0010c1ac                set_OS_flag
 .text.get_OS_flag
                0x0010c1b8        0xc build/ecrobot_base.o
                0x0010c1b8                get_OS_flag
 .text.cpp_constructor
                0x0010c1c4       0x28 build/ecrobot_base.o
                0x0010c1c4                cpp_constructor
 .text.cpp_destructor
                0x0010c1ec       0x28 build/ecrobot_base.o
                0x0010c1ec                cpp_destructor
 .text.execution_mode
                0x0010c214       0x14 build/ecrobot_base.o
                0x0010c214                execution_mode
 .text.check_NXT_buttons
                0x0010c228       0x7c build/ecrobot_base.o
                0x0010c228                check_NXT_buttons
 .text.add_status_info
                0x0010c2a4       0x68 build/ecrobot_base.o
                0x0010c2a4                add_status_info
 .text.show_main_screen
                0x0010c30c       0x48 build/ecrobot_base.o
                0x0010c30c                show_main_screen
 .text.display_status_bar
                0x0010c354       0x5c build/ecrobot_base.o
                0x0010c354                display_status_bar
 .text.show_splash_screen
                0x0010c3b0       0x98 build/ecrobot_base.o
                0x0010c3b0                show_splash_screen
 .text.main     0x0010c448      0x108 build/ecrobot.o
                0x0010c448                main
 .text.TaskMainStopTask
                0x0010c550       0x38 build/follower.o
                0x0010c550                TaskMainStopTask
 .text.TaskMainMoveTask
                0x0010c588      0x1cc build/follower.o
                0x0010c588                TaskMainMoveTask
 .text.TaskMainnxtcar
                0x0010c754      0x5b4 build/follower.o
                0x0010c754                TaskMainnxtcar
 .text.user_1ms_isr_type2
                0x0010cd08       0x1c build/follower.o
                0x0010cd08                user_1ms_isr_type2
 .text.ecrobot_device_terminate
                0x0010cd24       0x30 build/follower.o
                0x0010cd24                ecrobot_device_terminate
 .text.ecrobot_device_initialize
                0x0010cd54       0x38 build/follower.o
                0x0010cd54                ecrobot_device_initialize
 .text.ecrobot_init_i2c
                0x0010cd8c       0x2c /home/osek/nxtOSEK/ecrobot/../ecrobot/libecrobot.a(ecrobot_interface.o)
                0x0010cd8c                ecrobot_init_i2c
 .text.ecrobot_init_sonar_sensor
                0x0010cdb8       0x10 /home/osek/nxtOSEK/ecrobot/../ecrobot/libecrobot.a(ecrobot_interface.o)
                0x0010cdb8                ecrobot_init_sonar_sensor
 .text.ecrobot_get_sonar_sensor
                0x0010cdc8       0x48 /home/osek/nxtOSEK/ecrobot/../ecrobot/libecrobot.a(ecrobot_interface.o)
                0x0010cdc8                ecrobot_get_sonar_sensor
 .text.ecrobot_term_sonar_sensor
                0x0010ce10       0x20 /home/osek/nxtOSEK/ecrobot/../ecrobot/libecrobot.a(ecrobot_interface.o)
                0x0010ce10                ecrobot_term_sonar_sensor
 .text.ecrobot_get_battery_voltage
                0x0010ce30        0xc /home/osek/nxtOSEK/ecrobot/../ecrobot/libecrobot.a(ecrobot_interface.o)
                0x0010ce30                ecrobot_get_battery_voltage
 .text.ecrobot_get_button_state
                0x0010ce3c        0xc /home/osek/nxtOSEK/ecrobot/../ecrobot/libecrobot.a(ecrobot_interface.o)
                0x0010ce3c                ecrobot_get_button_state
 .text.ecrobot_init_nxtstate
                0x0010ce48       0x28 /home/osek/nxtOSEK/ecrobot/../ecrobot/libecrobot.a(ecrobot_interface.o)
                0x0010ce48                ecrobot_init_nxtstate
 .text.ecrobot_poll_nxtstate
                0x0010ce70       0x64 /home/osek/nxtOSEK/ecrobot/../ecrobot/libecrobot.a(ecrobot_interface.o)
                0x0010ce70                ecrobot_poll_nxtstate
 .text.ecrobot_setDeviceInitialized
                0x0010ced4       0x18 /home/osek/nxtOSEK/ecrobot/../ecrobot/libecrobot.a(ecrobot_interface.o)
                0x0010ced4                ecrobot_setDeviceInitialized
 .text.ecrobot_initDeviceStatus
                0x0010ceec        0xc /home/osek/nxtOSEK/ecrobot/../ecrobot/libecrobot.a(ecrobot_interface.o)
                0x0010ceec                ecrobot_initDeviceStatus
 .text.ecrobot_bmp2lcd
                0x0010cef8      0x1c8 /home/osek/nxtOSEK/ecrobot/../ecrobot/libecrobot.a(ecrobot_interface.o)
                0x0010cef8                ecrobot_bmp2lcd
 .text.StartupHook
                0x0010d0c0        0x4 /home/osek/nxtOSEK/ecrobot/../ecrobot/libecrobot.a(osek_hook.o)
                0x0010d0c0                StartupHook
 .text.PreTaskHook
                0x0010d0c4        0x4 /home/osek/nxtOSEK/ecrobot/../ecrobot/libecrobot.a(osek_hook.o)
                0x0010d0c4                PreTaskHook
 .text.PostTaskHook
                0x0010d0c8        0x4 /home/osek/nxtOSEK/ecrobot/../ecrobot/libecrobot.a(osek_hook.o)
                0x0010d0c8                PostTaskHook
 .text.ErrorHook
                0x0010d0cc        0x4 /home/osek/nxtOSEK/ecrobot/../ecrobot/libecrobot.a(osek_hook.o)
                0x0010d0cc                ErrorHook
 .text.ShutdownHook
                0x0010d0d0        0x4 /home/osek/nxtOSEK/ecrobot/../ecrobot/libecrobot.a(osek_hook.o)
                0x0010d0d0                ShutdownHook
 .text          0x0010d0d4       0x8c /home/osek/gnuarm/lib/gcc/arm-elf/4.4.2/thumb/interwork/libgcc.a(_udivsi3.o)
                0x0010d0d4                __udivsi3
                0x0010d0d4                __aeabi_uidiv
                0x0010d150                __aeabi_uidivmod
 .text          0x0010d160       0xa4 /home/osek/gnuarm/lib/gcc/arm-elf/4.4.2/thumb/interwork/libgcc.a(_divsi3.o)
                0x0010d160                __aeabi_idiv
                0x0010d160                __divsi3
                0x0010d1f4                __aeabi_idivmod
 .text          0x0010d204       0xc8 /home/osek/gnuarm/lib/gcc/arm-elf/4.4.2/thumb/interwork/libgcc.a(_umodsi3.o)
                0x0010d204                __umodsi3
 .text          0x0010d2cc        0x4 /home/osek/gnuarm/lib/gcc/arm-elf/4.4.2/thumb/interwork/libgcc.a(_dvmd_tls.o)
                0x0010d2cc                __aeabi_ldiv0
                0x0010d2cc                __div0
                0x0010d2cc                __aeabi_idiv0
 .text          0x0010d2d0      0x430 /home/osek/gnuarm/lib/gcc/arm-elf/4.4.2/thumb/interwork/libgcc.a(_arm_addsubdf3.o)
                0x0010d2d0                __aeabi_drsub
                0x0010d2d8                __aeabi_dsub
                0x0010d2d8                __subdf3
                0x0010d2dc                __adddf3
                0x0010d2dc                __aeabi_dadd
                0x0010d5ec                __aeabi_ui2d
                0x0010d5ec                __floatunsidf
                0x0010d614                __floatsidf
                0x0010d614                __aeabi_i2d
                0x0010d640                __extendsfdf2
                0x0010d640                __aeabi_f2d
                0x0010d680                __aeabi_ul2d
                0x0010d680                __floatundidf
                0x0010d694                __floatdidf
                0x0010d694                __aeabi_l2d
 .text          0x0010d700      0x49c /home/osek/gnuarm/lib/gcc/arm-elf/4.4.2/thumb/interwork/libgcc.a(_arm_muldivdf3.o)
                0x0010d700                __aeabi_dmul
                0x0010d700                __muldf3
                0x0010d990                __aeabi_ddiv
                0x0010d990                __divdf3
 .text          0x0010db9c      0x140 /home/osek/gnuarm/lib/gcc/arm-elf/4.4.2/thumb/interwork/libgcc.a(_arm_cmpdf2.o)
                0x0010db9c                __gtdf2
                0x0010db9c                __gedf2
                0x0010dba4                __ltdf2
                0x0010dba4                __ledf2
                0x0010dbac                __cmpdf2
                0x0010dbac                __eqdf2
                0x0010dbac                __nedf2
                0x0010dc30                __aeabi_cdrcmple
                0x0010dc4c                __aeabi_cdcmple
                0x0010dc4c                __aeabi_cdcmpeq
                0x0010dc64                __aeabi_dcmpeq
                0x0010dc7c                __aeabi_dcmplt
                0x0010dc94                __aeabi_dcmple
                0x0010dcac                __aeabi_dcmpge
                0x0010dcc4                __aeabi_dcmpgt
 .text          0x0010dcdc       0x5c /home/osek/gnuarm/lib/gcc/arm-elf/4.4.2/thumb/interwork/libgcc.a(_arm_fixdfsi.o)
                0x0010dcdc                __fixdfsi
                0x0010dcdc                __aeabi_d2iz
 .text          0x0010dd38       0xa0 /home/osek/gnuarm/lib/gcc/arm-elf/4.4.2/thumb/interwork/libgcc.a(_arm_truncdfsf2.o)
                0x0010dd38                __aeabi_d2f
                0x0010dd38                __truncdfsf2
 .text          0x0010ddd8      0x2ac /home/osek/gnuarm/lib/gcc/arm-elf/4.4.2/thumb/interwork/libgcc.a(_arm_addsubsf3.o)
                0x0010ddd8                __aeabi_frsub
                0x0010dde0                __subsf3
                0x0010dde0                __aeabi_fsub
                0x0010dde4                __aeabi_fadd
                0x0010dde4                __addsf3
                0x0010dfa0                __aeabi_ui2f
                0x0010dfa0                __floatunsisf
                0x0010dfa8                __aeabi_i2f
                0x0010dfa8                __floatsisf
                0x0010dfc8                __floatundisf
                0x0010dfc8                __aeabi_ul2f
                0x0010dfd8                __floatdisf
                0x0010dfd8                __aeabi_l2f
 .text          0x0010e084      0x2f8 /home/osek/gnuarm/lib/gcc/arm-elf/4.4.2/thumb/interwork/libgcc.a(_arm_muldivsf3.o)
                0x0010e084                __mulsf3
                0x0010e084                __aeabi_fmul
                0x0010e21c                __divsf3
                0x0010e21c                __aeabi_fdiv
 .text          0x0010e37c       0x94 /home/osek/gnuarm/lib/gcc/arm-elf/4.4.2/../../../../arm-elf/lib/thumb/interwork/libc.a(lib_a-memset.o)
                0x0010e37c                memset
 .text          0x0010e410       0x10 /home/osek/gnuarm/lib/gcc/arm-elf/4.4.2/../../../../arm-elf/lib/thumb/interwork/libc.a(lib_a-strcpy.o)
                0x0010e410                strcpy
 .text          0x0010e420       0x10 /home/osek/gnuarm/lib/gcc/arm-elf/4.4.2/../../../../arm-elf/lib/thumb/interwork/libc.a(lib_a-strlen.o)
                0x0010e420                strlen
                0x0010e430                . = ALIGN (0x10)
 *(*.rodata *.rodata.*)
 .rodata.search_table.1018
                0x0010e430       0x10 build/kernel/task.o
 .rodata.alminib_cback
                0x0010e440        0x4 build/./kernel_cfg.o
                0x0010e440                alminib_cback
 .rodata.alminib_cntid
                0x0010e444        0x4 build/./kernel_cfg.o
                0x0010e444                alminib_cntid
 .rodata.tinib_maxact
                0x0010e448        0x4 build/./kernel_cfg.o
                0x0010e448                tinib_maxact
 .rodata.cntinib_tickbase
                0x0010e44c        0x4 build/./kernel_cfg.o
                0x0010e44c                cntinib_tickbase
 .rodata.tnum_task
                0x0010e450        0x1 build/./kernel_cfg.o
                0x0010e450                tnum_task
 *fill*         0x0010e451        0x3 00
 .rodata.cntinib_maxval
                0x0010e454        0x4 build/./kernel_cfg.o
                0x0010e454                cntinib_maxval
 .rodata.alminib_almval
                0x0010e458        0x4 build/./kernel_cfg.o
                0x0010e458                alminib_almval
 .rodata.tinib_stksz
                0x0010e45c        0x8 build/./kernel_cfg.o
                0x0010e45c                tinib_stksz
 .rodata.alminib_cycle
                0x0010e464        0x4 build/./kernel_cfg.o
                0x0010e464                alminib_cycle
 .rodata.StopEvent
                0x0010e468        0x4 build/./kernel_cfg.o
                0x0010e468                StopEvent
 .rodata.tinib_inipri
                0x0010e46c        0x4 build/./kernel_cfg.o
                0x0010e46c                tinib_inipri
 .rodata.tnum_counter
                0x0010e470        0x1 build/./kernel_cfg.o
                0x0010e470                tnum_counter
 *fill*         0x0010e471        0x3 00
 .rodata.cntinib_maxval2
                0x0010e474        0x4 build/./kernel_cfg.o
                0x0010e474                cntinib_maxval2
 .rodata.tinib_stk
                0x0010e478        0xc build/./kernel_cfg.o
                0x0010e478                tinib_stk
 .rodata.tnum_exttask
                0x0010e484        0x1 build/./kernel_cfg.o
                0x0010e484                tnum_exttask
 *fill*         0x0010e485        0x3 00
 .rodata.tinib_exepri
                0x0010e488        0x4 build/./kernel_cfg.o
                0x0010e488                tinib_exepri
 .rodata.MoveTask
                0x0010e48c        0x1 build/./kernel_cfg.o
                0x0010e48c                MoveTask
 *fill*         0x0010e48d        0x3 00
 .rodata.MoveEvent
                0x0010e490        0x4 build/./kernel_cfg.o
                0x0010e490                MoveEvent
 .rodata.SysTimerCnt
                0x0010e494        0x1 build/./kernel_cfg.o
                0x0010e494                SysTimerCnt
 *fill*         0x0010e495        0x3 00
 .rodata.tinib_autoact
                0x0010e498        0x4 build/./kernel_cfg.o
                0x0010e498                tinib_autoact
 .rodata.tnum_alarm
                0x0010e49c        0x1 build/./kernel_cfg.o
                0x0010e49c                tnum_alarm
 .rodata.StopTask
                0x0010e49d        0x1 build/./kernel_cfg.o
                0x0010e49d                StopTask
 *fill*         0x0010e49e        0x2 00
 .rodata.tinib_task
                0x0010e4a0        0xc build/./kernel_cfg.o
                0x0010e4a0                tinib_task
 .rodata.alminib_autosta
                0x0010e4ac        0x4 build/./kernel_cfg.o
                0x0010e4ac                alminib_autosta
 .rodata.str1.1
                0x0010e4b0       0x6c build/ecrobot_base.o
 .rodata.exec_addr
                0x0010e51c        0x4 build/ecrobot_base.o
                0x0010e51c                exec_addr
 .rodata.str1.1
                0x0010e520       0x27 build/follower.o
 *fill*         0x0010e547        0x1 00
 .rodata.str1.1.stub
                0x0010e548       0xa0 linker stubs
                0x0010e5f0                . = ALIGN (0x10)
 *fill*         0x0010e5e8        0x8 00
 *(*.gnu.linkonce.* .gcc_except_table)
                0x0010e5f0                . = ALIGN (0x10)

.vfp11_veneer   0x002031c0        0x0
 .vfp11_veneer  0x00000000        0x0 linker stubs

.v4_bx          0x002031c0        0x0
 .v4_bx         0x00000000        0x0 linker stubs

.tors           0x0010e5f0        0x0
                0x0010e5f0                . = ALIGN (0x10)
                0x0010e5f0                __ctor_begin = .
 *(*.ctors*)
                0x0010e5f0                __ctor_end = .
                0x0010e5f0                . = ALIGN (0x10)
                0x0010e5f0                __dtor_begin = .
 *(*.dtors*)
                0x0010e5f0                __dtor_end = .
                0x0010e5f0                . = ALIGN (0x10)
                0x0010e5f0                __rom_end__ = __dtor_end

.bss            0x002031c0     0x1504
 *(*.bss *.bss.*)
 .bss.ready_queue_first
                0x002031c0       0x10 build/kernel/task.o
 .bss.ready_primap
                0x002031d0        0x2 build/kernel/task.o
 *fill*         0x002031d2        0x2 00
 .bss.ready_queue_last
                0x002031d4       0x10 build/kernel/task.o
 .bss._stack_MoveTask
                0x002031e4      0x200 build/./kernel_cfg.o
 .bss._stack_nxtcar
                0x002033e4      0x200 build/./kernel_cfg.o
 .bss._stack_StopTask
                0x002035e4      0x200 build/./kernel_cfg.o
 .bss.lcd.2717  0x002037e4      0x320 build/ecrobot_base.o
 .bss.status_bar_position
                0x00203b04        0x4 build/ecrobot_base.o
 .bss.last_act_time.2795
                0x00203b08        0x4 build/ecrobot_base.o
 .bss.status_bar
                0x00203b0c       0x10 build/ecrobot_base.o
 .bss.OS_flag   0x00203b1c        0x4 build/ecrobot_base.o
 .bss.sDControl
                0x00203b20        0x8 build/follower.o
                0x00203b20                sDControl
 .bss.sPControl
                0x00203b28        0x8 build/follower.o
                0x00203b28                sPControl
 .bss.lrDControl
                0x00203b30        0x8 build/follower.o
                0x00203b30                lrDControl
 .bss.lrKi      0x00203b38        0x4 build/follower.o
                0x00203b38                lrKi
 .bss.count     0x00203b3c        0x4 build/follower.o
                0x00203b3c                count
 .bss.distance1
                0x00203b40       0x28 build/follower.o
                0x00203b40                distance1
 .bss.distance2
                0x00203b68       0x28 build/follower.o
                0x00203b68                distance2
 .bss.mdistance1
                0x00203b90        0x4 build/follower.o
                0x00203b90                mdistance1
 .bss.mdistance2
                0x00203b94        0x4 build/follower.o
                0x00203b94                mdistance2
 .bss.sIControl
                0x00203b98        0x8 build/follower.o
                0x00203b98                sIControl
 .bss.current   0x00203ba0        0x4 build/follower.o
                0x00203ba0                current
 .bss.lrPControl
                0x00203ba4        0x8 build/follower.o
                0x00203ba4                lrPControl
 .bss.sKi       0x00203bac        0x4 build/follower.o
                0x00203bac                sKi
 .bss.lrIControl
                0x00203bb0        0x8 build/follower.o
                0x00203bb0                lrIControl
 .bss.buttons_i
                0x00203bb8        0x4 /home/osek/nxtOSEK/ecrobot/../ecrobot/libecrobot.a(ecrobot_interface.o)
 .bss.buttons_states
                0x00203bbc       0x14 /home/osek/nxtOSEK/ecrobot/../ecrobot/libecrobot.a(ecrobot_interface.o)
 .bss.ecrobot_inputs
                0x00203bd0        0x8 /home/osek/nxtOSEK/ecrobot/../ecrobot/libecrobot.a(ecrobot_interface.o)
 .bss.systick_ms
                0x00203bd8        0x4 /home/osek/nxtOSEK/ecrobot/../ecrobot/libecrobot.a(systick.oram)
 .bss.delayedEnable
                0x00203bdc        0x1 /home/osek/nxtOSEK/ecrobot/../ecrobot/libecrobot.a(udp.oram)
 *fill*         0x00203bdd        0x3 00
 .bss.outCnt    0x00203be0        0x4 /home/osek/nxtOSEK/ecrobot/../ecrobot/libecrobot.a(udp.oram)
 .bss.outPtr    0x00203be4        0x4 /home/osek/nxtOSEK/ecrobot/../ecrobot/libecrobot.a(udp.oram)
 .bss.newAddress
                0x00203be8        0x4 /home/osek/nxtOSEK/ecrobot/../ecrobot/libecrobot.a(udp.oram)
 .bss.currentRxBank
                0x00203bec        0x4 /home/osek/nxtOSEK/ecrobot/../ecrobot/libecrobot.a(udp.oram)
 .bss.currentFeatures
                0x00203bf0        0x4 /home/osek/nxtOSEK/ecrobot/../ecrobot/libecrobot.a(udp.oram)
 .bss.currentConfig
                0x00203bf4        0x1 /home/osek/nxtOSEK/ecrobot/../ecrobot/libecrobot.a(udp.oram)
 *fill*         0x00203bf5        0x3 00
 .bss.twi_mask  0x00203bf8        0x4 /home/osek/nxtOSEK/ecrobot/../ecrobot/libecrobot.a(twi.oram)
 .bss.twi_ptr   0x00203bfc        0x4 /home/osek/nxtOSEK/ecrobot/../ecrobot/libecrobot.a(twi.oram)
 .bss.twi_pending
                0x00203c00        0x4 /home/osek/nxtOSEK/ecrobot/../ecrobot/libecrobot.a(twi.oram)
 .bss.twi_state
                0x00203c04        0x4 /home/osek/nxtOSEK/ecrobot/../ecrobot/libecrobot.a(twi.oram)
 .bss.page      0x00203c08        0x1 /home/osek/nxtOSEK/ecrobot/../ecrobot/libecrobot.a(nxt_spi.oram)
                0x00203c08                page
 .bss.dirty     0x00203c09        0x1 /home/osek/nxtOSEK/ecrobot/../ecrobot/libecrobot.a(nxt_spi.oram)
                0x00203c09                dirty
 *fill*         0x00203c0a        0x2 00
 .bss.display   0x00203c0c        0x4 /home/osek/nxtOSEK/ecrobot/../ecrobot/libecrobot.a(nxt_spi.oram)
                0x00203c0c                display
 .bss.interrupts_this_period
                0x00203c10        0x4 /home/osek/nxtOSEK/ecrobot/../ecrobot/libecrobot.a(nxt_motors.oram)
 .bss.nxt_motor_initialised
                0x00203c14        0x4 /home/osek/nxtOSEK/ecrobot/../ecrobot/libecrobot.a(nxt_motors.oram)
 .bss.motor     0x00203c18       0x30 /home/osek/nxtOSEK/ecrobot/../ecrobot/libecrobot.a(nxt_motors.oram)
 .bss.display_tick
                0x00203c48        0x4 /home/osek/nxtOSEK/ecrobot/../ecrobot/libecrobot.a(display.oram)
                0x00203c48                display_tick
 .bss.display_array
                0x00203c4c      0x388 /home/osek/nxtOSEK/ecrobot/../ecrobot/libecrobot.a(display.oram)
 .bss.i2c_int_count
                0x00203fd4        0x4 /home/osek/nxtOSEK/ecrobot/../ecrobot/libecrobot.a(i2c.oram)
 .bss.i2c_port  0x00203fd8      0x170 /home/osek/nxtOSEK/ecrobot/../ecrobot/libecrobot.a(i2c.oram)
 .bss.sound_mode
                0x00204148        0x1 /home/osek/nxtOSEK/ecrobot/../ecrobot/libecrobot.a(sound.oram)
                0x00204148                sound_mode
 *fill*         0x00204149        0x3 00
 .bss.in_buf_idx
                0x0020414c        0x4 /home/osek/nxtOSEK/ecrobot/../ecrobot/libecrobot.a(bt.oram)
 .bss.buf_ptr   0x00204150        0x4 /home/osek/nxtOSEK/ecrobot/../ecrobot/libecrobot.a(bt.oram)
 .bss.out_buf_ptr
                0x00204154        0x1 /home/osek/nxtOSEK/ecrobot/../ecrobot/libecrobot.a(bt.oram)
 .bss.in_buf_in_ptr
                0x00204155        0x1 /home/osek/nxtOSEK/ecrobot/../ecrobot/libecrobot.a(bt.oram)
 .bss.in_buf    0x00204156      0x100 /home/osek/nxtOSEK/ecrobot/../ecrobot/libecrobot.a(bt.oram)
 *fill*         0x00204256        0x2 00
 .bss.link_state
                0x00204258        0x4 /home/osek/nxtOSEK/ecrobot/../ecrobot/libecrobot.a(nxt_avr.oram)
 .bss.update_count
                0x0020425c        0x4 /home/osek/nxtOSEK/ecrobot/../ecrobot/libecrobot.a(nxt_avr.oram)
 .bss.nxt_avr_stats
                0x00204260       0x14 /home/osek/nxtOSEK/ecrobot/../ecrobot/libecrobot.a(nxt_avr.oram)
 .bss.debounce_cnt
                0x00204274        0x2 /home/osek/nxtOSEK/ecrobot/../ecrobot/libecrobot.a(nxt_avr.oram)
 .bss.debounce_state
                0x00204276        0x2 /home/osek/nxtOSEK/ecrobot/../ecrobot/libecrobot.a(nxt_avr.oram)
 .bss.button_state
                0x00204278        0x2 /home/osek/nxtOSEK/ecrobot/../ecrobot/libecrobot.a(nxt_avr.oram)
 .bss.prev_buttons
                0x0020427a        0x2 /home/osek/nxtOSEK/ecrobot/../ecrobot/libecrobot.a(nxt_avr.oram)
 .bss.from_buf  0x0020427c        0x4 /home/osek/nxtOSEK/ecrobot/../ecrobot/libecrobot.a(nxt_avr.oram)
 .bss.io_from_avr
                0x00204280        0x4 /home/osek/nxtOSEK/ecrobot/../ecrobot/libecrobot.a(nxt_avr.oram)
 .bss.data_from_avr
                0x00204284       0x1a /home/osek/nxtOSEK/ecrobot/../ecrobot/libecrobot.a(nxt_avr.oram)
 .bss.data_to_avr
                0x0020429e        0x9 /home/osek/nxtOSEK/ecrobot/../ecrobot/libecrobot.a(nxt_avr.oram)
 .bss.io_to_avr
                0x002042a7        0x8 /home/osek/nxtOSEK/ecrobot/../ecrobot/libecrobot.a(nxt_avr.oram)
 *fill*         0x002042af        0x1 00
 .bss.display   0x002042b0        0x4 /home/osek/nxtOSEK/ecrobot/../ecrobot/libecrobot.a(nxt_lcd.oram)
                0x002042c0                . = ALIGN (0x10)
 *fill*         0x002042b4        0xc 00
                0x002042c0                __bss_end__ = .
 COMMON         0x002042c0        0x2 build/kernel/interrupt.o
                0x002042c0                runisr
                0x002042c1                sus_all_cnt
 *fill*         0x002042c2        0x2 00
 COMMON         0x002042c4       0x10 build/kernel/osctl.o
                0x002042c4                callevel
                0x002042c5                _errorhook_svcid
                0x002042c6                appmode
                0x002042c8                _errorhook_par1
                0x002042cc                _errorhook_par3
                0x002042d0                _errorhook_par2
 COMMON         0x002042d4        0x3 build/kernel/task.o
                0x002042d4                runtsk
                0x002042d5                schedtsk
                0x002042d6                nextpri
 *fill*         0x002042d7        0x1 00
 COMMON         0x002042d8       0x60 build/./kernel_cfg.o
                0x002042d8                tcb_waievt
                0x002042e0                rescb_prevpri
                0x002042e4                almcb_prev
                0x002042e8                tcb_lastres
                0x002042ec                almcb_almval
                0x002042f0                tcxb_pc
                0x002042fc                tcb_next
                0x00204300                tcb_curpri
                0x00204304                tcb_tstat
                0x00204308                isrcb_lastres
                0x0020430c                cntcb_almque
                0x00204310                rescb_prevres
                0x00204314                tcb_actcnt
                0x00204318                tcb_curevt
                0x00204320                almcb_cycle
                0x00204324                tcxb_sp
                0x00204330                almcb_next
                0x00204334                cntcb_curval
 COMMON         0x00204338       0x20 build/follower.o
                0x00204338                sError
                0x0020433c                lrPIDControl
                0x00204344                lrErrorPrevious
                0x00204348                sPIDControl
                0x00204350                sErrorPrevious
                0x00204354                lrError
 COMMON         0x00204358       0x44 /home/osek/nxtOSEK/ecrobot/../ecrobot/libecrobot.a(uart.oram)
                0x00204358                uart
 COMMON         0x0020439c        0x4 /home/osek/nxtOSEK/ecrobot/../ecrobot/libecrobot.a(data_abort.oram)
                0x0020439c                data_abort_pc
 COMMON         0x002043a0        0x8 /home/osek/nxtOSEK/ecrobot/../ecrobot/libecrobot.a(display.oram)
                0x002043a0                display_x
                0x002043a4                display_y
 COMMON         0x002043a8      0x31c /home/osek/nxtOSEK/ecrobot/../ecrobot/libecrobot.a(sound.oram)
                0x002043a8                sample
                0x002031c0                __bss_start__ = ADDR (.bss)
                0x002046c4                __bss_end__ = (ADDR (.bss) + SIZEOF (.bss))
                0x002046c4                PROVIDE (end, .)

.heap_area      0x002046c4     0xb4b4
                0x0020fb78                . = (. + (0x20fb78 - end))
 *fill*         0x002046c4     0xb4b4 00

.stack          0x0020fb78      0x488
                0x0020fbf8                . = (. + 0x80)
 *fill*         0x0020fb78       0x80 00
                0x0020fc00                . = ALIGN (0x10)
 *fill*         0x0020fbf8        0x8 00
                0x0020fc00                __irq_stack__ = .
                0x0020fc00                __system_stack_bottom__ = .
                0x00210000                . = (. + 0x400)
 *fill*         0x0020fc00      0x400 00
                0x00210000                . = ALIGN (0x10)
                0x00210000                __system_stack__ = .
                0x00210000                __system_stack_top__ = .
                0x0020fb78                __stack_start__ = ADDR (.stack)
                0x00210000                __stack_end__ = (ADDR (.stack) + SIZEOF (.stack))
OUTPUT(follower_test_rom.elf elf32-littlearm)

.comment        0x00000000      0x1af
 .comment       0x00000000       0x11 build/kernel/alarm.o
                                 0x12 (size before relaxing)
 .comment       0x00000000       0x12 build/kernel/event.o
 .comment       0x00000000       0x12 build/kernel/interrupt.o
 .comment       0x00000000       0x12 build/kernel/osctl.o
 .comment       0x00000000       0x12 build/kernel/resource.o
 .comment       0x00000000       0x12 build/kernel/task.o
 .comment       0x00000000       0x12 build/kernel/task_manage.o
 .comment       0x00000000       0x12 build/config/at91sam7s-gnu/cpu_config.o
 .comment       0x00000000       0x12 build/config/at91sam7s-gnu/lego_nxt/sys_config.o
 .comment       0x00000000       0x12 build/./kernel_cfg.o
 .comment       0x00000000       0x12 build/syscalls.o
 .comment       0x00000000       0x12 build/ecrobot_bluetooth.o
 .comment       0x00000000       0x12 build/ecrobot_base.o
 .comment       0x00000000       0x12 build/ecrobot.o
 .comment       0x00000000       0x12 build/follower.o
 .comment       0x00000000       0x12 build/syslib/at91sam7s-gnu/lego_nxt/hw_sys_timer.oram
 .comment       0x00000011       0x12 /home/osek/nxtOSEK/ecrobot/../ecrobot/libecrobot.a(ecrobot_interface.o)
 .comment       0x00000023       0x12 /home/osek/nxtOSEK/ecrobot/../ecrobot/libecrobot.a(colorsensor.o)
 .comment       0x00000035       0x12 /home/osek/nxtOSEK/ecrobot/../ecrobot/libecrobot.a(osek_hook.o)
 .comment       0x00000047       0x12 /home/osek/nxtOSEK/ecrobot/../ecrobot/libecrobot.a(uart.oram)
 .comment       0x00000059       0x12 /home/osek/nxtOSEK/ecrobot/../ecrobot/libecrobot.a(systick.oram)
 .comment       0x0000006b       0x12 /home/osek/nxtOSEK/ecrobot/../ecrobot/libecrobot.a(byte_fifo.oram)
 .comment       0x0000007d       0x12 /home/osek/nxtOSEK/ecrobot/../ecrobot/libecrobot.a(aic.oram)
 .comment       0x0000008f       0x12 /home/osek/nxtOSEK/ecrobot/../ecrobot/libecrobot.a(udp.oram)
 .comment       0x000000a1       0x12 /home/osek/nxtOSEK/ecrobot/../ecrobot/libecrobot.a(twi.oram)
 .comment       0x000000b3       0x12 /home/osek/nxtOSEK/ecrobot/../ecrobot/libecrobot.a(nxt_spi.oram)
 .comment       0x000000c5       0x12 /home/osek/nxtOSEK/ecrobot/../ecrobot/libecrobot.a(nxt_motors.oram)
 .comment       0x000000d7       0x12 /home/osek/nxtOSEK/ecrobot/../ecrobot/libecrobot.a(data_abort.oram)
 .comment       0x000000e9       0x12 /home/osek/nxtOSEK/ecrobot/../ecrobot/libecrobot.a(display.oram)
 .comment       0x000000fb       0x12 /home/osek/nxtOSEK/ecrobot/../ecrobot/libecrobot.a(i2c.oram)
 .comment       0x0000010d       0x12 /home/osek/nxtOSEK/ecrobot/../ecrobot/libecrobot.a(sound.oram)
 .comment       0x0000011f       0x12 /home/osek/nxtOSEK/ecrobot/../ecrobot/libecrobot.a(bt.oram)
 .comment       0x00000131       0x12 /home/osek/nxtOSEK/ecrobot/../ecrobot/libecrobot.a(nxt_avr.oram)
 .comment       0x00000143       0x12 /home/osek/nxtOSEK/ecrobot/../ecrobot/libecrobot.a(sensors.oram)
 .comment       0x00000155       0x12 /home/osek/nxtOSEK/ecrobot/../ecrobot/libecrobot.a(sensors1.oram)
 .comment       0x00000167       0x12 /home/osek/nxtOSEK/ecrobot/../ecrobot/libecrobot.a(nxt_lcd.oram)
 .comment       0x00000179       0x12 /home/osek/nxtOSEK/ecrobot/../ecrobot/libecrobot.a(flash_loader.oram)
 .comment       0x0000018b       0x12 /home/osek/nxtOSEK/ecrobot/../ecrobot/libecrobot.a(ecrobot_usb.o)
 .comment       0x0000019d       0x12 /home/osek/nxtOSEK/ecrobot/../ecrobot/libecrobot.a(flashprog.oram)
 .comment       0x00000000       0x12 /home/osek/gnuarm/lib/gcc/arm-elf/4.4.2/thumb/interwork/libgcc.a(_muldi3.o)
 .comment       0x00000000       0x12 /home/osek/gnuarm/lib/gcc/arm-elf/4.4.2/thumb/interwork/libgcc.a(_divdi3.o)
 .comment       0x00000000       0x12 /home/osek/gnuarm/lib/gcc/arm-elf/4.4.2/../../../../arm-elf/lib/thumb/interwork/libc.a(lib_a-memcpy.o)
 .comment       0x00000000       0x12 /home/osek/gnuarm/lib/gcc/arm-elf/4.4.2/../../../../arm-elf/lib/thumb/interwork/libc.a(lib_a-memset.o)
 .comment       0x00000000       0x12 /home/osek/gnuarm/lib/gcc/arm-elf/4.4.2/../../../../arm-elf/lib/thumb/interwork/libc.a(lib_a-strcmp.o)
 .comment       0x00000000       0x12 /home/osek/gnuarm/lib/gcc/arm-elf/4.4.2/../../../../arm-elf/lib/thumb/interwork/libc.a(lib_a-strcpy.o)
 .comment       0x00000000       0x12 /home/osek/gnuarm/lib/gcc/arm-elf/4.4.2/../../../../arm-elf/lib/thumb/interwork/libc.a(lib_a-strlen.o)
 .comment       0x00000000       0x12 /home/osek/gnuarm/lib/gcc/arm-elf/4.4.2/../../../../arm-elf/lib/thumb/interwork/libc.a(lib_a-strncpy.o)

.ARM.attributes
                0x00000000       0x10
 .ARM.attributes
                0x00000000       0x10 build/kernel/alarm.o
 .ARM.attributes
                0x00000010       0x10 build/kernel/event.o
 .ARM.attributes
                0x00000020       0x10 build/kernel/interrupt.o
 .ARM.attributes
                0x00000030       0x10 build/kernel/osctl.o
 .ARM.attributes
                0x00000040       0x10 build/kernel/resource.o
 .ARM.attributes
                0x00000050       0x10 build/kernel/task.o
 .ARM.attributes
                0x00000060       0x10 build/kernel/task_manage.o
 .ARM.attributes
                0x00000070       0x10 build/config/at91sam7s-gnu/cpu_config.o
 .ARM.attributes
                0x00000080       0x10 build/config/at91sam7s-gnu/lego_nxt/sys_config.o
 .ARM.attributes
                0x00000090       0x10 build/./kernel_cfg.o
 .ARM.attributes
                0x000000a0       0x10 build/syscalls.o
 .ARM.attributes
                0x000000b0       0x10 build/ecrobot_bluetooth.o
 .ARM.attributes
                0x000000c0       0x10 build/ecrobot_base.o
 .ARM.attributes
                0x000000d0       0x10 build/ecrobot.o
 .ARM.attributes
                0x000000e0       0x10 build/follower.o
 .ARM.attributes
                0x000000f0       0x10 build/syslib/at91sam7s-gnu/lego_nxt/hw_sys_timer.oram
 .ARM.attributes
                0x00000100       0x10 build/nxtvm/platform/nxt/vectors.o
 .ARM.attributes
                0x00000110       0x10 build/config/at91sam7s-gnu/debug.o
 .ARM.attributes
                0x00000120       0x10 build/config/at91sam7s-gnu/lego_nxt/sys_support.o
 .ARM.attributes
                0x00000130       0x10 build/nxt_binary_header.o
 .ARM.attributes
                0x00000140       0x10 build/nxt_entry_point.o
 .ARM.attributes
                0x00000150       0x10 build/ecrobot_init.o
 .ARM.attributes
                0x00000160       0x10 build/config/at91sam7s-gnu/cpu_support.oram
 .ARM.attributes
                0x00000170       0x10 build/config/at91sam7s-gnu/irq.oram
 .ARM.attributes
                0x00000180       0x10 /home/osek/gnuarm/lib/gcc/arm-elf/4.4.2/thumb/interwork/libgcc.a(_udivsi3.o)
 .ARM.attributes
                0x00000190       0x10 /home/osek/gnuarm/lib/gcc/arm-elf/4.4.2/thumb/interwork/libgcc.a(_divsi3.o)
 .ARM.attributes
                0x000001a0       0x10 /home/osek/gnuarm/lib/gcc/arm-elf/4.4.2/thumb/interwork/libgcc.a(_umodsi3.o)
 .ARM.attributes
                0x000001b0       0x10 /home/osek/gnuarm/lib/gcc/arm-elf/4.4.2/thumb/interwork/libgcc.a(_modsi3.o)
 .ARM.attributes
                0x000001c0       0x10 /home/osek/gnuarm/lib/gcc/arm-elf/4.4.2/thumb/interwork/libgcc.a(_dvmd_tls.o)
 .ARM.attributes
                0x000001d0       0x10 /home/osek/gnuarm/lib/gcc/arm-elf/4.4.2/thumb/interwork/libgcc.a(_arm_addsubdf3.o)
 .ARM.attributes
                0x000001e0       0x10 /home/osek/gnuarm/lib/gcc/arm-elf/4.4.2/thumb/interwork/libgcc.a(_arm_muldivdf3.o)
 .ARM.attributes
                0x000001f0       0x10 /home/osek/gnuarm/lib/gcc/arm-elf/4.4.2/thumb/interwork/libgcc.a(_arm_cmpdf2.o)
 .ARM.attributes
                0x00000200       0x10 /home/osek/gnuarm/lib/gcc/arm-elf/4.4.2/thumb/interwork/libgcc.a(_arm_fixdfsi.o)
 .ARM.attributes
                0x00000210       0x10 /home/osek/gnuarm/lib/gcc/arm-elf/4.4.2/thumb/interwork/libgcc.a(_arm_truncdfsf2.o)
 .ARM.attributes
                0x00000220       0x10 /home/osek/gnuarm/lib/gcc/arm-elf/4.4.2/thumb/interwork/libgcc.a(_arm_addsubsf3.o)
 .ARM.attributes
                0x00000230       0x10 /home/osek/gnuarm/lib/gcc/arm-elf/4.4.2/thumb/interwork/libgcc.a(_arm_muldivsf3.o)
 .ARM.attributes
                0x00000240       0x10 /home/osek/gnuarm/lib/gcc/arm-elf/4.4.2/thumb/interwork/libgcc.a(_muldi3.o)
 .ARM.attributes
                0x00000250       0x10 /home/osek/gnuarm/lib/gcc/arm-elf/4.4.2/thumb/interwork/libgcc.a(_divdi3.o)
 .ARM.attributes
                0x00000260       0x10 /home/osek/gnuarm/lib/gcc/arm-elf/4.4.2/thumb/interwork/libgcc.a(_clzsi2.o)
 .ARM.attributes
                0x00000270       0x10 /home/osek/gnuarm/lib/gcc/arm-elf/4.4.2/../../../../arm-elf/lib/thumb/interwork/libc.a(lib_a-memcpy.o)
 .ARM.attributes
                0x00000280       0x10 /home/osek/gnuarm/lib/gcc/arm-elf/4.4.2/../../../../arm-elf/lib/thumb/interwork/libc.a(lib_a-memset.o)
 .ARM.attributes
                0x00000290       0x10 /home/osek/gnuarm/lib/gcc/arm-elf/4.4.2/../../../../arm-elf/lib/thumb/interwork/libc.a(lib_a-strcmp.o)
 .ARM.attributes
                0x000002a0       0x10 /home/osek/gnuarm/lib/gcc/arm-elf/4.4.2/../../../../arm-elf/lib/thumb/interwork/libc.a(lib_a-strcpy.o)
 .ARM.attributes
                0x000002b0       0x10 /home/osek/gnuarm/lib/gcc/arm-elf/4.4.2/../../../../arm-elf/lib/thumb/interwork/libc.a(lib_a-strlen.o)
 .ARM.attributes
                0x000002c0       0x10 /home/osek/gnuarm/lib/gcc/arm-elf/4.4.2/../../../../arm-elf/lib/thumb/interwork/libc.a(lib_a-strncpy.o)
 .ARM.attributes
                0x000002d0       0x10 build/nxtvm/platform/nxt/vectors.o

.debug_frame    0x00000000       0xa0
 .debug_frame   0x00000000       0x28 /home/osek/gnuarm/lib/gcc/arm-elf/4.4.2/thumb/interwork/libgcc.a(_udivsi3.o)
 .debug_frame   0x00000028       0x28 /home/osek/gnuarm/lib/gcc/arm-elf/4.4.2/thumb/interwork/libgcc.a(_divsi3.o)
 .debug_frame   0x00000050       0x28 /home/osek/gnuarm/lib/gcc/arm-elf/4.4.2/thumb/interwork/libgcc.a(_umodsi3.o)
 .debug_frame   0x00000078       0x28 /home/osek/gnuarm/lib/gcc/arm-elf/4.4.2/thumb/interwork/libgcc.a(_modsi3.o)

.debug_line     0x00000000     0x111c
 .debug_line    0x00000000       0x86 /home/osek/gnuarm/lib/gcc/arm-elf/4.4.2/thumb/interwork/libgcc.a(_udivsi3.o)
 .debug_line    0x00000086       0x92 /home/osek/gnuarm/lib/gcc/arm-elf/4.4.2/thumb/interwork/libgcc.a(_divsi3.o)
 .debug_line    0x00000118       0x7e /home/osek/gnuarm/lib/gcc/arm-elf/4.4.2/thumb/interwork/libgcc.a(_umodsi3.o)
 .debug_line    0x00000196       0x87 /home/osek/gnuarm/lib/gcc/arm-elf/4.4.2/thumb/interwork/libgcc.a(_modsi3.o)
 .debug_line    0x0000021d       0x70 /home/osek/gnuarm/lib/gcc/arm-elf/4.4.2/thumb/interwork/libgcc.a(_dvmd_tls.o)
 .debug_line    0x0000028d      0x178 /home/osek/gnuarm/lib/gcc/arm-elf/4.4.2/thumb/interwork/libgcc.a(_arm_addsubdf3.o)
 .debug_line    0x00000405      0x18d /home/osek/gnuarm/lib/gcc/arm-elf/4.4.2/thumb/interwork/libgcc.a(_arm_muldivdf3.o)
 .debug_line    0x00000592       0xba /home/osek/gnuarm/lib/gcc/arm-elf/4.4.2/thumb/interwork/libgcc.a(_arm_cmpdf2.o)
 .debug_line    0x0000064c       0x85 /home/osek/gnuarm/lib/gcc/arm-elf/4.4.2/thumb/interwork/libgcc.a(_arm_fixdfsi.o)
 .debug_line    0x000006d1       0x96 /home/osek/gnuarm/lib/gcc/arm-elf/4.4.2/thumb/interwork/libgcc.a(_arm_truncdfsf2.o)
 .debug_line    0x00000767      0x126 /home/osek/gnuarm/lib/gcc/arm-elf/4.4.2/thumb/interwork/libgcc.a(_arm_addsubsf3.o)
 .debug_line    0x0000088d      0x130 /home/osek/gnuarm/lib/gcc/arm-elf/4.4.2/thumb/interwork/libgcc.a(_arm_muldivsf3.o)
 .debug_line    0x000009bd       0x7b /home/osek/gnuarm/lib/gcc/arm-elf/4.4.2/thumb/interwork/libgcc.a(_muldi3.o)
 .debug_line    0x00000a38       0xdc /home/osek/gnuarm/lib/gcc/arm-elf/4.4.2/thumb/interwork/libgcc.a(_divdi3.o)
 .debug_line    0x00000b14       0x7d /home/osek/gnuarm/lib/gcc/arm-elf/4.4.2/thumb/interwork/libgcc.a(_clzsi2.o)
 .debug_line    0x00000b91      0x129 /home/osek/gnuarm/lib/gcc/arm-elf/4.4.2/../../../../arm-elf/lib/thumb/interwork/libc.a(lib_a-memcpy.o)
 .debug_line    0x00000cba      0x124 /home/osek/gnuarm/lib/gcc/arm-elf/4.4.2/../../../../arm-elf/lib/thumb/interwork/libc.a(lib_a-memset.o)
 .debug_line    0x00000dde       0xab /home/osek/gnuarm/lib/gcc/arm-elf/4.4.2/../../../../arm-elf/lib/thumb/interwork/libc.a(lib_a-strcmp.o)
 .debug_line    0x00000e89       0xab /home/osek/gnuarm/lib/gcc/arm-elf/4.4.2/../../../../arm-elf/lib/thumb/interwork/libc.a(lib_a-strcpy.o)
 .debug_line    0x00000f34       0xea /home/osek/gnuarm/lib/gcc/arm-elf/4.4.2/../../../../arm-elf/lib/thumb/interwork/libc.a(lib_a-strlen.o)
 .debug_line    0x0000101e       0xfe /home/osek/gnuarm/lib/gcc/arm-elf/4.4.2/../../../../arm-elf/lib/thumb/interwork/libc.a(lib_a-strncpy.o)

.debug_info     0x00000000     0x164e
 .debug_info    0x00000000       0xa2 /home/osek/gnuarm/lib/gcc/arm-elf/4.4.2/thumb/interwork/libgcc.a(_udivsi3.o)
 .debug_info    0x000000a2       0xa2 /home/osek/gnuarm/lib/gcc/arm-elf/4.4.2/thumb/interwork/libgcc.a(_divsi3.o)
 .debug_info    0x00000144       0xa2 /home/osek/gnuarm/lib/gcc/arm-elf/4.4.2/thumb/interwork/libgcc.a(_umodsi3.o)
 .debug_info    0x000001e6       0xa2 /home/osek/gnuarm/lib/gcc/arm-elf/4.4.2/thumb/interwork/libgcc.a(_modsi3.o)
 .debug_info    0x00000288       0xa2 /home/osek/gnuarm/lib/gcc/arm-elf/4.4.2/thumb/interwork/libgcc.a(_dvmd_tls.o)
 .debug_info    0x0000032a       0xa1 /home/osek/gnuarm/lib/gcc/arm-elf/4.4.2/thumb/interwork/libgcc.a(_arm_addsubdf3.o)
 .debug_info    0x000003cb       0xa1 /home/osek/gnuarm/lib/gcc/arm-elf/4.4.2/thumb/interwork/libgcc.a(_arm_muldivdf3.o)
 .debug_info    0x0000046c       0xa1 /home/osek/gnuarm/lib/gcc/arm-elf/4.4.2/thumb/interwork/libgcc.a(_arm_cmpdf2.o)
 .debug_info    0x0000050d       0xa1 /home/osek/gnuarm/lib/gcc/arm-elf/4.4.2/thumb/interwork/libgcc.a(_arm_fixdfsi.o)
 .debug_info    0x000005ae       0xa1 /home/osek/gnuarm/lib/gcc/arm-elf/4.4.2/thumb/interwork/libgcc.a(_arm_truncdfsf2.o)
 .debug_info    0x0000064f       0xa1 /home/osek/gnuarm/lib/gcc/arm-elf/4.4.2/thumb/interwork/libgcc.a(_arm_addsubsf3.o)
 .debug_info    0x000006f0       0xa1 /home/osek/gnuarm/lib/gcc/arm-elf/4.4.2/thumb/interwork/libgcc.a(_arm_muldivsf3.o)
 .debug_info    0x00000791      0x20e /home/osek/gnuarm/lib/gcc/arm-elf/4.4.2/thumb/interwork/libgcc.a(_muldi3.o)
 .debug_info    0x0000099f      0x669 /home/osek/gnuarm/lib/gcc/arm-elf/4.4.2/thumb/interwork/libgcc.a(_divdi3.o)
 .debug_info    0x00001008       0xa2 /home/osek/gnuarm/lib/gcc/arm-elf/4.4.2/thumb/interwork/libgcc.a(_clzsi2.o)
 .debug_info    0x000010aa      0x13e /home/osek/gnuarm/lib/gcc/arm-elf/4.4.2/../../../../arm-elf/lib/thumb/interwork/libc.a(lib_a-memcpy.o)
 .debug_info    0x000011e8      0x111 /home/osek/gnuarm/lib/gcc/arm-elf/4.4.2/../../../../arm-elf/lib/thumb/interwork/libc.a(lib_a-memset.o)
 .debug_info    0x000012f9       0xaf /home/osek/gnuarm/lib/gcc/arm-elf/4.4.2/../../../../arm-elf/lib/thumb/interwork/libc.a(lib_a-strcmp.o)
 .debug_info    0x000013a8       0xb7 /home/osek/gnuarm/lib/gcc/arm-elf/4.4.2/../../../../arm-elf/lib/thumb/interwork/libc.a(lib_a-strcpy.o)
 .debug_info    0x0000145f       0xcb /home/osek/gnuarm/lib/gcc/arm-elf/4.4.2/../../../../arm-elf/lib/thumb/interwork/libc.a(lib_a-strlen.o)
 .debug_info    0x0000152a      0x124 /home/osek/gnuarm/lib/gcc/arm-elf/4.4.2/../../../../arm-elf/lib/thumb/interwork/libc.a(lib_a-strncpy.o)

.debug_abbrev   0x00000000      0x6c4
 .debug_abbrev  0x00000000       0x14 /home/osek/gnuarm/lib/gcc/arm-elf/4.4.2/thumb/interwork/libgcc.a(_udivsi3.o)
 .debug_abbrev  0x00000014       0x14 /home/osek/gnuarm/lib/gcc/arm-elf/4.4.2/thumb/interwork/libgcc.a(_divsi3.o)
 .debug_abbrev  0x00000028       0x14 /home/osek/gnuarm/lib/gcc/arm-elf/4.4.2/thumb/interwork/libgcc.a(_umodsi3.o)
 .debug_abbrev  0x0000003c       0x14 /home/osek/gnuarm/lib/gcc/arm-elf/4.4.2/thumb/interwork/libgcc.a(_modsi3.o)
 .debug_abbrev  0x00000050       0x14 /home/osek/gnuarm/lib/gcc/arm-elf/4.4.2/thumb/interwork/libgcc.a(_dvmd_tls.o)
 .debug_abbrev  0x00000064       0x14 /home/osek/gnuarm/lib/gcc/arm-elf/4.4.2/thumb/interwork/libgcc.a(_arm_addsubdf3.o)
 .debug_abbrev  0x00000078       0x14 /home/osek/gnuarm/lib/gcc/arm-elf/4.4.2/thumb/interwork/libgcc.a(_arm_muldivdf3.o)
 .debug_abbrev  0x0000008c       0x14 /home/osek/gnuarm/lib/gcc/arm-elf/4.4.2/thumb/interwork/libgcc.a(_arm_cmpdf2.o)
 .debug_abbrev  0x000000a0       0x14 /home/osek/gnuarm/lib/gcc/arm-elf/4.4.2/thumb/interwork/libgcc.a(_arm_fixdfsi.o)
 .debug_abbrev  0x000000b4       0x14 /home/osek/gnuarm/lib/gcc/arm-elf/4.4.2/thumb/interwork/libgcc.a(_arm_truncdfsf2.o)
 .debug_abbrev  0x000000c8       0x14 /home/osek/gnuarm/lib/gcc/arm-elf/4.4.2/thumb/interwork/libgcc.a(_arm_addsubsf3.o)
 .debug_abbrev  0x000000dc       0x14 /home/osek/gnuarm/lib/gcc/arm-elf/4.4.2/thumb/interwork/libgcc.a(_arm_muldivsf3.o)
 .debug_abbrev  0x000000f0       0xf5 /home/osek/gnuarm/lib/gcc/arm-elf/4.4.2/thumb/interwork/libgcc.a(_muldi3.o)
 .debug_abbrev  0x000001e5      0x169 /home/osek/gnuarm/lib/gcc/arm-elf/4.4.2/thumb/interwork/libgcc.a(_divdi3.o)
 .debug_abbrev  0x0000034e       0x14 /home/osek/gnuarm/lib/gcc/arm-elf/4.4.2/thumb/interwork/libgcc.a(_clzsi2.o)
 .debug_abbrev  0x00000362       0xa0 /home/osek/gnuarm/lib/gcc/arm-elf/4.4.2/../../../../arm-elf/lib/thumb/interwork/libc.a(lib_a-memcpy.o)
 .debug_abbrev  0x00000402       0xa1 /home/osek/gnuarm/lib/gcc/arm-elf/4.4.2/../../../../arm-elf/lib/thumb/interwork/libc.a(lib_a-memset.o)
 .debug_abbrev  0x000004a3       0x76 /home/osek/gnuarm/lib/gcc/arm-elf/4.4.2/../../../../arm-elf/lib/thumb/interwork/libc.a(lib_a-strcmp.o)
 .debug_abbrev  0x00000519       0x76 /home/osek/gnuarm/lib/gcc/arm-elf/4.4.2/../../../../arm-elf/lib/thumb/interwork/libc.a(lib_a-strcpy.o)
 .debug_abbrev  0x0000058f       0x92 /home/osek/gnuarm/lib/gcc/arm-elf/4.4.2/../../../../arm-elf/lib/thumb/interwork/libc.a(lib_a-strlen.o)
 .debug_abbrev  0x00000621       0xa3 /home/osek/gnuarm/lib/gcc/arm-elf/4.4.2/../../../../arm-elf/lib/thumb/interwork/libc.a(lib_a-strncpy.o)

.debug_aranges  0x00000000      0x2a0
 .debug_aranges
                0x00000000       0x20 /home/osek/gnuarm/lib/gcc/arm-elf/4.4.2/thumb/interwork/libgcc.a(_udivsi3.o)
 .debug_aranges
                0x00000020       0x20 /home/osek/gnuarm/lib/gcc/arm-elf/4.4.2/thumb/interwork/libgcc.a(_divsi3.o)
 .debug_aranges
                0x00000040       0x20 /home/osek/gnuarm/lib/gcc/arm-elf/4.4.2/thumb/interwork/libgcc.a(_umodsi3.o)
 .debug_aranges
                0x00000060       0x20 /home/osek/gnuarm/lib/gcc/arm-elf/4.4.2/thumb/interwork/libgcc.a(_modsi3.o)
 .debug_aranges
                0x00000080       0x20 /home/osek/gnuarm/lib/gcc/arm-elf/4.4.2/thumb/interwork/libgcc.a(_dvmd_tls.o)
 .debug_aranges
                0x000000a0       0x20 /home/osek/gnuarm/lib/gcc/arm-elf/4.4.2/thumb/interwork/libgcc.a(_arm_addsubdf3.o)
 .debug_aranges
                0x000000c0       0x20 /home/osek/gnuarm/lib/gcc/arm-elf/4.4.2/thumb/interwork/libgcc.a(_arm_muldivdf3.o)
 .debug_aranges
                0x000000e0       0x20 /home/osek/gnuarm/lib/gcc/arm-elf/4.4.2/thumb/interwork/libgcc.a(_arm_cmpdf2.o)
 .debug_aranges
                0x00000100       0x20 /home/osek/gnuarm/lib/gcc/arm-elf/4.4.2/thumb/interwork/libgcc.a(_arm_fixdfsi.o)
 .debug_aranges
                0x00000120       0x20 /home/osek/gnuarm/lib/gcc/arm-elf/4.4.2/thumb/interwork/libgcc.a(_arm_truncdfsf2.o)
 .debug_aranges
                0x00000140       0x20 /home/osek/gnuarm/lib/gcc/arm-elf/4.4.2/thumb/interwork/libgcc.a(_arm_addsubsf3.o)
 .debug_aranges
                0x00000160       0x20 /home/osek/gnuarm/lib/gcc/arm-elf/4.4.2/thumb/interwork/libgcc.a(_arm_muldivsf3.o)
 .debug_aranges
                0x00000180       0x20 /home/osek/gnuarm/lib/gcc/arm-elf/4.4.2/thumb/interwork/libgcc.a(_muldi3.o)
 .debug_aranges
                0x000001a0       0x20 /home/osek/gnuarm/lib/gcc/arm-elf/4.4.2/thumb/interwork/libgcc.a(_divdi3.o)
 .debug_aranges
                0x000001c0       0x20 /home/osek/gnuarm/lib/gcc/arm-elf/4.4.2/thumb/interwork/libgcc.a(_clzsi2.o)
 .debug_aranges
                0x000001e0       0x20 /home/osek/gnuarm/lib/gcc/arm-elf/4.4.2/../../../../arm-elf/lib/thumb/interwork/libc.a(lib_a-memcpy.o)
 .debug_aranges
                0x00000200       0x20 /home/osek/gnuarm/lib/gcc/arm-elf/4.4.2/../../../../arm-elf/lib/thumb/interwork/libc.a(lib_a-memset.o)
 .debug_aranges
                0x00000220       0x20 /home/osek/gnuarm/lib/gcc/arm-elf/4.4.2/../../../../arm-elf/lib/thumb/interwork/libc.a(lib_a-strcmp.o)
 .debug_aranges
                0x00000240       0x20 /home/osek/gnuarm/lib/gcc/arm-elf/4.4.2/../../../../arm-elf/lib/thumb/interwork/libc.a(lib_a-strcpy.o)
 .debug_aranges
                0x00000260       0x20 /home/osek/gnuarm/lib/gcc/arm-elf/4.4.2/../../../../arm-elf/lib/thumb/interwork/libc.a(lib_a-strlen.o)
 .debug_aranges
                0x00000280       0x20 /home/osek/gnuarm/lib/gcc/arm-elf/4.4.2/../../../../arm-elf/lib/thumb/interwork/libc.a(lib_a-strncpy.o)

.debug_loc      0x00000000      0xcd8
 .debug_loc     0x00000000      0x156 /home/osek/gnuarm/lib/gcc/arm-elf/4.4.2/thumb/interwork/libgcc.a(_muldi3.o)
 .debug_loc     0x00000156      0x800 /home/osek/gnuarm/lib/gcc/arm-elf/4.4.2/thumb/interwork/libgcc.a(_divdi3.o)
 .debug_loc     0x00000956      0x13b /home/osek/gnuarm/lib/gcc/arm-elf/4.4.2/../../../../arm-elf/lib/thumb/interwork/libc.a(lib_a-memcpy.o)
 .debug_loc     0x00000a91       0xfc /home/osek/gnuarm/lib/gcc/arm-elf/4.4.2/../../../../arm-elf/lib/thumb/interwork/libc.a(lib_a-memset.o)
 .debug_loc     0x00000b8d       0x13 /home/osek/gnuarm/lib/gcc/arm-elf/4.4.2/../../../../arm-elf/lib/thumb/interwork/libc.a(lib_a-strcmp.o)
 .debug_loc     0x00000ba0       0x13 /home/osek/gnuarm/lib/gcc/arm-elf/4.4.2/../../../../arm-elf/lib/thumb/interwork/libc.a(lib_a-strcpy.o)
 .debug_loc     0x00000bb3       0x26 /home/osek/gnuarm/lib/gcc/arm-elf/4.4.2/../../../../arm-elf/lib/thumb/interwork/libc.a(lib_a-strlen.o)
 .debug_loc     0x00000bd9       0xff /home/osek/gnuarm/lib/gcc/arm-elf/4.4.2/../../../../arm-elf/lib/thumb/interwork/libc.a(lib_a-strncpy.o)

.debug_pubnames
                0x00000000       0xed
 .debug_pubnames
                0x00000000       0x1f /home/osek/gnuarm/lib/gcc/arm-elf/4.4.2/thumb/interwork/libgcc.a(_muldi3.o)
 .debug_pubnames
                0x0000001f       0x1f /home/osek/gnuarm/lib/gcc/arm-elf/4.4.2/thumb/interwork/libgcc.a(_divdi3.o)
 .debug_pubnames
                0x0000003e       0x1d /home/osek/gnuarm/lib/gcc/arm-elf/4.4.2/../../../../arm-elf/lib/thumb/interwork/libc.a(lib_a-memcpy.o)
 .debug_pubnames
                0x0000005b       0x1d /home/osek/gnuarm/lib/gcc/arm-elf/4.4.2/../../../../arm-elf/lib/thumb/interwork/libc.a(lib_a-memset.o)
 .debug_pubnames
                0x00000078       0x1d /home/osek/gnuarm/lib/gcc/arm-elf/4.4.2/../../../../arm-elf/lib/thumb/interwork/libc.a(lib_a-strcmp.o)
 .debug_pubnames
                0x00000095       0x1d /home/osek/gnuarm/lib/gcc/arm-elf/4.4.2/../../../../arm-elf/lib/thumb/interwork/libc.a(lib_a-strcpy.o)
 .debug_pubnames
                0x000000b2       0x1d /home/osek/gnuarm/lib/gcc/arm-elf/4.4.2/../../../../arm-elf/lib/thumb/interwork/libc.a(lib_a-strlen.o)
 .debug_pubnames
                0x000000cf       0x1e /home/osek/gnuarm/lib/gcc/arm-elf/4.4.2/../../../../arm-elf/lib/thumb/interwork/libc.a(lib_a-strncpy.o)

.debug_ranges   0x00000000      0x120
 .debug_ranges  0x00000000       0x40 /home/osek/gnuarm/lib/gcc/arm-elf/4.4.2/thumb/interwork/libgcc.a(_muldi3.o)
 .debug_ranges  0x00000040       0xe0 /home/osek/gnuarm/lib/gcc/arm-elf/4.4.2/thumb/interwork/libgcc.a(_divdi3.o)

.debug_str      0x00000000      0x350
 .debug_str     0x00000000      0x133 /home/osek/gnuarm/lib/gcc/arm-elf/4.4.2/thumb/interwork/libgcc.a(_muldi3.o)
                                0x187 (size before relaxing)
 .debug_str     0x00000133       0x3c /home/osek/gnuarm/lib/gcc/arm-elf/4.4.2/thumb/interwork/libgcc.a(_divdi3.o)
                                0x1ba (size before relaxing)
 .debug_str     0x0000016f       0x6e /home/osek/gnuarm/lib/gcc/arm-elf/4.4.2/../../../../arm-elf/lib/thumb/interwork/libc.a(lib_a-memcpy.o)
                                0x103 (size before relaxing)
 .debug_str     0x000001dd       0x54 /home/osek/gnuarm/lib/gcc/arm-elf/4.4.2/../../../../arm-elf/lib/thumb/interwork/libc.a(lib_a-memset.o)
                                 0xf0 (size before relaxing)
 .debug_str     0x00000231       0x45 /home/osek/gnuarm/lib/gcc/arm-elf/4.4.2/../../../../arm-elf/lib/thumb/interwork/libc.a(lib_a-strcmp.o)
                                 0xda (size before relaxing)
 .debug_str     0x00000276       0x45 /home/osek/gnuarm/lib/gcc/arm-elf/4.4.2/../../../../arm-elf/lib/thumb/interwork/libc.a(lib_a-strcpy.o)
                                 0xda (size before relaxing)
 .debug_str     0x000002bb       0x4d /home/osek/gnuarm/lib/gcc/arm-elf/4.4.2/../../../../arm-elf/lib/thumb/interwork/libc.a(lib_a-strlen.o)
                                 0xe9 (size before relaxing)
 .debug_str     0x00000308       0x48 /home/osek/gnuarm/lib/gcc/arm-elf/4.4.2/../../../../arm-elf/lib/thumb/interwork/libc.a(lib_a-strncpy.o)
                                0x106 (size before relaxing)

Cross Reference Table

Symbol                                            File
ActivateTask                                      build/kernel/task_manage.o
                                                  build/./kernel_cfg.o
CancelAlarm                                       build/kernel/alarm.o
ChainTask                                         build/kernel/task_manage.o
ClearEvent                                        build/kernel/event.o
                                                  build/follower.o
DisableAllInterrupts                              build/kernel/interrupt.o
EnableAllInterrupts                               build/kernel/interrupt.o
ErrorHook                                         /home/osek/nxtOSEK/ecrobot/../ecrobot/libecrobot.a(osek_hook.o)
                                                  build/kernel/osctl.o
GetActiveApplicationMode                          build/kernel/osctl.o
GetAlarm                                          build/kernel/alarm.o
GetAlarmBase                                      build/kernel/alarm.o
GetEvent                                          build/kernel/event.o
GetResource                                       build/kernel/resource.o
GetTaskID                                         build/kernel/task_manage.o
GetTaskState                                      build/kernel/task_manage.o
MoveEvent                                         build/./kernel_cfg.o
                                                  build/follower.o
MoveTask                                          build/./kernel_cfg.o
                                                  build/follower.o
NXT_COLORSENSOR_PROTOCOLS                         /home/osek/nxtOSEK/ecrobot/../ecrobot/libecrobot.a(ecrobot_interface.o)
NXT_Entry_Point                                   build/nxt_entry_point.o
                                                  build/nxt_binary_header.o
PostTaskHook                                      /home/osek/nxtOSEK/ecrobot/../ecrobot/libecrobot.a(osek_hook.o)
                                                  build/config/at91sam7s-gnu/cpu_support.oram
                                                  build/kernel/osctl.o
PreTaskHook                                       /home/osek/nxtOSEK/ecrobot/../ecrobot/libecrobot.a(osek_hook.o)
                                                  build/config/at91sam7s-gnu/cpu_support.oram
                                                  build/kernel/osctl.o
ReleaseResource                                   build/kernel/resource.o
ResumeAllInterrupts                               build/kernel/interrupt.o
ResumeOSInterrupts                                build/kernel/interrupt.o
Schedule                                          build/kernel/task_manage.o
SetAbsAlarm                                       build/kernel/alarm.o
SetEvent                                          build/kernel/event.o
                                                  build/follower.o
SetRelAlarm                                       build/kernel/alarm.o
ShutdownHook                                      /home/osek/nxtOSEK/ecrobot/../ecrobot/libecrobot.a(osek_hook.o)
                                                  build/kernel/osctl.o
ShutdownOS                                        build/kernel/osctl.o
                                                  build/follower.o
SignalCounter                                     build/kernel/alarm.o
                                                  build/follower.o
StartOS                                           build/kernel/osctl.o
                                                  build/ecrobot.o
StartupHook                                       /home/osek/nxtOSEK/ecrobot/../ecrobot/libecrobot.a(osek_hook.o)
                                                  build/kernel/osctl.o
StopEvent                                         build/./kernel_cfg.o
                                                  build/follower.o
StopTask                                          build/./kernel_cfg.o
                                                  build/follower.o
SuspendAllInterrupts                              build/kernel/interrupt.o
SuspendOSInterrupts                               build/kernel/interrupt.o
SysTimerCnt                                       build/./kernel_cfg.o
                                                  build/follower.o
TaskMainMoveTask                                  build/follower.o
                                                  build/./kernel_cfg.o
TaskMainStopTask                                  build/follower.o
                                                  build/./kernel_cfg.o
TaskMainnxtcar                                    build/follower.o
                                                  build/./kernel_cfg.o
TerminateTask                                     build/kernel/task_manage.o
                                                  build/follower.o
Time                                              build/follower.o
WaitEvent                                         build/kernel/event.o
                                                  build/follower.o
__adddf3                                          /home/osek/gnuarm/lib/gcc/arm-elf/4.4.2/thumb/interwork/libgcc.a(_arm_addsubdf3.o)
                                                  build/follower.o
__addsf3                                          /home/osek/gnuarm/lib/gcc/arm-elf/4.4.2/thumb/interwork/libgcc.a(_arm_addsubsf3.o)
__aeabi_cdcmpeq                                   /home/osek/gnuarm/lib/gcc/arm-elf/4.4.2/thumb/interwork/libgcc.a(_arm_cmpdf2.o)
__aeabi_cdcmple                                   /home/osek/gnuarm/lib/gcc/arm-elf/4.4.2/thumb/interwork/libgcc.a(_arm_cmpdf2.o)
__aeabi_cdrcmple                                  /home/osek/gnuarm/lib/gcc/arm-elf/4.4.2/thumb/interwork/libgcc.a(_arm_cmpdf2.o)
__aeabi_d2f                                       /home/osek/gnuarm/lib/gcc/arm-elf/4.4.2/thumb/interwork/libgcc.a(_arm_truncdfsf2.o)
__aeabi_d2iz                                      /home/osek/gnuarm/lib/gcc/arm-elf/4.4.2/thumb/interwork/libgcc.a(_arm_fixdfsi.o)
__aeabi_dadd                                      /home/osek/gnuarm/lib/gcc/arm-elf/4.4.2/thumb/interwork/libgcc.a(_arm_addsubdf3.o)
__aeabi_dcmpeq                                    /home/osek/gnuarm/lib/gcc/arm-elf/4.4.2/thumb/interwork/libgcc.a(_arm_cmpdf2.o)
__aeabi_dcmpge                                    /home/osek/gnuarm/lib/gcc/arm-elf/4.4.2/thumb/interwork/libgcc.a(_arm_cmpdf2.o)
__aeabi_dcmpgt                                    /home/osek/gnuarm/lib/gcc/arm-elf/4.4.2/thumb/interwork/libgcc.a(_arm_cmpdf2.o)
__aeabi_dcmple                                    /home/osek/gnuarm/lib/gcc/arm-elf/4.4.2/thumb/interwork/libgcc.a(_arm_cmpdf2.o)
__aeabi_dcmplt                                    /home/osek/gnuarm/lib/gcc/arm-elf/4.4.2/thumb/interwork/libgcc.a(_arm_cmpdf2.o)
__aeabi_ddiv                                      /home/osek/gnuarm/lib/gcc/arm-elf/4.4.2/thumb/interwork/libgcc.a(_arm_muldivdf3.o)
__aeabi_dmul                                      /home/osek/gnuarm/lib/gcc/arm-elf/4.4.2/thumb/interwork/libgcc.a(_arm_muldivdf3.o)
__aeabi_drsub                                     /home/osek/gnuarm/lib/gcc/arm-elf/4.4.2/thumb/interwork/libgcc.a(_arm_addsubdf3.o)
__aeabi_dsub                                      /home/osek/gnuarm/lib/gcc/arm-elf/4.4.2/thumb/interwork/libgcc.a(_arm_addsubdf3.o)
__aeabi_f2d                                       /home/osek/gnuarm/lib/gcc/arm-elf/4.4.2/thumb/interwork/libgcc.a(_arm_addsubdf3.o)
__aeabi_fadd                                      /home/osek/gnuarm/lib/gcc/arm-elf/4.4.2/thumb/interwork/libgcc.a(_arm_addsubsf3.o)
__aeabi_fdiv                                      /home/osek/gnuarm/lib/gcc/arm-elf/4.4.2/thumb/interwork/libgcc.a(_arm_muldivsf3.o)
__aeabi_fmul                                      /home/osek/gnuarm/lib/gcc/arm-elf/4.4.2/thumb/interwork/libgcc.a(_arm_muldivsf3.o)
__aeabi_frsub                                     /home/osek/gnuarm/lib/gcc/arm-elf/4.4.2/thumb/interwork/libgcc.a(_arm_addsubsf3.o)
__aeabi_fsub                                      /home/osek/gnuarm/lib/gcc/arm-elf/4.4.2/thumb/interwork/libgcc.a(_arm_addsubsf3.o)
__aeabi_i2d                                       /home/osek/gnuarm/lib/gcc/arm-elf/4.4.2/thumb/interwork/libgcc.a(_arm_addsubdf3.o)
__aeabi_i2f                                       /home/osek/gnuarm/lib/gcc/arm-elf/4.4.2/thumb/interwork/libgcc.a(_arm_addsubsf3.o)
__aeabi_idiv                                      /home/osek/gnuarm/lib/gcc/arm-elf/4.4.2/thumb/interwork/libgcc.a(_divsi3.o)
__aeabi_idiv0                                     /home/osek/gnuarm/lib/gcc/arm-elf/4.4.2/thumb/interwork/libgcc.a(_dvmd_tls.o)
__aeabi_idivmod                                   /home/osek/gnuarm/lib/gcc/arm-elf/4.4.2/thumb/interwork/libgcc.a(_divsi3.o)
__aeabi_l2d                                       /home/osek/gnuarm/lib/gcc/arm-elf/4.4.2/thumb/interwork/libgcc.a(_arm_addsubdf3.o)